 index

 Timestamp is 5f36378e (Fri Aug 14 15:04:46 2020)

 Preferred load address is 0000000180000000

 Start         Length     Name                   Class
 0001:00000000 00000110H .text$di                CODE
 0001:00000110 0001d920H .text$mn                CODE
 0001:0001da30 00000020H .text$mn$00             CODE
 0001:0001da50 00000580H .text$x                 CODE
 0001:0001dfd0 0000012cH .text$yd                CODE
 0002:00000000 000002c8H .idata$5                DATA
 0002:000002c8 00000010H .00cfg                  DATA
 0002:000002d8 00000008H .CRT$XCA                DATA
 0002:000002e0 00000038H .CRT$XCC                DATA
 0002:00000318 00000010H .CRT$XCL                DATA
 0002:00000328 00000008H .CRT$XCU                DATA
 0002:00000330 00000008H .CRT$XCZ                DATA
 0002:00000338 00000008H .CRT$XIA                DATA
 0002:00000340 00000028H .CRT$XIC                DATA
 0002:00000368 00000008H .CRT$XIZ                DATA
 0002:00000370 00000008H .CRT$XPA                DATA
 0002:00000378 00000010H .CRT$XPX                DATA
 0002:00000388 00000008H .CRT$XPXA               DATA
 0002:00000390 00000008H .CRT$XPZ                DATA
 0002:00000398 00000008H .CRT$XTA                DATA
 0002:000003a0 00000010H .CRT$XTZ                DATA
 0002:000003a8 00000000H .gfids$y                DATA
 0002:000003b0 00010990H .rdata                  DATA
 0002:00010d40 00000ebcH .rdata$r                DATA
 0002:00011bfc 00000424H .rdata$zzzdbg           DATA
 0002:00012020 00000008H .rtc$IAA                DATA
 0002:00012028 00000008H .rtc$IZZ                DATA
 0002:00012030 00000008H .rtc$TAA                DATA
 0002:00012038 00000008H .rtc$TZZ                DATA
 0002:00012040 00001aa0H .xdata                  DATA
 0002:00013ae0 00000364H .xdata$x                DATA
 0002:00013e44 00000020H .didat$2                DATA
 0002:00013e64 00000024H .didat$3                DATA
 0002:00013e88 000000b0H .didat$4                DATA
 0002:00013f38 00000618H .didat$6                DATA
 0002:00014550 000000b0H .didat$7                DATA
 0002:00014600 00000050H .edata                  DATA
 0002:00014650 00000028H .idata$2                DATA
 0002:00014678 00000018H .idata$3                DATA
 0002:00014690 000002c8H .idata$4                DATA
 0002:00014958 0000065aH .idata$6                DATA
 0003:00000000 00000bb0H .data                   DATA
 0003:00000bb0 00000560H .data$r                 DATA
 0003:00001110 000000b0H .didat$5                DATA
 0003:000011c0 00001970H .bss                    DATA
 0004:00000000 00001d34H .pdata                  DATA
 0005:00000000 00000060H .rsrc$01                DATA
 0005:00000060 00000180H .rsrc$02                DATA

  Address         Publics by Value              Rva+Base               Lib:Object

 0000:00000000       __hybrid_code_map_count    0000000000000000     <absolute>
 0000:00000000       __hybrid_code_map          0000000000000000     <absolute>
 0000:00000000       __guard_iat_count          0000000000000000     <absolute>
 0000:00000000       __guard_longjmp_count      0000000000000000     <absolute>
 0000:00000000       __volatile_metadata        0000000000000000     <absolute>
 0000:00000000       __guard_longjmp_table      0000000000000000     <absolute>
 0000:00000000       __guard_iat_table          0000000000000000     <absolute>
 0000:00000000       __guard_fids_count         0000000000000000     <absolute>
 0000:00000000       ___safe_se_handler_count   0000000000000000     <absolute>
 0000:00000000       __enclave_config           0000000000000000     <absolute>
 0000:00000000       ___safe_se_handler_table   0000000000000000     <absolute>
 0000:00000000       __guard_fids_table         0000000000000000     <absolute>
 0000:00000000       __hybrid_auxiliary_iat     0000000000000000     <absolute>
 0000:00000000       __dynamic_value_reloc_table 0000000000000000     <absolute>
 0000:00000100       __guard_flags              0000000000000100     <absolute>
 0000:00000000       __ImageBase                0000000180000000     <linker-defined>
 0001:000001f0       ?InitAll@@YAXV?$Local@VObject@v8@@@v8@@@Z 00000001800011f0 f   index.obj
 0001:000005d0       ??$New@VFunctionTemplate@v8@@@Nan@@YA?AV?$Local@VFunctionTemplate@v8@@@v8@@P6AXAEBV?$FunctionCallbackInfo@VValue@v8@@@0@@ZV?$Local@VValue@v8@@@2@@Z 00000001800015d0 f i index.obj
 0001:00000790       ?enumAttachedDisplays@@YAXAEBV?$FunctionCallbackInfo@VValue@v8@@@Nan@@@Z 0000000180001790 f   enumAttachedDisplays.obj
 0001:000007c0       ?getLastInputTime@@YAXAEBV?$FunctionCallbackInfo@VValue@v8@@@Nan@@@Z 00000001800017c0 f   getLastInputTime.obj
 0001:00000800       ?what@exception@stdext@@UEBAPEBDXZ 0000000180001800 f i requestDisplaySleep.obj
 0001:00000820       ?_Raise@exception@stdext@@QEBAXXZ 0000000180001820 f i requestDisplaySleep.obj
 0001:00000860       ?_Unlock@?$basic_streambuf@DU?$char_traits@D@std@@@std@@UEAAXXZ 0000000180001860 f i libcpmt:cout.obj
 0001:00000860       ?imbue@?$basic_streambuf@DU?$char_traits@D@std@@@std@@MEAAXAEBVlocale@2@@Z 0000000180001860 f i libcpmt:cout.obj
 0001:00000860       _guard_check_icall_nop     0000000180001860 f i LIBCMT:guard_support.obj
 0001:00000860       ?_Lock@?$basic_streambuf@DU?$char_traits@D@std@@@std@@UEAAXXZ 0000000180001860 f i libcpmt:cout.obj
 0001:00000860       ?_Doraise@exception@stdext@@MEBAXXZ 0000000180001860 f i requestDisplaySleep.obj
 0001:00000870       ??_Eexception@stdext@@UEAAPEAXI@Z 0000000180001870 f i * CIL library *:* CIL module *
 0001:00000870       ??_Eruntime_error@std@@UEAAPEAXI@Z 0000000180001870 f i * CIL library *:* CIL module *
 0001:00000870       ??_Gruntime_error@std@@UEAAPEAXI@Z 0000000180001870 f i requestDisplaySleep.obj
 0001:00000870       ??_Gexception@stdext@@UEAAPEAXI@Z 0000000180001870 f i requestDisplaySleep.obj
 0001:000008a0       ??1runtime_error@std@@UEAA@XZ 00000001800018a0 f i requestDisplaySleep.obj
 0001:000008a0       ??1failure@ios_base@std@@UEAA@XZ 00000001800018a0 f i requestDisplaySleep.obj
 0001:000008b0       ?default_error_condition@error_category@std@@UEBA?AVerror_condition@2@H@Z 00000001800018b0 f i requestDisplaySleep.obj
 0001:000008c0       ?equivalent@error_category@std@@UEBA_NHAEBVerror_condition@2@@Z 00000001800018c0 f i requestDisplaySleep.obj
 0001:00000900       ?equivalent@error_category@std@@UEBA_NAEBVerror_code@2@H@Z 0000000180001900 f i requestDisplaySleep.obj
 0001:00000920       ?make_error_code@std@@YA?AVerror_code@1@W4io_errc@1@@Z 0000000180001920 f i requestDisplaySleep.obj
 0001:00000970       ??0_System_error@std@@IEAA@Verror_code@1@AEBV?$basic_string@DU?$char_traits@D@std@@V?$allocator@D@2@@1@@Z 0000000180001970 f i requestDisplaySleep.obj
 0001:00000ba0       ??_Gsystem_error@std@@UEAAPEAXI@Z 0000000180001ba0 f i requestDisplaySleep.obj
 0001:00000ba0       ??_Esystem_error@std@@UEAAPEAXI@Z 0000000180001ba0 f i * CIL library *:* CIL module *
 0001:00000ba0       ??_E_System_error@std@@UEAAPEAXI@Z 0000000180001ba0 f i * CIL library *:* CIL module *
 0001:00000ba0       ??_Efailure@ios_base@std@@UEAAPEAXI@Z 0000000180001ba0 f i * CIL library *:* CIL module *
 0001:00000ba0       ??_G_System_error@std@@UEAAPEAXI@Z 0000000180001ba0 f i requestDisplaySleep.obj
 0001:00000ba0       ??_Gfailure@ios_base@std@@UEAAPEAXI@Z 0000000180001ba0 f i requestDisplaySleep.obj
 0001:00000bd0       ?name@_Iostream_error_category@std@@UEBAPEBDXZ 0000000180001bd0 f i requestDisplaySleep.obj
 0001:00000be0       ?message@_Iostream_error_category@std@@UEBA?AV?$basic_string@DU?$char_traits@D@std@@V?$allocator@D@2@@2@H@Z 0000000180001be0 f i requestDisplaySleep.obj
 0001:00000c30       ??_E_Iostream_error_category@std@@UEAAPEAXI@Z 0000000180001c30 f i * CIL library *:* CIL module *
 0001:00000c30       ??_G_Iostream_error_category@std@@UEAAPEAXI@Z 0000000180001c30 f i requestDisplaySleep.obj
 0001:00000c60       ??0failure@ios_base@std@@QEAA@PEBDAEBVerror_code@2@@Z 0000000180001c60 f i requestDisplaySleep.obj
 0001:00000d10       ?requestDisplaySleep@@YAXAEBV?$FunctionCallbackInfo@VValue@v8@@@Nan@@@Z 0000000180001d10 f   requestDisplaySleep.obj
 0001:00000d50       ??1?$basic_string@DU?$char_traits@D@std@@V?$allocator@D@2@@std@@QEAA@XZ 0000000180001d50 f i requestDisplaySleep.obj
 0001:00000db0       ??0?$basic_string@DU?$char_traits@D@std@@V?$allocator@D@2@@std@@QEAA@QEBD@Z 0000000180001db0 f i requestDisplaySleep.obj
 0001:00000f20       ?append@?$basic_string@DU?$char_traits@D@std@@V?$allocator@D@2@@std@@QEAAAEAV12@QEBD_K@Z 0000000180001f20 f i requestDisplaySleep.obj
 0001:00000fa0       ??$?6U?$char_traits@D@std@@@std@@YAAEAV?$basic_ostream@DU?$char_traits@D@std@@@0@AEAV10@PEBD@Z 0000000180001fa0 f i requestDisplaySleep.obj
 0001:00001230       ??$_Reallocate_grow_by@V<lambda_65e615be2a453ca0576c979606f46740>@@PEBD_K@?$basic_string@DU?$char_traits@D@std@@V?$allocator@D@2@@std@@QEAAAEAV01@_KV<lambda_65e615be2a453ca0576c979606f46740>@@PEBD_K@Z 0000000180002230 f i requestDisplaySleep.obj
 0001:000013b0       ??0sentry@?$basic_ostream@DU?$char_traits@D@std@@@std@@QEAA@AEAV12@@Z 00000001800023b0 f i requestDisplaySleep.obj
 0001:000014e0       ?_Xlen@?$basic_string@DU?$char_traits@D@std@@V?$allocator@D@2@@std@@SAXXZ 00000001800024e0 f i requestDisplaySleep.obj
 0001:00001500       ?setstate@?$basic_ios@DU?$char_traits@D@std@@@std@@QEAAXH_N@Z 0000000180002500 f i requestDisplaySleep.obj
 0001:00001580       ??$_Immortalize_impl@V_Iostream_error_category@std@@@std@@YAHPEAX0PEAPEAX@Z 0000000180002580 f i requestDisplaySleep.obj
 0001:000015a0       ?requestDisplayWake@@YAXAEBV?$FunctionCallbackInfo@VValue@v8@@@Nan@@@Z 00000001800025a0 f   requestDisplayWake.obj
 0001:00001614       __imp_load_?Value@External@v8@@QEBAPEAXXZ 0000000180002614 f   node:node.exe
 0001:00001620       __tailMerge_node_exe       0000000180002620     node:node.exe
 0001:00001699       __imp_load_?New@External@v8@@SA?AV?$Local@VExternal@v8@@@2@PEAVIsolate@2@PEAX@Z 0000000180002699 f   node:node.exe
 0001:000016a5       __imp_load_?GetCurrentContext@Isolate@v8@@QEAA?AV?$Local@VContext@v8@@@2@XZ 00000001800026a5 f   node:node.exe
 0001:000016b1       __imp_load_?GetCurrent@Isolate@v8@@SAPEAV12@XZ 00000001800026b1 f   node:node.exe
 0001:000016bd       __imp_load_?CreateHandle@HandleScope@v8@@KAPEAPEAVObject@internal@2@PEAVIsolate@42@PEAV342@@Z 00000001800026bd f   node:node.exe
 0001:000016c9       __imp_load_?CreateHandle@HandleScope@v8@@CAPEAPEAVObject@internal@2@PEAVHeapObject@42@PEAV342@@Z 00000001800026c9 f   node:node.exe
 0001:000016d5       __imp_load_??1HandleScope@v8@@QEAA@XZ 00000001800026d5 f   node:node.exe
 0001:000016e1       __imp_load_??0HandleScope@v8@@QEAA@PEAVIsolate@1@@Z 00000001800026e1 f   node:node.exe
 0001:000016ed       __imp_load_?GetFunction@FunctionTemplate@v8@@QEAA?AV?$MaybeLocal@VFunction@v8@@@2@V?$Local@VContext@v8@@@2@@Z 00000001800026ed f   node:node.exe
 0001:000016f9       __imp_load_?New@FunctionTemplate@v8@@SA?AV?$Local@VFunctionTemplate@v8@@@2@PEAVIsolate@2@P6AXAEBV?$FunctionCallbackInfo@VValue@v8@@@2@@ZV?$Local@VValue@v8@@@2@V?$Local@VSignature@v8@@@2@HW4ConstructorBehavior@2@W4SideEffectType@2@@Z 00000001800026f9 f   node:node.exe
 0001:00001705       __imp_load_?ToLocalEmpty@V8@v8@@CAXXZ 0000000180002705 f   node:node.exe
 0001:00001711       __imp_load_?Escape@EscapableHandleScope@v8@@AEAAPEAPEAVObject@internal@2@PEAPEAV342@@Z 0000000180002711 f   node:node.exe
 0001:0000171d       __imp_load_??0EscapableHandleScope@v8@@QEAA@PEAVIsolate@1@@Z 000000018000271d f   node:node.exe
 0001:00001729       __imp_load_?NewFromUtf8@String@v8@@SA?AV?$MaybeLocal@VString@v8@@@2@PEAVIsolate@2@PEBDW4NewStringType@2@H@Z 0000000180002729 f   node:node.exe
 0001:00001735       __imp_load_?SlowGetInternalField@Object@v8@@AEAA?AV?$Local@VValue@v8@@@2@H@Z 0000000180002735 f   node:node.exe
 0001:00001741       __imp_load_?SetInternalField@Object@v8@@QEAAXHV?$Local@VValue@v8@@@2@@Z 0000000180002741 f   node:node.exe
 0001:0000174d       __imp_load_?Set@Object@v8@@QEAA?AV?$Maybe@_N@2@V?$Local@VContext@v8@@@2@V?$Local@VValue@v8@@@2@1@Z 000000018000274d f   node:node.exe
 0001:00001759       __imp_load_?SetInternalFieldCount@ObjectTemplate@v8@@QEAAXH@Z 0000000180002759 f   node:node.exe
 0001:00001765       __imp_load_?NewInstance@ObjectTemplate@v8@@QEAA?AV?$MaybeLocal@VObject@v8@@@2@V?$Local@VContext@v8@@@2@@Z 0000000180002765 f   node:node.exe
 0001:00001771       __imp_load_?New@ObjectTemplate@v8@@SA?AV?$Local@VObjectTemplate@v8@@@2@PEAVIsolate@2@V?$Local@VFunctionTemplate@v8@@@2@@Z 0000000180002771 f   node:node.exe
 0001:0000177d       __imp_load_node_module_register 000000018000277d f   node:node.exe
 0001:0000178c       ??0_System_error@std@@QEAA@AEBV01@@Z 000000018000278c f i libcpmt:xonce.obj
 0001:000017e0       ??0exception@std@@QEAA@AEBV01@@Z 00000001800027e0 f i libcpmt:xonce.obj
 0001:00001818       ??0runtime_error@std@@QEAA@AEBV01@@Z 0000000180002818 f i libcpmt:xonce.obj
 0001:00001858       ??0system_error@std@@QEAA@AEBV01@@Z 0000000180002858 f i libcpmt:xonce.obj
 0001:000018b4       ??_Gbad_alloc@std@@UEAAPEAXI@Z 00000001800028b4 f i libcpmt:xthrow.obj
 0001:000018b4       ??_Ebad_array_new_length@std@@UEAAPEAXI@Z 00000001800028b4 f i LIBCMT:throw_bad_alloc.obj
 0001:000018b4       ??_Eexception@std@@UEAAPEAXI@Z 00000001800028b4 f i libcpmt:xonce.obj
 0001:000018b4       ??_Ebad_cast@std@@UEAAPEAXI@Z 00000001800028b4 f i libcpmt:cout.obj
 0001:000018b4       ??_Gexception@std@@UEAAPEAXI@Z 00000001800028b4 f i libcpmt:xonce.obj
 0001:000018b4       ??_Elogic_error@std@@UEAAPEAXI@Z 00000001800028b4 f i libcpmt:xthrow.obj
 0001:000018b4       ??_Ebad_exception@std@@UEAAPEAXI@Z 00000001800028b4 f i libvcruntime:frame.obj
 0001:000018b4       ??_Gbad_exception@std@@UEAAPEAXI@Z 00000001800028b4 f i libvcruntime:frame.obj
 0001:000018b4       ??_Ebad_alloc@std@@UEAAPEAXI@Z 00000001800028b4 f i libcpmt:xthrow.obj
 0001:000018b4       ??_Gbad_cast@std@@UEAAPEAXI@Z 00000001800028b4 f i libcpmt:cout.obj
 0001:000018b4       ??_Elength_error@std@@UEAAPEAXI@Z 00000001800028b4 f i libcpmt:xthrow.obj
 0001:000018b4       ??_Glength_error@std@@UEAAPEAXI@Z 00000001800028b4 f i libcpmt:xthrow.obj
 0001:000018b4       ??_Gbad_array_new_length@std@@UEAAPEAXI@Z 00000001800028b4 f i LIBCMT:throw_bad_alloc.obj
 0001:000018b4       ??_Glogic_error@std@@UEAAPEAXI@Z 00000001800028b4 f i libcpmt:xthrow.obj
 0001:000018f8       ?_Execute_once@std@@YAHAEAUonce_flag@1@P6AHPEAX1PEAPEAX@Z1@Z 00000001800028f8 f   libcpmt:xonce.obj
 0001:00001900       ?what@exception@std@@UEBAPEBDXZ 0000000180002900 f i libcpmt:xonce.obj
 0001:00001a70       ??$use_facet@V?$codecvt@DDU_Mbstatet@@@std@@@std@@YAAEBV?$codecvt@DDU_Mbstatet@@@0@AEBVlocale@0@@Z 0000000180002a70 f i libcpmt:cout.obj
 0001:00001ba4       ??$use_facet@V?$ctype@D@std@@@std@@YAAEBV?$ctype@D@0@AEBVlocale@0@@Z 0000000180002ba4 f i libcpmt:cout.obj
 0001:00001cd8       ??0?$basic_ostream@DU?$char_traits@D@std@@@std@@QEAA@PEAV?$basic_streambuf@DU?$char_traits@D@std@@@1@_N@Z 0000000180002cd8 f i libcpmt:cout.obj
 0001:00001d54       ??0?$basic_streambuf@DU?$char_traits@D@std@@@std@@IEAA@XZ 0000000180002d54 f i libcpmt:cout.obj
 0001:00001e04       ??0_Init_cout@std@@QEAA@XZ 0000000180002e04 f i libcpmt:cout.obj
 0001:00001e70       ??0_Locinfo@std@@QEAA@PEBD@Z 0000000180002e70 f i libcpmt:cout.obj
 0001:00001f08       ??0bad_cast@std@@QEAA@AEBV01@@Z 0000000180002f08 f i libcpmt:cout.obj
 0001:00001f48       ??0bad_cast@std@@QEAA@XZ   0000000180002f48 f i libcpmt:cout.obj
 0001:00001f68       ??0failure@ios_base@std@@QEAA@AEBV012@@Z 0000000180002f68 f i libcpmt:cout.obj
 0001:00001fc4       ??0runtime_error@std@@QEAA@PEBD@Z 0000000180002fc4 f i libcpmt:cout.obj
 0001:00002010       ??1?$_Yarn@D@std@@QEAA@XZ  0000000180003010 f i libcpmt:cout.obj
 0001:00002010       ??1?$_Yarn@_W@std@@QEAA@XZ 0000000180003010 f i libcpmt:cout.obj
 0001:00002030       ??1?$basic_filebuf@DU?$char_traits@D@std@@@std@@UEAA@XZ 0000000180003030 f i libcpmt:cout.obj
 0001:000020c8       ??1?$basic_ios@DU?$char_traits@D@std@@@std@@UEAA@XZ 00000001800030c8 f i libcpmt:cout.obj
 0001:000020ec       ??1?$basic_streambuf@DU?$char_traits@D@std@@@std@@UEAA@XZ 00000001800030ec f i libcpmt:cout.obj
 0001:00002154       ??1?$unique_ptr@V_Facet_base@std@@U?$default_delete@V_Facet_base@std@@@2@@std@@QEAA@XZ 0000000180003154 f i libcpmt:cout.obj
 0001:00002178       ??1_Locinfo@std@@QEAA@XZ   0000000180003178 f i libcpmt:cout.obj
 0001:00002218       ??1bad_array_new_length@std@@UEAA@XZ 0000000180003218 f i LIBCMT:throw_bad_alloc.obj
 0001:00002218       ??1bad_cast@std@@UEAA@XZ   0000000180003218 f i libcpmt:cout.obj
 0001:00002218       ??1bad_alloc@std@@UEAA@XZ  0000000180003218 f i libcpmt:xthrow.obj
 0001:00002218       ??1bad_exception@std@@UEAA@XZ 0000000180003218 f i libvcruntime:frame.obj
 0001:00002218       ??1length_error@std@@UEAA@XZ 0000000180003218 f i libcpmt:xthrow.obj
 0001:0000222c       ??1locale@std@@QEAA@XZ     000000018000322c f i libcpmt:cout.obj
 0001:00002274       ??_E?$basic_ostream@DU?$char_traits@D@std@@@std@@$4PPPPPPPM@A@EAAPEAXI@Z 0000000180003274 f i libcpmt:cout.obj
 0001:00002280       ??_G?$basic_filebuf@DU?$char_traits@D@std@@@std@@UEAAPEAXI@Z 0000000180003280 f i libcpmt:cout.obj
 0001:00002280       ??_E?$basic_filebuf@DU?$char_traits@D@std@@@std@@UEAAPEAXI@Z 0000000180003280 f i libcpmt:cout.obj
 0001:000022b4       ??_G?$basic_ios@DU?$char_traits@D@std@@@std@@UEAAPEAXI@Z 00000001800032b4 f i libcpmt:cout.obj
 0001:000022b4       ??_E?$basic_ios@DU?$char_traits@D@std@@@std@@UEAAPEAXI@Z 00000001800032b4 f i libcpmt:cout.obj
 0001:00002300       ??_G?$basic_ostream@DU?$char_traits@D@std@@@std@@UEAAPEAXI@Z 0000000180003300 f i libcpmt:cout.obj
 0001:00002300       ??_E?$basic_ostream@DU?$char_traits@D@std@@@std@@UEAAPEAXI@Z 0000000180003300 f i libcpmt:cout.obj
 0001:00002370       ??_E?$basic_streambuf@DU?$char_traits@D@std@@@std@@UEAAPEAXI@Z 0000000180003370 f i libcpmt:cout.obj
 0001:00002370       ??_G?$basic_streambuf@DU?$char_traits@D@std@@@std@@UEAAPEAXI@Z 0000000180003370 f i libcpmt:cout.obj
 0001:000023a4       ??_E?$codecvt@DDU_Mbstatet@@@std@@MEAAPEAXI@Z 00000001800033a4 f i libcpmt:cout.obj
 0001:000023a4       ??_G?$codecvt@DDU_Mbstatet@@@std@@MEAAPEAXI@Z 00000001800033a4 f i libcpmt:cout.obj
 0001:000023d0       ??_G?$ctype@D@std@@MEAAPEAXI@Z 00000001800033d0 f i libcpmt:cout.obj
 0001:000023d0       ??_E?$ctype@D@std@@MEAAPEAXI@Z 00000001800033d0 f i libcpmt:cout.obj
 0001:0000243c       ??_E_Facet_base@std@@UEAAPEAXI@Z 000000018000343c f i libcpmt:cout.obj
 0001:0000243c       ??_G_Facet_base@std@@UEAAPEAXI@Z 000000018000343c f i libcpmt:cout.obj
 0001:00002468       ??_Eios_base@std@@UEAAPEAXI@Z 0000000180003468 f i libcpmt:cout.obj
 0001:00002468       ??_Gios_base@std@@UEAAPEAXI@Z 0000000180003468 f i libcpmt:cout.obj
 0001:000024b4       ?_Decref@facet@locale@std@@UEAAPEAV_Facet_base@3@XZ 00000001800034b4 f i libcpmt:cout.obj
 0001:000024c4       ?_Endwrite@?$basic_filebuf@DU?$char_traits@D@std@@@std@@IEAA_NXZ 00000001800034c4 f i libcpmt:cout.obj
 0001:0000259c       ?_Getcat@?$codecvt@DDU_Mbstatet@@@std@@SA_KPEAPEBVfacet@locale@2@PEBV42@@Z 000000018000359c f i libcpmt:cout.obj
 0001:00002660       ?_Getcat@?$ctype@D@std@@SA_KPEAPEBVfacet@locale@2@PEBV42@@Z 0000000180003660 f i libcpmt:cout.obj
 0001:00002744       ?_Incref@facet@locale@std@@UEAAXXZ 0000000180003744 f i libcpmt:cout.obj
 0001:0000274c       ?_Init@?$basic_filebuf@DU?$char_traits@D@std@@@std@@IEAAXPEAU_iobuf@@W4_Initfl@12@@Z 000000018000374c f i libcpmt:cout.obj
 0001:00002838       ?_Init@ios_base@std@@IEAAXXZ 0000000180003838 f i libcpmt:cout.obj
 0001:000028b4       ?_Initcvt@?$basic_filebuf@DU?$char_traits@D@std@@@std@@IEAAXAEBV?$codecvt@DDU_Mbstatet@@@2@@Z 00000001800038b4 f i libcpmt:cout.obj
 0001:00002944       ?_Lock@?$basic_filebuf@DU?$char_traits@D@std@@@std@@UEAAXXZ 0000000180003944 f i libcpmt:cout.obj
 0001:00002960       ?_Unlock@?$basic_filebuf@DU?$char_traits@D@std@@@std@@UEAAXXZ 0000000180003960 f i libcpmt:cout.obj
 0001:0000297c       ?clear@ios_base@std@@QEAAXH@Z 000000018000397c f i libcpmt:cout.obj
 0001:000029e8       __acrt_uninitialize_command_line 00000001800039e8 f i libucrt:argv_data.obj
 0001:000029e8       ?do_always_noconv@?$codecvt@DDU_Mbstatet@@@std@@MEBA_NXZ 00000001800039e8 f i libcpmt:cout.obj
 0001:000029ec       _get_startup_argv_mode     00000001800039ec f i LIBCMT:argv_mode.obj
 0001:000029ec       ?do_encoding@codecvt_base@std@@MEBAHXZ 00000001800039ec f i libcpmt:cout.obj
 0001:000029ec       DllMain                    00000001800039ec f i LIBCMT:dll_dllmain_stub.obj
 0001:000029ec       ?do_max_length@codecvt_base@std@@MEBAHXZ 00000001800039ec f i libcpmt:cout.obj
 0001:000029f4       ?do_in@?$codecvt@DDU_Mbstatet@@@std@@MEBAHAEAU_Mbstatet@@PEBD1AEAPEBDPEAD3AEAPEAD@Z 00000001800039f4 f i libcpmt:cout.obj
 0001:000029f4       ?do_out@?$codecvt@DDU_Mbstatet@@@std@@MEBAHAEAU_Mbstatet@@PEBD1AEAPEBDPEAD3AEAPEAD@Z 00000001800039f4 f i libcpmt:cout.obj
 0001:00002a10       ?do_length@?$codecvt@DDU_Mbstatet@@@std@@MEBAHAEAU_Mbstatet@@PEBD1_K@Z 0000000180003a10 f i libcpmt:cout.obj
 0001:00002a20       ?do_narrow@?$ctype@D@std@@MEBADDD@Z 0000000180003a20 f i libcpmt:cout.obj
 0001:00002a20       ?do_widen@?$ctype@D@std@@MEBADD@Z 0000000180003a20 f i libcpmt:cout.obj
 0001:00002a24       ?do_narrow@?$ctype@D@std@@MEBAPEBDPEBD0DPEAD@Z 0000000180003a24 f i libcpmt:cout.obj
 0001:00002a44       ?do_tolower@?$ctype@D@std@@MEBADD@Z 0000000180003a44 f i libcpmt:cout.obj
 0001:00002a54       ?do_tolower@?$ctype@D@std@@MEBAPEBDPEADPEBD@Z 0000000180003a54 f i libcpmt:cout.obj
 0001:00002ab4       ?do_toupper@?$ctype@D@std@@MEBADD@Z 0000000180003ab4 f i libcpmt:cout.obj
 0001:00002ac4       ?do_toupper@?$ctype@D@std@@MEBAPEBDPEADPEBD@Z 0000000180003ac4 f i libcpmt:cout.obj
 0001:00002b24       ?do_unshift@?$codecvt@DDU_Mbstatet@@@std@@MEBAHAEAU_Mbstatet@@PEAD1AEAPEAD@Z 0000000180003b24 f i libcpmt:cout.obj
 0001:00002b30       ?do_widen@?$ctype@D@std@@MEBAPEBDPEBD0PEAD@Z 0000000180003b30 f i libcpmt:cout.obj
 0001:00002b50       ?imbue@?$basic_filebuf@DU?$char_traits@D@std@@@std@@MEAAXAEBVlocale@2@@Z 0000000180003b50 f i libcpmt:cout.obj
 0001:00002b74       ?init@?$basic_ios@DU?$char_traits@D@std@@@std@@IEAAXPEAV?$basic_streambuf@DU?$char_traits@D@std@@@2@_N@Z 0000000180003b74 f i libcpmt:cout.obj
 0001:00002c34       ?overflow@?$basic_filebuf@DU?$char_traits@D@std@@@std@@MEAAHH@Z 0000000180003c34 f i libcpmt:cout.obj
 0001:00002dbc       ?underflow@?$basic_streambuf@DU?$char_traits@D@std@@@std@@MEAAHXZ 0000000180003dbc f i libcpmt:cout.obj
 0001:00002dbc       ?pbackfail@?$basic_streambuf@DU?$char_traits@D@std@@@std@@MEAAHH@Z 0000000180003dbc f i libcpmt:cout.obj
 0001:00002dbc       ?overflow@?$basic_streambuf@DU?$char_traits@D@std@@@std@@MEAAHH@Z 0000000180003dbc f i libcpmt:cout.obj
 0001:00002dc0       ?pbackfail@?$basic_filebuf@DU?$char_traits@D@std@@@std@@MEAAHH@Z 0000000180003dc0 f i libcpmt:cout.obj
 0001:00002e8c       ?seekoff@?$basic_filebuf@DU?$char_traits@D@std@@@std@@MEAA?AV?$fpos@U_Mbstatet@@@2@_JHH@Z 0000000180003e8c f i libcpmt:cout.obj
 0001:00002f70       ?seekpos@?$basic_streambuf@DU?$char_traits@D@std@@@std@@MEAA?AV?$fpos@U_Mbstatet@@@2@V32@H@Z 0000000180003f70 f i libcpmt:cout.obj
 0001:00002f70       ?seekoff@?$basic_streambuf@DU?$char_traits@D@std@@@std@@MEAA?AV?$fpos@U_Mbstatet@@@2@_JHH@Z 0000000180003f70 f i libcpmt:cout.obj
 0001:00002f84       ?seekpos@?$basic_filebuf@DU?$char_traits@D@std@@@std@@MEAA?AV?$fpos@U_Mbstatet@@@2@V32@H@Z 0000000180003f84 f i libcpmt:cout.obj
 0001:00003040       ?setbuf@?$basic_filebuf@DU?$char_traits@D@std@@@std@@MEAAPEAV?$basic_streambuf@DU?$char_traits@D@std@@@2@PEAD_J@Z 0000000180004040 f i libcpmt:cout.obj
 0001:00003094       ?setbuf@?$basic_streambuf@DU?$char_traits@D@std@@@std@@MEAAPEAV12@PEAD_J@Z 0000000180004094 f i libcpmt:cout.obj
 0001:00003098       ?sync@?$basic_streambuf@DU?$char_traits@D@std@@@std@@MEAAHXZ 0000000180004098 f i libcpmt:cout.obj
 0001:00003098       ?showmanyc@?$basic_streambuf@DU?$char_traits@D@std@@@std@@MEAA_JXZ 0000000180004098 f i libcpmt:cout.obj
 0001:0000309c       ?sync@?$basic_filebuf@DU?$char_traits@D@std@@@std@@MEAAHXZ 000000018000409c f i libcpmt:cout.obj
 0001:000030e8       ?uflow@?$basic_filebuf@DU?$char_traits@D@std@@@std@@MEAAHXZ 00000001800040e8 f i libcpmt:cout.obj
 0001:000033a0       ?uflow@?$basic_streambuf@DU?$char_traits@D@std@@@std@@MEAAHXZ 00000001800043a0 f i libcpmt:cout.obj
 0001:000033dc       ?underflow@?$basic_filebuf@DU?$char_traits@D@std@@@std@@MEAAHXZ 00000001800043dc f i libcpmt:cout.obj
 0001:00003440       ?widen@?$basic_ios@DU?$char_traits@D@std@@@std@@QEBADD@Z 0000000180004440 f i libcpmt:cout.obj
 0001:000034d4       ?xsgetn@?$basic_filebuf@DU?$char_traits@D@std@@@std@@MEAA_JPEAD_J@Z 00000001800044d4 f i libcpmt:cout.obj
 0001:000035d4       ?xsgetn@?$basic_streambuf@DU?$char_traits@D@std@@@std@@MEAA_JPEAD_J@Z 00000001800045d4 f i libcpmt:cout.obj
 0001:00003690       ?xsputn@?$basic_filebuf@DU?$char_traits@D@std@@@std@@MEAA_JPEBD_J@Z 0000000180004690 f i libcpmt:cout.obj
 0001:00003754       ?xsputn@?$basic_streambuf@DU?$char_traits@D@std@@@std@@MEAA_JPEBD_J@Z 0000000180004754 f i libcpmt:cout.obj
 0001:00003814       ??0bad_alloc@std@@QEAA@AEBV01@@Z 0000000180004814 f i libcpmt:xthrow.obj
 0001:00003854       ??0bad_alloc@std@@QEAA@XZ  0000000180004854 f i libcpmt:xthrow.obj
 0001:00003874       ??0length_error@std@@QEAA@AEBV01@@Z 0000000180004874 f i libcpmt:xthrow.obj
 0001:000038b4       ??0length_error@std@@QEAA@PEBD@Z 00000001800048b4 f i libcpmt:xthrow.obj
 0001:00003900       ??0logic_error@std@@QEAA@AEBV01@@Z 0000000180004900 f i libcpmt:xthrow.obj
 0001:00003940       ?_Xlength_error@std@@YAXPEBD@Z 0000000180004940 f   libcpmt:xthrow.obj
 0001:00003964       ?_Syserror_map@std@@YAPEBDH@Z 0000000180004964 f   libcpmt:syserror.obj
 0001:00003e5c       __crtInitOnceExecuteOnce   0000000180004e5c f   libcpmt:winapisupp.obj
 0001:00003f28       __crtInitializeCriticalSectionEx 0000000180004f28 f   libcpmt:winapisupp.obj
 0001:00003f58       ??0_Init_locks@std@@QEAA@XZ 0000000180004f58 f   libcpmt:xlock.obj
 0001:00003fa4       ??0_Lockit@std@@QEAA@H@Z   0000000180004fa4 f   libcpmt:xlock.obj
 0001:00003fe0       ??1_Init_locks@std@@QEAA@XZ 0000000180004fe0 f   libcpmt:xlock.obj
 0001:00004024       ??1_Lockit@std@@QEAA@XZ    0000000180005024 f   libcpmt:xlock.obj
 0001:00004058       _Getctype                  0000000180005058 f   libcpmt:_tolower.obj
 0001:00004120       _Tolower                   0000000180005120 f   libcpmt:_tolower.obj
 0001:00004250       _Toupper                   0000000180005250 f   libcpmt:_toupper.obj
 0001:00004390       ??1_Fac_tidy_reg_t@std@@QEAA@XZ 0000000180005390 f i libcpmt:locale0.obj
 0001:000043f8       ??4?$_Yarn@D@std@@QEAAAEAV01@PEBD@Z 00000001800053f8 f i libcpmt:locale0.obj
 0001:00004470       ??_G_Locimp@locale@std@@MEAAPEAXI@Z 0000000180005470 f i libcpmt:locale0.obj
 0001:00004470       ??_E_Locimp@locale@std@@MEAAPEAXI@Z 0000000180005470 f i libcpmt:locale0.obj
 0001:000044dc       ?_Facet_Register@std@@YAXPEAV_Facet_base@1@@Z 00000001800054dc f   libcpmt:locale0.obj
 0001:00004514       ?_Getgloballocale@locale@std@@CAPEAV_Locimp@12@XZ 0000000180005514 f   libcpmt:locale0.obj
 0001:0000451c       ?_Init@locale@std@@CAPEAV_Locimp@12@_N@Z 000000018000551c f   libcpmt:locale0.obj
 0001:000045c8       ?_Locimp_dtor@_Locimp@locale@std@@CAXPEAV123@@Z 00000001800055c8 f   libcpmt:locale0.obj
 0001:00004650       ?_Locinfo_ctor@_Locinfo@std@@SAXPEAV12@PEBD@Z 0000000180005650 f   libcpmt:locale0.obj
 0001:000046bc       ?_Locinfo_dtor@_Locinfo@std@@SAXPEAV12@@Z 00000001800056bc f   libcpmt:locale0.obj
 0001:000046d8       ?_New_Locimp@_Locimp@locale@std@@CAPEAV123@_N@Z 00000001800056d8 f   libcpmt:locale0.obj
 0001:00004748       ?_Setgloballocale@locale@std@@CAXPEAX@Z 0000000180005748 f   libcpmt:locale0.obj
 0001:0000477c       _Deletegloballocale        000000018000577c f   libcpmt:locale0.obj
 0001:000047ec       ?_Addstd@ios_base@std@@SAXPEAV12@@Z 00000001800057ec f   libcpmt:ios.obj
 0001:00004864       ?_Ios_base_dtor@ios_base@std@@CAXPEAV12@@Z 0000000180005864 f   libcpmt:ios.obj
 0001:000048e4       ?_Tidy@ios_base@std@@AEAAXXZ 00000001800058e4 f i libcpmt:ios.obj
 0001:00004964       ?_Atexit@@YAXP6AXXZ@Z      0000000180005964 f   libcpmt:iosptrs.obj
 0001:000049a4       _Mtxdst                    00000001800059a4 f   libcpmt:xmtx.obj
 0001:000049ac       _Mtxinit                   00000001800059ac f   libcpmt:xmtx.obj
 0001:000049bc       _Mtxlock                   00000001800059bc f   libcpmt:xmtx.obj
 0001:000049c4       _Mtxunlock                 00000001800059c4 f   libcpmt:xmtx.obj
 0001:000049cc       __crtLCMapStringA          00000001800059cc f   libcpmt:StlLCMapStringA.obj
 0001:00004c80       __local_stdio_printf_options 0000000180005c80 f i libcpmt:locale.obj
 0001:00004c88       GetTableIndexFromLocaleName 0000000180005c88 f   libcpmt:winapinls.obj
 0001:00004d18       __crtDownlevelLocaleNameToLCID 0000000180005d18 f   libcpmt:winapinls.obj
 0001:00004d4c       __crtLCMapStringEx         0000000180005d4c f   libcpmt:winapinls.obj
 0001:00004de8       __wcsnicmp_ascii           0000000180005de8 f   libcpmt:winapinls.obj
 0001:00004e60       __security_check_cookie    0000000180005e60 f   LIBCMT:amdsecgs.obj
 0001:00004e84       ??2@YAPEAX_K@Z             0000000180005e84 f   LIBCMT:new_scalar.obj
 0001:00004ec0       ??_V@YAXPEAX@Z             0000000180005ec0 f   LIBCMT:delete_array.obj
 0001:00004ec0       ??3@YAXPEAX_K@Z            0000000180005ec0 f   LIBCMT:delete_scalar_size.obj
 0001:000051f8       _DllMainCRTStartup         00000001800061f8 f   LIBCMT:dll_dllmain.obj
 0001:00005238       __GSHandlerCheck           0000000180006238 f   LIBCMT:gshandler.obj
 0001:00005258       __GSHandlerCheckCommon     0000000180006258 f   LIBCMT:gshandler.obj
 0001:000052b4       __GSHandlerCheck_EH        00000001800062b4 f   LIBCMT:gshandlereh.obj
 0001:00005334       ??_Etype_info@@UEAAPEAXI@Z 0000000180006334 f i LIBCMT:std_type_info_static.obj
 0001:00005334       ??_Gtype_info@@UEAAPEAXI@Z 0000000180006334 f i LIBCMT:std_type_info_static.obj
 0001:00005360       __scrt_acquire_startup_lock 0000000180006360 f   LIBCMT:utility.obj
 0001:0000539c       __scrt_dllmain_after_initialize_c 000000018000639c f   LIBCMT:utility.obj
 0001:000053d0       __scrt_dllmain_before_initialize_c 00000001800063d0 f   LIBCMT:utility.obj
 0001:000053e8       __scrt_dllmain_crt_thread_attach 00000001800063e8 f   LIBCMT:utility.obj
 0001:00005410       __scrt_dllmain_crt_thread_detach 0000000180006410 f   LIBCMT:utility.obj
 0001:00005428       __scrt_dllmain_exception_filter 0000000180006428 f   LIBCMT:utility.obj
 0001:00005488       __scrt_dllmain_uninitialize_c 0000000180006488 f   LIBCMT:utility.obj
 0001:000054b8       __scrt_dllmain_uninitialize_critical 00000001800064b8 f   LIBCMT:utility.obj
 0001:000054cc       __scrt_initialize_crt      00000001800064cc f   LIBCMT:utility.obj
 0001:00005518       __scrt_initialize_onexit_tables 0000000180006518 f   LIBCMT:utility.obj
 0001:000055f0       __scrt_is_nonwritable_in_current_image 00000001800065f0 f   LIBCMT:utility.obj
 0001:0000568c       __scrt_release_startup_lock 000000018000668c f   LIBCMT:utility.obj
 0001:000056b0       __scrt_uninitialize_crt    00000001800066b0 f   LIBCMT:utility.obj
 0001:000056dc       _onexit                    00000001800066dc f   LIBCMT:utility.obj
 0001:0000572c       atexit                     000000018000672c f   LIBCMT:utility.obj
 0001:00005760       __chkstk                   0000000180006760 f   LIBCMT:chkstk.obj
 0001:00005760       _alloca_probe              0000000180006760 f   LIBCMT:chkstk.obj
 0001:000057b4       __raise_securityfailure    00000001800067b4 f   LIBCMT:gs_report.obj
 0001:000057e8       __report_gsfailure         00000001800067e8 f   LIBCMT:gs_report.obj
 0001:000058bc       __report_rangecheckfailure 00000001800068bc f   LIBCMT:gs_report.obj
 0001:000058d0       __report_securityfailure   00000001800068d0 f   LIBCMT:gs_report.obj
 0001:00005a50       ??0bad_array_new_length@std@@QEAA@AEBV01@@Z 0000000180006a50 f i LIBCMT:throw_bad_alloc.obj
 0001:00005a90       ??0bad_array_new_length@std@@QEAA@XZ 0000000180006a90 f i LIBCMT:throw_bad_alloc.obj
 0001:00005ab0       ?__scrt_throw_std_bad_alloc@@YAXXZ 0000000180006ab0 f   LIBCMT:throw_bad_alloc.obj
 0001:00005ad0       ?__scrt_throw_std_bad_array_new_length@@YAXXZ 0000000180006ad0 f   LIBCMT:throw_bad_alloc.obj
 0001:00005af0       ??3@YAXPEAX@Z              0000000180006af0 f   LIBCMT:delete_scalar.obj
 0001:00005af8       __security_init_cookie     0000000180006af8 f   LIBCMT:gs_support.obj
 0001:00005ba4       ?__scrt_initialize_type_info@@YAXXZ 0000000180006ba4 f   LIBCMT:tncleanup.obj
 0001:00005bb4       ?__scrt_uninitialize_type_info@@YAXXZ 0000000180006bb4 f   LIBCMT:tncleanup.obj
 0001:00005bc0       __local_stdio_scanf_options 0000000180006bc0 f i LIBCMT:default_local_stdio_options.obj
 0001:00005bc8       __scrt_initialize_default_local_stdio_options 0000000180006bc8 f   LIBCMT:default_local_stdio_options.obj
 0001:00005be4       __scrt_get_dyn_tls_init_callback 0000000180006be4 f   LIBCMT:dyn_tls_init.obj
 0001:00005bec       __crt_debugger_hook        0000000180006bec f   LIBCMT:utility_desktop.obj
 0001:00005bf4       __scrt_fastfail            0000000180006bf4 f   LIBCMT:utility_desktop.obj
 0001:00005d40       _RTC_Initialize            0000000180006d40 f   LIBCMT:initsect.obj
 0001:00005d7c       _RTC_Terminate             0000000180006d7c f   LIBCMT:initsect.obj
 0001:00005dc0       __isa_available_init       0000000180006dc0 f   LIBCMT:cpu_disp.obj
 0001:00005f3c       __scrt_is_ucrt_dll_in_use  0000000180006f3c f   LIBCMT:ucrt_detection.obj
 0001:00005f48       __std_exception_copy       0000000180006f48 f   libvcruntime:std_exception.obj
 0001:00005fd8       __std_exception_destroy    0000000180006fd8 f   libvcruntime:std_exception.obj
 0001:00006000       _CxxThrowException         0000000180007000 f   libvcruntime:throw.obj
 0001:000060c0       ??$_CallSETranslator@V__FrameHandler3@@@@YAHPEAUEHExceptionRecord@@PEA_KPEAU_CONTEXT@@PEAU_xDISPATCHER_CONTEXT@@PEBU_s_FuncInfo@@K1@Z 00000001800070c0 f i libvcruntime:risctrnsctrl.obj
 0001:00006114       ?CatchTryBlock@__FrameHandler3@@SAPEBU_s_TryBlockMapEntry@@PEBU_s_FuncInfo@@H@Z 0000000180007114 f   libvcruntime:risctrnsctrl.obj
 0001:0000616c       ?ExecutionInCatch@__FrameHandler3@@SA_NPEAU_xDISPATCHER_CONTEXT@@PEBU_s_FuncInfo@@@Z 000000018000716c f   libvcruntime:risctrnsctrl.obj
 0001:00006198       ?FrameUnwindToEmptyState@__FrameHandler3@@SAXPEA_KPEAU_xDISPATCHER_CONTEXT@@PEBU_s_FuncInfo@@@Z 0000000180007198 f   libvcruntime:risctrnsctrl.obj
 0001:000061fc       ?GetEstablisherFrame@__FrameHandler3@@SAPEA_KPEA_KPEAU_xDISPATCHER_CONTEXT@@PEBU_s_FuncInfo@@0@Z 00000001800071fc f   libvcruntime:risctrnsctrl.obj
 0001:000062c8       ?GetRangeOfTrysToCheck@__FrameHandler3@@SA?AU?$pair@Viterator@TryBlockMap@__FrameHandler3@@V123@@std@@AEAVTryBlockMap@1@HH@Z 00000001800072c8 f   libvcruntime:risctrnsctrl.obj
 0001:00006424       ?UnwindNestedFrames@__FrameHandler3@@SAXPEA_KPEAUEHExceptionRecord@@PEAU_CONTEXT@@0PEAXPEBU_s_FuncInfo@@HHPEBU_s_HandlerType@@PEAU_xDISPATCHER_CONTEXT@@E@Z 0000000180007424 f   libvcruntime:risctrnsctrl.obj
 0001:00006548       _CreateFrameInfo           0000000180007548 f   libvcruntime:risctrnsctrl.obj
 0001:00006584       _FindAndUnlinkFrame        0000000180007584 f   libvcruntime:risctrnsctrl.obj
 0001:000065d8       _GetImageBase              00000001800075d8 f   libvcruntime:risctrnsctrl.obj
 0001:000065ec       _GetThrowImageBase         00000001800075ec f   libvcruntime:risctrnsctrl.obj
 0001:00006600       _SetImageBase              0000000180007600 f   libvcruntime:risctrnsctrl.obj
 0001:00006618       _SetThrowImageBase         0000000180007618 f   libvcruntime:risctrnsctrl.obj
 0001:00006630       __CxxFrameHandler3         0000000180007630 f   libvcruntime:risctrnsctrl.obj
 0001:000066c0       memcpy_repmovs             00000001800076c0 f   libvcruntime:memcpy.obj
 0001:000066e0       memmove                    00000001800076e0 f   libvcruntime:memcpy.obj
 0001:000066e0       memcpy                     00000001800076e0 f   libvcruntime:memcpy.obj
 0001:00006b20       memset_repmovs             0000000180007b20 f   libvcruntime:memset.obj
 0001:00006b40       memset                     0000000180007b40 f   libvcruntime:memset.obj
 0001:00006cd0       _purecall                  0000000180007cd0 f   libvcruntime:purevirt.obj
 0001:00006d00       __DestructExceptionObject  0000000180007d00 f   libvcruntime:ehhelpers.obj
 0001:00006d74       ?_CallMemberFunction0@@YAXQEAX0@Z 0000000180007d74 f i libvcruntime:ehhelpers.obj
 0001:00006d78       _IsExceptionObjectToBeDestroyed 0000000180007d78 f   libvcruntime:ehhelpers.obj
 0001:00006da8       __AdjustPointer            0000000180007da8 f   libvcruntime:ehhelpers.obj
 0001:00006dcc       __FrameUnwindFilter        0000000180007dcc f   libvcruntime:ehhelpers.obj
 0001:00006e18       __std_terminate            0000000180007e18 f   libvcruntime:ehhelpers.obj
 0001:00006e40       memchr                     0000000180007e40 f   libvcruntime:memchr.obj
 0001:00006ec0       memcmp                     0000000180007ec0 f   libvcruntime:memcmp.obj
 0001:00006f88       __C_specific_handler       0000000180007f88 f   libvcruntime:riscchandler.obj
 0001:00007194       __vcrt_initialize          0000000180008194 f   libvcruntime:initialization.obj
 0001:000071c8       __vcrt_thread_attach       00000001800081c8 f   libvcruntime:initialization.obj
 0001:000071dc       __vcrt_thread_detach       00000001800081dc f   libvcruntime:initialization.obj
 0001:000071f0       __vcrt_uninitialize        00000001800081f0 f   libvcruntime:initialization.obj
 0001:00007210       __vcrt_uninitialize_critical 0000000180008210 f   libvcruntime:initialization.obj
 0001:00007220       __std_type_info_compare    0000000180008220 f   libvcruntime:std_type_info.obj
 0001:00007248       __std_type_info_destroy_list 0000000180008248 f   libvcruntime:std_type_info.obj
 0001:00007274       __vcrt_freefls             0000000180008274 f   libvcruntime:per_thread_data.obj
 0001:00007294       __vcrt_freeptd             0000000180008294 f   libvcruntime:per_thread_data.obj
 0001:000072e4       __vcrt_getptd              00000001800082e4 f   libvcruntime:per_thread_data.obj
 0001:00007300       __vcrt_getptd_noexit       0000000180008300 f   libvcruntime:per_thread_data.obj
 0001:000073cc       __vcrt_initialize_ptd      00000001800083cc f   libvcruntime:per_thread_data.obj
 0001:00007420       __vcrt_uninitialize_ptd    0000000180008420 f   libvcruntime:per_thread_data.obj
 0001:00007444       ?GetCurrentState@__FrameHandler3@@SAHPEA_KPEAU_xDISPATCHER_CONTEXT@@PEBU_s_FuncInfo@@@Z 0000000180008444 f   libvcruntime:ehstate.obj
 0001:0000746c       ?GetUnwindTryBlock@__FrameHandler3@@SAHPEA_KPEAU_xDISPATCHER_CONTEXT@@PEBU_s_FuncInfo@@@Z 000000018000846c f   libvcruntime:ehstate.obj
 0001:00007498       ?SetState@__FrameHandler3@@SAXPEA_KPEBU_s_FuncInfo@@H@Z 0000000180008498 f   libvcruntime:ehstate.obj
 0001:000074a4       ?SetUnwindTryBlock@__FrameHandler3@@SAXPEA_KPEAU_xDISPATCHER_CONTEXT@@PEBU_s_FuncInfo@@H@Z 00000001800084a4 f   libvcruntime:ehstate.obj
 0001:000074e0       ?StateFromControlPc@__FrameHandler3@@SAHPEBU_s_FuncInfo@@PEAU_xDISPATCHER_CONTEXT@@@Z 00000001800084e0 f   libvcruntime:ehstate.obj
 0001:000074e8       ?StateFromIp@__FrameHandler3@@SAHPEBU_s_FuncInfo@@PEAU_xDISPATCHER_CONTEXT@@_K@Z 00000001800084e8 f   libvcruntime:ehstate.obj
 0001:00007f74       ??$TypeMatchHelper@V__FrameHandler3@@@@YAHPEBU_s_HandlerType@@PEBU_s_CatchableType@@PEBU_s_ThrowInfo@@@Z 0000000180008f74 f i libvcruntime:frame.obj
 0001:000080b8       ??$__InternalCxxFrameHandler@V__FrameHandler3@@@@YA?AW4_EXCEPTION_DISPOSITION@@PEAUEHExceptionRecord@@PEA_KPEAU_CONTEXT@@PEAU_xDISPATCHER_CONTEXT@@PEBU_s_FuncInfo@@H1E@Z 00000001800090b8 f i libvcruntime:frame.obj
 0001:00008300       ??0bad_exception@std@@QEAA@AEBV01@@Z 0000000180009300 f i libvcruntime:frame.obj
 0001:00008340       ??0bad_exception@std@@QEAA@XZ 0000000180009340 f i libvcruntime:frame.obj
 0001:00008360       ?CxxCallCatchBlock@__FrameHandler3@@SAPEAXPEAU_EXCEPTION_RECORD@@@Z 0000000180009360 f   libvcruntime:frame.obj
 0001:000085d4       ?FrameUnwindToState@__FrameHandler3@@SAXPEA_KPEAU_xDISPATCHER_CONTEXT@@PEBU_s_FuncInfo@@H@Z 00000001800095d4 f   libvcruntime:frame.obj
 0001:00008768       ?GetHandlerSearchState@__FrameHandler3@@SAHPEA_KPEAU_xDISPATCHER_CONTEXT@@PEBU_s_FuncInfo@@@Z 0000000180009768 f i libvcruntime:frame.obj
 0001:0000896c       ?_CallMemberFunction1@@YAXQEAX00@Z 000000018000996c f i libvcruntime:frame.obj
 0001:00008978       ?_CallMemberFunction2@@YAXQEAX00H@Z 0000000180009978 f i libvcruntime:frame.obj
 0001:00008988       __vcrt_initialize_pure_virtual_call_handler 0000000180009988 f   libvcruntime:purevirt_data.obj
 0001:000089b0       _NLG_Notify                00000001800099b0 f   libvcruntime:notify.obj
 0001:000089d0       __NLG_Dispatch2            00000001800099d0 f   libvcruntime:notify.obj
 0001:000089e0       __NLG_Return2              00000001800099e0 f   libvcruntime:notify.obj
 0001:000089e4       __except_validate_context_record 00000001800099e4 f   libvcruntime:jbcxrval.obj
 0001:00008a1c       __vcrt_initialize_locks    0000000180009a1c f   libvcruntime:locks.obj
 0001:00008a64       __vcrt_uninitialize_locks  0000000180009a64 f   libvcruntime:locks.obj
 0001:00008c74       __vcrt_FlsAlloc            0000000180009c74 f   libvcruntime:winapi_downlevel.obj
 0001:00008cbc       __vcrt_FlsFree             0000000180009cbc f   libvcruntime:winapi_downlevel.obj
 0001:00008d04       __vcrt_FlsGetValue         0000000180009d04 f   libvcruntime:winapi_downlevel.obj
 0001:00008d4c       __vcrt_FlsSetValue         0000000180009d4c f   libvcruntime:winapi_downlevel.obj
 0001:00008da0       __vcrt_InitializeCriticalSectionEx 0000000180009da0 f   libvcruntime:winapi_downlevel.obj
 0001:00008e04       __vcrt_initialize_winapi_thunks 0000000180009e04 f   libvcruntime:winapi_downlevel.obj
 0001:00008e34       __vcrt_uninitialize_winapi_thunks 0000000180009e34 f   libvcruntime:winapi_downlevel.obj
 0001:00008e90       _CallSettingFrame          0000000180009e90 f   libvcruntime:handlers.obj
 0001:00008ee0       _CallSettingFrameEncoded   0000000180009ee0 f   libvcruntime:handlers.obj
 0001:00008f28       __acrt_call_reportfault    0000000180009f28 f   libucrt:invalid_parameter.obj
 0001:00009084       __acrt_initialize_invalid_parameter_handler 000000018000a084 f   libucrt:invalid_parameter.obj
 0001:0000908c       _invalid_parameter         000000018000a08c f   libucrt:invalid_parameter.obj
 0001:0000913c       _invalid_parameter_noinfo  000000018000a13c f   libucrt:invalid_parameter.obj
 0001:0000915c       _invalid_parameter_noinfo_noreturn 000000018000a15c f   libucrt:invalid_parameter.obj
 0001:0000918c       _invoke_watson             000000018000a18c f   libucrt:invalid_parameter.obj
 0001:000091d4       ??0_LocaleUpdate@@QEAA@QEAU__crt_locale_pointers@@@Z 000000018000a1d4 f i libucrt:stricmp.obj
 0001:00009270       ??1_LocaleUpdate@@QEAA@XZ  000000018000a270 f i libucrt:stricmp.obj
 0001:00009284       __ascii_stricmp            000000018000a284 f   libucrt:stricmp.obj
 0001:000092c4       _stricmp                   000000018000a2c4 f   libucrt:stricmp.obj
 0001:0000930c       _stricmp_l                 000000018000a30c f   libucrt:stricmp.obj
 0001:000093c0       terminate                  000000018000a3c0 f   libucrt:terminate.obj
 0001:000093e0       free                       000000018000a3e0 f   libucrt:free.obj
 0001:000093f4       __acrt_initialize_stdio    000000018000a3f4 f   libucrt:_file.obj
 0001:00009514       __acrt_iob_func            000000018000a514 f   libucrt:_file.obj
 0001:00009528       __acrt_uninitialize_stdio  000000018000a528 f   libucrt:_file.obj
 0001:00009584       _get_stream_buffer_pointers 000000018000a584 f   libucrt:_file.obj
 0001:000095cc       _lock_file                 000000018000a5cc f   libucrt:_file.obj
 0001:000095d8       _unlock_file               000000018000a5d8 f   libucrt:_file.obj
 0001:000095e4       _fclose_nolock             000000018000a5e4 f   libucrt:fclose.obj
 0001:00009668       fclose                     000000018000a668 f   libucrt:fclose.obj
 0001:000098e8       __acrt_stdio_flush_nolock  000000018000a8e8 f   libucrt:fflush.obj
 0001:00009964       _fflush_nolock             000000018000a964 f   libucrt:fflush.obj
 0001:000099b0       _flushall                  000000018000a9b0 f   libucrt:fflush.obj
 0001:000099b8       fflush                     000000018000a9b8 f   libucrt:fflush.obj
 0001:00009a20       _fgetc_nolock              000000018000aa20 f   libucrt:fgetc.obj
 0001:00009a64       fgetc                      000000018000aa64 f   libucrt:fgetc.obj
 0001:00009b6c       fgetpos                    000000018000ab6c f   libucrt:fgetpos.obj
 0001:00009bb8       fputc                      000000018000abb8 f   libucrt:fputc.obj
 0001:00009cdc       _fread_nolock_s            000000018000acdc f   libucrt:fread.obj
 0001:00009f6c       fread                      000000018000af6c f   libucrt:fread.obj
 0001:00009f8c       fread_s                    000000018000af8c f   libucrt:fread.obj
 0001:0000a034       fsetpos                    000000018000b034 f   libucrt:fsetpos.obj
 0001:0000a274       _fseeki64                  000000018000b274 f   libucrt:fseek.obj
 0001:0000a320       _fwrite_nolock             000000018000b320 f   libucrt:fwrite.obj
 0001:0000a4cc       fwrite                     000000018000b4cc f   libucrt:fwrite.obj
 0001:0000a670       setvbuf                    000000018000b670 f   libucrt:setvbuf.obj
 0001:0000a70c       _ungetc_nolock             000000018000b70c f   libucrt:ungetc.obj
 0001:0000a834       ungetc                     000000018000b834 f   libucrt:ungetc.obj
 0001:0000a88c       __acrt_initialize_locks    000000018000b88c f   libucrt:locks.obj
 0001:0000a8d4       __acrt_lock                000000018000b8d4 f   libucrt:locks.obj
 0001:0000a8f0       __acrt_uninitialize_locks  000000018000b8f0 f   libucrt:locks.obj
 0001:0000a928       __acrt_unlock              000000018000b928 f   libucrt:locks.obj
 0001:0000a944       _lock_locales              000000018000b944 f   libucrt:locks.obj
 0001:0000a960       _unlock_locales            000000018000b960 f   libucrt:locks.obj
 0001:0000a970       calloc                     000000018000b970 f   libucrt:calloc.obj
 0001:0000a978       __pctype_func              000000018000b978 f   libucrt:ctype.obj
 0001:0000a9a8       islower                    000000018000b9a8 f i libucrt:_ctype.obj
 0001:0000aa3c       isupper                    000000018000ba3c f i libucrt:_ctype.obj
 0001:0000aad0       _wcsdup                    000000018000bad0 f   libucrt:wcsdup.obj
 0001:0000ab54       ___lc_codepage_func        000000018000bb54 f   libucrt:initctype.obj
 0001:0000ab84       ___lc_locale_name_func     000000018000bb84 f   libucrt:initctype.obj
 0001:0000abb8       __acrt_locale_initialize_ctype 000000018000bbb8 f   libucrt:initctype.obj
 0001:0000b208       malloc                     000000018000c208 f   libucrt:malloc.obj
 0001:0000b4f0       setlocale                  000000018000c4f0 f   libucrt:setlocale.obj
 0001:0000b53c       abort                      000000018000c53c f   libucrt:abort.obj
 0001:0000b594       __strncnt                  000000018000c594 f   libucrt:strncnt.obj
 0001:0000b5ac       __acrt_errno_from_os_error 000000018000c5ac f   libucrt:errno.obj
 0001:0000b5f4       __acrt_errno_map_os_error  000000018000c5f4 f   libucrt:errno.obj
 0001:0000b644       __doserrno                 000000018000c644 f   libucrt:errno.obj
 0001:0000b664       _errno                     000000018000c664 f   libucrt:errno.obj
 0001:0000b690       pow                        000000018000c690 f   libucrt:pow.obj
 0001:0000cd30       powf                       000000018000dd30 f   libucrt:powf.obj
 0001:0000dbf8       wcscpy_s                   000000018000ebf8 f   libucrt:wcscpy_s.obj
 0001:0000dc60       wcsnlen                    000000018000ec60 f   libucrt:strnlen.obj
 0001:0000de38       ??$__acrt_mbs_to_wcs_cp@U__crt_win32_buffer_internal_dynamic_resizing@@@@YAHQEBDAEAV?$__crt_win32_buffer@_WU__crt_win32_buffer_internal_dynamic_resizing@@@@I@Z 000000018000ee38 f i libucrt:strftime.obj
 0001:0000dfb0       ??$__acrt_wcs_to_mbs_cp@U__crt_win32_buffer_no_resizing@@@@YAHQEB_WAEAV?$__crt_win32_buffer@DU__crt_win32_buffer_no_resizing@@@@I@Z 000000018000efb0 f i libucrt:strftime.obj
 0001:0000e124       _tolower_l                 000000018000f124 f   libucrt:tolower_toupper.obj
 0001:0000e264       __acrt_initialize_new_handler 000000018000f264 f   libucrt:new_handler.obj
 0001:0000e26c       _callnewh                  000000018000f26c f   libucrt:new_handler.obj
 0001:0000e29c       _query_new_handler         000000018000f29c f   libucrt:new_handler.obj
 0001:0000e2d0       _initterm                  000000018000f2d0 f   libucrt:initterm.obj
 0001:0000e334       _initterm_e                000000018000f334 f   libucrt:initterm.obj
 0001:0000e374       _seh_filter_dll            000000018000f374 f   libucrt:exception_filter.obj
 0001:0000e388       _seh_filter_exe            000000018000f388 f   libucrt:exception_filter.obj
 0001:0000e778       __acrt_initialize_thread_local_exit_callback 000000018000f778 f   libucrt:exit.obj
 0001:0000e780       _cexit                     000000018000f780 f   libucrt:exit.obj
 0001:0000e790       _exit                      000000018000f790 f   libucrt:exit.obj
 0001:0000e79c       _is_c_termination_complete 000000018000f79c f   libucrt:exit.obj
 0001:0000e968       __acrt_allocate_buffer_for_argv 000000018000f968 f   libucrt:argv_parsing.obj
 0001:0000e9c8       _configure_narrow_argv     000000018000f9c8 f   libucrt:argv_parsing.obj
 0001:0000ed40       __dcrt_uninitialize_environments_nolock 000000018000fd40 f   libucrt:environment_initialization.obj
 0001:0000ed78       _initialize_narrow_environment 000000018000fd78 f   libucrt:environment_initialization.obj
 0001:0000f0c0       _crt_atexit                00000001800100c0 f   libucrt:onexit.obj
 0001:0000f0d0       _execute_onexit_table      00000001800100d0 f   libucrt:onexit.obj
 0001:0000f10c       _initialize_onexit_table   000000018001010c f   libucrt:onexit.obj
 0001:0000f134       _register_onexit_function  0000000180010134 f   libucrt:onexit.obj
 0001:0000f2a8       __acrt_initialize          00000001800102a8 f   libucrt:initialization.obj
 0001:0000f2bc       __acrt_thread_attach       00000001800102bc f   libucrt:initialization.obj
 0001:0000f2d0       __acrt_thread_detach       00000001800102d0 f   libucrt:initialization.obj
 0001:0000f2e0       __acrt_uninitialize        00000001800102e0 f   libucrt:initialization.obj
 0001:0000f318       __acrt_uninitialize_critical 0000000180010318 f   libucrt:initialization.obj
 0001:0000f328       strcpy_s                   0000000180010328 f   libucrt:strcpy_s.obj
 0001:0000f388       wcsncmp                    0000000180010388 f   libucrt:wcsncmp.obj
 0001:0000f3b4       ??$parse_integer@KV?$c_string_character_source@_W@__crt_strtox@@@__crt_strtox@@YAKQEAU__crt_locale_pointers@@V?$c_string_character_source@_W@0@H_N@Z 00000001800103b4 f i libucrt:atox.obj
 0001:0000fa68       _wtol                      0000000180010a68 f   libucrt:atox.obj
 0001:0000fab0       strncmp                    0000000180010ab0 f   libucrt:strncmp.obj
 0001:0000fea8       __acrt_freeptd             0000000180010ea8 f   libucrt:per_thread_data.obj
 0001:0000feec       __acrt_getptd              0000000180010eec f   libucrt:per_thread_data.obj
 0001:0000ffc0       __acrt_getptd_head         0000000180010fc0 f   libucrt:per_thread_data.obj
 0001:00010068       __acrt_getptd_noexit       0000000180011068 f   libucrt:per_thread_data.obj
 0001:00010134       __acrt_initialize_ptd      0000000180011134 f   libucrt:per_thread_data.obj
 0001:00010170       __acrt_uninitialize_ptd    0000000180011170 f   libucrt:per_thread_data.obj
 0001:00010194       __acrt_update_locale_info  0000000180011194 f   libucrt:locale_update.obj
 0001:000101c8       __acrt_update_multibyte_info 00000001800111c8 f   libucrt:locale_update.obj
 0001:00010464       __acrt_copy_locale_name    0000000180011464 f   libucrt:wsetlocale.obj
 0001:000104e8       __acrt_set_locale_changed  00000001800114e8 f   libucrt:wsetlocale.obj
 0001:000104f4       __acrt_uninitialize_locale 00000001800114f4 f   libucrt:wsetlocale.obj
 0001:00010524       __lc_lctowcs               0000000180011524 f   libucrt:wsetlocale.obj
 0001:000105c8       __lc_wcstolc               00000001800115c8 f   libucrt:wsetlocale.obj
 0001:00010804       _expandlocale              0000000180011804 f   libucrt:wsetlocale.obj
 0001:00010be8       _wcscats                   0000000180011be8 f   libucrt:wsetlocale.obj
 0001:00010c50       _wsetlocale                0000000180011c50 f   libucrt:wsetlocale.obj
 0001:000114c8       _free_base                 00000001800124c8 f   libucrt:free_base.obj
 0001:00011508       _calloc_base               0000000180012508 f   libucrt:calloc_base.obj
 0001:000117fc       __acrt_AppPolicyGetProcessTerminationMethodInternal 00000001800127fc f   libucrt:winapi_thunks.obj
 0001:0001184c       __acrt_AreFileApisANSI     000000018001284c f   libucrt:winapi_thunks.obj
 0001:00011888       __acrt_EnumSystemLocalesEx 0000000180012888 f   libucrt:winapi_thunks.obj
 0001:00011920       __acrt_FlsAlloc            0000000180012920 f   libucrt:winapi_thunks.obj
 0001:00011968       __acrt_FlsFree             0000000180012968 f   libucrt:winapi_thunks.obj
 0001:000119b0       __acrt_FlsGetValue         00000001800129b0 f   libucrt:winapi_thunks.obj
 0001:000119f8       __acrt_FlsSetValue         00000001800129f8 f   libucrt:winapi_thunks.obj
 0001:00011a4c       __acrt_GetLocaleInfoEx     0000000180012a4c f   libucrt:winapi_thunks.obj
 0001:00011ad0       __acrt_GetUserDefaultLocaleName 0000000180012ad0 f   libucrt:winapi_thunks.obj
 0001:00011b34       __acrt_InitializeCriticalSectionEx 0000000180012b34 f   libucrt:winapi_thunks.obj
 0001:00011b98       __acrt_IsValidLocaleName   0000000180012b98 f   libucrt:winapi_thunks.obj
 0001:00011bf0       __acrt_LCIDToLocaleName    0000000180012bf0 f   libucrt:winapi_thunks.obj
 0001:00011c60       __acrt_LCMapStringEx       0000000180012c60 f   libucrt:winapi_thunks.obj
 0001:00011d3c       __acrt_LocaleNameToLCID    0000000180012d3c f   libucrt:winapi_thunks.obj
 0001:00011d8c       __acrt_can_use_vista_locale_apis 0000000180012d8c f   libucrt:winapi_thunks.obj
 0001:00011dbc       __acrt_eagerly_load_locale_apis 0000000180012dbc f   libucrt:winapi_thunks.obj
 0001:00011f18       __acrt_initialize_winapi_thunks 0000000180012f18 f   libucrt:winapi_thunks.obj
 0001:00011f4c       __acrt_uninitialize_winapi_thunks 0000000180012f4c f   libucrt:winapi_thunks.obj
 0001:00011f90       _fcloseall                 0000000180012f90 f   libucrt:closeall.obj
 0001:00012044       __acrt_stdio_free_buffer_nolock 0000000180013044 f   libucrt:_freebuf.obj
 0001:00012280       __acrt_initialize_lowio    0000000180013280 f   libucrt:ioinit.obj
 0001:000122bc       __acrt_uninitialize_lowio  00000001800132bc f   libucrt:ioinit.obj
 0001:00012370       _close                     0000000180013370 f   libucrt:close.obj
 0001:00012414       _close_nolock              0000000180013414 f   libucrt:close.obj
 0001:000124d4       _fileno                    00000001800134d4 f   libucrt:fileno.obj
 0001:000124fc       ?__acrt_stdio_free_stream@@YAXV__crt_stdio_stream@@@Z 00000001800134fc f   libucrt:stream.obj
 0001:000125a4       _commit                    00000001800135a4 f   libucrt:commit.obj
 0001:00012ea4       _write                     0000000180013ea4 f   libucrt:write.obj
 0001:00012f90       _write_nolock              0000000180013f90 f   libucrt:write.obj
 0001:0001326c       __acrt_stdio_refill_and_read_narrow_nolock 000000018001426c f   libucrt:_filbuf.obj
 0001:000138a8       _ftelli64                  00000001800148a8 f   libucrt:ftell.obj
 0001:000138b0       _ftelli64_nolock           00000001800148b0 f   libucrt:ftell.obj
 0001:00013a14       __acrt_stdio_flush_and_write_narrow_nolock 0000000180014a14 f   libucrt:_flsbuf.obj
 0001:000140d4       _read                      00000001800150d4 f   libucrt:read.obj
 0001:000141f0       _read_nolock               00000001800151f0 f   libucrt:read.obj
 0001:000147d4       _lseeki64                  00000001800157d4 f   libucrt:lseek.obj
 0001:000147dc       _lseeki64_nolock           00000001800157dc f   libucrt:lseek.obj
 0001:000147e4       __acrt_stdio_begin_temporary_buffering_nolock 00000001800157e4 f   libucrt:_sftbuf.obj
 0001:000148b4       __acrt_stdio_end_temporary_buffering_nolock 00000001800158b4 f   libucrt:_sftbuf.obj
 0001:000148f0       _malloc_base               00000001800158f0 f   libucrt:malloc_base.obj
 0001:00014950       __acrt_stdio_allocate_buffer_nolock 0000000180015950 f   libucrt:_getbuf.obj
 0001:000149b8       _isctype_l                 00000001800159b8 f   libucrt:isctype.obj
 0001:00014c44       __acrt_GetLocaleInfoA      0000000180015c44 f   libucrt:getlocaleinfoa.obj
 0001:00014e0c       __acrt_GetStringTypeA      0000000180015e0c f   libucrt:getstringtypea.obj
 0001:000152b4       __acrt_LCMapStringA        00000001800162b4 f   libucrt:lcmapstringa.obj
 0001:00015550       _mbstowcs_s_l              0000000180016550 f   libucrt:mbstowcs.obj
 0001:00015684       mbstowcs_s                 0000000180016684 f   libucrt:mbstowcs.obj
 0001:00015a0c       _wcstombs_s_l              0000000180016a0c f   libucrt:wcstombs.obj
 0001:00015b40       __acrt_get_sigabrt_handler 0000000180016b40 f   libucrt:signal.obj
 0001:00015b70       __acrt_initialize_signal_handlers 0000000180016b70 f   libucrt:signal.obj
 0001:00015b90       raise                      0000000180016b90 f   libucrt:signal.obj
 0001:00015dfc       _realloc_base              0000000180016dfc f   libucrt:realloc_base.obj
 0001:00015e78       iswctype                   0000000180016e78 f   libucrt:iswctype.obj
 0001:00015ee8       _raise_exc                 0000000180016ee8 f   libucrt:fpexcept.obj
 0001:00015f10       _raise_exc_ex              0000000180016f10 f   libucrt:fpexcept.obj
 0001:00016220       _raise_excf                0000000180017220 f   libucrt:fpexcept.obj
 0001:0001624c       _set_errno_from_matherr    000000018001724c f   libucrt:fpexcept.obj
 0001:0001627c       _clrfp                     000000018001727c f   libucrt:fpctrl.obj
 0001:0001629c       _ctrlfp                    000000018001729c f   libucrt:fpctrl.obj
 0001:00016318       _set_statfp                0000000180017318 f   libucrt:fpctrl.obj
 0001:00016338       _statfp                    0000000180017338 f   libucrt:fpctrl.obj
 0001:0001634c       _mbtowc_l                  000000018001734c f   libucrt:mbtowc.obj
 0001:000164c8       mbtowc                     00000001800174c8 f   libucrt:mbtowc.obj
 0001:000164d0       __acrt_initialize_fma3     00000001800174d0 f   libucrt:fma3_available.obj
 0001:00016540       _pow_special               0000000180017540 f   libucrt:pow_special.obj
 0001:00016664       _powf_special              0000000180017664 f   libucrt:pow_special.obj
 0001:000167f0       __acrt_MultiByteToWideChar 00000001800177f0 f   libucrt:multibytetowidechar.obj
 0001:0001684c       __acrt_WideCharToMultiByte 000000018001784c f   libucrt:widechartomultibyte.obj
 0001:000168e4       _wcsicmp                   00000001800178e4 f   libucrt:wcsicmp.obj
 0001:0001697c       _wcsicmp_l                 000000018001797c f   libucrt:wcsicmp.obj
 0001:00016a7c       __acrt_initialize_timeset  0000000180017a7c f   libucrt:timeset.obj
 0001:00016ac0       _isleadbyte_l              0000000180017ac0 f i libucrt:_wctype.obj
 0001:00016b0c       __acrt_get_process_end_policy 0000000180017b0c f   libucrt:win_policies.obj
 0001:00016b5c       ??$__acrt_wcs_to_mbs_cp@U__crt_win32_buffer_internal_dynamic_resizing@@@@YAHQEB_WAEAV?$__crt_win32_buffer@DU__crt_win32_buffer_internal_dynamic_resizing@@@@I@Z 0000000180017b5c f i libucrt:argv_wildcards.obj
 0001:0001738c       __acrt_expand_narrow_argv_wildcards 000000018001838c f   libucrt:argv_wildcards.obj
 0001:00017394       __acrt_GetModuleFileNameA  0000000180018394 f   libucrt:getmodulefilenamea.obj
 0001:00017be0       __acrt_initialize_multibyte 0000000180018be0 f   libucrt:mbctype.obj
 0001:00017c40       __acrt_update_thread_multibyte_data 0000000180018c40 f   libucrt:mbctype.obj
 0001:00017c5c       _setmbcp_nolock            0000000180018c5c f   libucrt:mbctype.obj
 0001:00017f90       _ismbblead                 0000000180018f90 f   libucrt:ismbbyte.obj
 0001:00017fa4       __acrt_initialize_command_line 0000000180018fa4 f   libucrt:argv_data.obj
 0001:00017fcc       __dcrt_get_narrow_environment_from_os 0000000180018fcc f   libucrt:get_environment_from_os.obj
 0001:000180d0       _recalloc_base             00000001800190d0 f   libucrt:recalloc.obj
 0001:00018168       __acrt_initialize_heap     0000000180019168 f   libucrt:heap_handle.obj
 0001:00018184       __acrt_uninitialize_heap   0000000180019184 f   libucrt:heap_handle.obj
 0001:00018190       __acrt_execute_initializers 0000000180019190 f   libucrt:shared_initialization.obj
 0001:00018210       __acrt_execute_uninitializers 0000000180019210 f   libucrt:shared_initialization.obj
 0001:0001824c       __acrt_has_user_matherr    000000018001924c f   libucrt:matherr.obj
 0001:0001826c       __acrt_initialize_user_matherr 000000018001926c f   libucrt:matherr.obj
 0001:00018274       __acrt_invoke_user_matherr 0000000180019274 f   libucrt:matherr.obj
 0001:000182a4       __acrt_add_locale_ref      00000001800192a4 f   libucrt:locale_refcounting.obj
 0001:00018330       __acrt_free_locale         0000000180019330 f   libucrt:locale_refcounting.obj
 0001:000184a8       __acrt_locale_add_lc_time_reference 00000001800194a8 f   libucrt:locale_refcounting.obj
 0001:000184d0       __acrt_locale_free_lc_time_if_unreferenced 00000001800194d0 f   libucrt:locale_refcounting.obj
 0001:00018508       __acrt_locale_release_lc_time_reference 0000000180019508 f   libucrt:locale_refcounting.obj
 0001:00018530       __acrt_release_locale_ref  0000000180019530 f   libucrt:locale_refcounting.obj
 0001:000185d8       __acrt_update_thread_locale_data 00000001800195d8 f   libucrt:locale_refcounting.obj
 0001:00018648       _updatetlocinfoEx_nolock   0000000180019648 f   libucrt:locale_refcounting.obj
 0001:000186b0       __acrt_locale_free_monetary 00000001800196b0 f   libucrt:initmon.obj
 0001:000187bc       __acrt_locale_initialize_monetary 00000001800197bc f   libucrt:initmon.obj
 0001:00018cf0       __acrt_locale_free_numeric 0000000180019cf0 f   libucrt:initnum.obj
 0001:00018d5c       __acrt_locale_initialize_numeric 0000000180019d5c f   libucrt:initnum.obj
 0001:000193dc       __acrt_locale_free_time    000000018001a3dc f   libucrt:inittime.obj
 0001:000194e4       __acrt_locale_initialize_time 000000018001a4e4 f   libucrt:inittime.obj
 0001:00019580       wcscat_s                   000000018001a580 f   libucrt:wcscat_s.obj
 0001:00019600       wcsncpy_s                  000000018001a600 f   libucrt:wcsncpy_s.obj
 0001:000196e4       wcscspn                    000000018001a6e4 f   libucrt:wcscspn.obj
 0001:00019724       wcspbrk                    000000018001a724 f   libucrt:wcspbrk.obj
 0001:00019f0c       __acrt_get_qualified_locale 000000018001af0c f   libucrt:get_qualified_locale.obj
 0001:0001a940       __acrt_get_qualified_locale_downlevel 000000018001b940 f   libucrt:getqloc_downlevel.obj
 0001:0001abc0       _query_new_mode            000000018001bbc0 f   libucrt:new_mode.obj
 0001:0001acb0       __acrt_DownlevelLCIDToLocaleName 000000018001bcb0 f   libucrt:lcidtoname_downlevel.obj
 0001:0001ada4       __acrt_DownlevelLocaleNameToLCID 000000018001bda4 f   libucrt:lcidtoname_downlevel.obj
 0001:0001add8       __acrt_lowio_create_handle_array 000000018001bdd8 f   libucrt:osfinfo.obj
 0001:0001ae80       __acrt_lowio_destroy_handle_array 000000018001be80 f   libucrt:osfinfo.obj
 0001:0001aed0       __acrt_lowio_ensure_fh_exists 000000018001bed0 f   libucrt:osfinfo.obj
 0001:0001af78       __acrt_lowio_lock_fh       000000018001bf78 f   libucrt:osfinfo.obj
 0001:0001afa0       __acrt_lowio_unlock_fh     000000018001bfa0 f   libucrt:osfinfo.obj
 0001:0001afc8       _free_osfhnd               000000018001bfc8 f   libucrt:osfinfo.obj
 0001:0001b084       _get_osfhandle             000000018001c084 f   libucrt:osfinfo.obj
 0001:0001b0fc       _isatty                    000000018001c0fc f   libucrt:isatty.obj
 0001:0001b15c       ?__mbrtowc_utf8@__crt_mbstring@@YA_KPEA_WPEBD_KPEAU_Mbstatet@@@Z 000000018001c15c f   libucrt:mbrtowc.obj
 0001:0001b198       ?__mbsrtowcs_utf8@__crt_mbstring@@YA_KPEA_WPEAPEBD_KPEAU_Mbstatet@@@Z 000000018001c198 f   libucrt:mbrtowc.obj
 0001:0001b310       _putwch_nolock             000000018001c310 f   libucrt:putwch.obj
 0001:0001b34c       strncpy_s                  000000018001c34c f   libucrt:strncpy_s.obj
 0001:0001b420       ?__wcsrtombs_utf8@__crt_mbstring@@YA_KPEADPEAPEB_W_KPEAU_Mbstatet@@@Z 000000018001c420 f   libucrt:wcrtomb.obj
 0001:0001b53c       __acrt_GetStringTypeW      000000018001c53c f   libucrt:getstringtypew.obj
 0001:0001b560       _get_fpsr                  000000018001c560 f   libucrt:fpsr.obj
 0001:0001b570       _set_fpsr                  000000018001c570 f   libucrt:fpsr.obj
 0001:0001b57a       _fclrf                     000000018001c57a f   libucrt:fpsr.obj
 0001:0001b58e       _frnd                      000000018001c58e f   libucrt:fpsr.obj
 0001:0001b5b0       ?__c32rtomb_utf8@__crt_mbstring@@YA_KPEAD_UPEAU_Mbstatet@@@Z 000000018001c5b0 f   libucrt:c32rtomb.obj
 0001:0001b668       c32rtomb                   000000018001c668 f   libucrt:c32rtomb.obj
 0001:0001b794       _handle_error              000000018001c794 f   libucrt:libm_error.obj
 0001:0001b8bc       _handle_errorf             000000018001c8bc f   libucrt:libm_error.obj
 0001:0001b9f0       _handle_nan                000000018001c9f0 f   libucrt:libm_error.obj
 0001:0001ba0c       _handle_nanf               000000018001ca0c f   libucrt:libm_error.obj
 0001:0001ba1c       _towlower_l                000000018001ca1c f   libucrt:towlower.obj
 0001:0001bae0       qsort                      000000018001cae0 f   libucrt:qsort.obj
 0001:0001bf40       strpbrk                    000000018001cf40 f   libucrt:strpbrk.obj
 0001:0001c320       _mbsdec                    000000018001d320 f   libucrt:mbsdec.obj
 0001:0001c328       _mbsdec_l                  000000018001d328 f   libucrt:mbsdec.obj
 0001:0001c3d4       _msize_base                000000018001d3d4 f   libucrt:msize.obj
 0001:0001c550       _itow_s                    000000018001d550 f   libucrt:xtoa.obj
 0001:0001c570       _wcsnicmp                  000000018001d570 f   libucrt:wcsnicmp.obj
 0001:0001c61c       _wcsnicmp_l                000000018001d61c f   libucrt:wcsnicmp.obj
 0001:0001c744       wcscmp                     000000018001d744 f   libucrt:wcscmp.obj
 0001:0001c77c       _query_app_type            000000018001d77c f   libucrt:report_runtime_error.obj
 0001:0001c784       ?__mbrtoc32_utf8@__crt_mbstring@@YA_KPEA_UPEBD_KPEAU_Mbstatet@@@Z 000000018001d784 f   libucrt:mbrtoc32.obj
 0001:0001c960       __dcrt_lowio_ensure_console_output_initialized 000000018001d960 f   libucrt:initcon.obj
 0001:0001c9b4       __dcrt_terminate_console_output 000000018001d9b4 f   libucrt:initcon.obj
 0001:0001c9d0       __dcrt_write_console       000000018001d9d0 f   libucrt:initcon.obj
 0001:0001ca90       ?__c16rtomb_utf8@__crt_mbstring@@YA_KPEAD_SPEAU_Mbstatet@@@Z 000000018001da90 f   libucrt:c16rtomb.obj
 0001:0001cb40       log10                      000000018001db40 f   libucrt:log10.obj
 0001:0001d0ec       __acrt_LCMapStringW        000000018001e0ec f   libucrt:lcmapstringw.obj
 0001:0001d180       _log10_special             000000018001e180 f   libucrt:log_special.obj
 0001:0001d236       IsProcessorFeaturePresent  000000018001e236 f   kernel32:KERNEL32.dll
 0001:0001d23c       ?DloadAcquireSectionWriteAccess@@YAXXZ 000000018001e23c f i DelayImp:delayhlp.obj
 0001:0001d2e8       ?DloadGetSRWLockFunctionPointers@@YAEXZ 000000018001e2e8 f i DelayImp:delayhlp.obj
 0001:0001d384       ?DloadMakePermanentImageCommit@@YAXPEAX_K@Z 000000018001e384 f i DelayImp:delayhlp.obj
 0001:0001d41c       ?DloadObtainSection@@YAPEAXPEAK0@Z 000000018001e41c f i DelayImp:delayhlp.obj
 0001:0001d4b8       ?DloadProtectSection@@YAXKPEAK@Z 000000018001e4b8 f i DelayImp:delayhlp.obj
 0001:0001d548       ?DloadReleaseSectionWriteAccess@@YAXXZ 000000018001e548 f i DelayImp:delayhlp.obj
 0001:0001d5dc       __delayLoadHelper2         000000018001e5dc f   DelayImp:delayhlp.obj
 0001:0001d8a0       _FindPESection             000000018001e8a0 f   LIBCMT:pesect.obj
 0001:0001d8f0       _IsNonwritableInCurrentImage 000000018001e8f0 f   LIBCMT:pesect.obj
 0001:0001d940       _ValidateImageBase         000000018001e940 f   LIBCMT:pesect.obj
 0001:0001d970       _local_unwind              000000018001e970 f   libvcruntime:jmpuwind.obj
 0001:0001d99c       wcschr                     000000018001e99c f   libvcruntime:wcschr.obj
 0001:0001da40       _guard_dispatch_icall_nop  000000018001ea40 f   LIBCMT:guard_dispatch.obj
 0002:00000000       __imp_GetTickCount         0000000180020000     kernel32:KERNEL32.dll
 0002:00000008       __imp_GetModuleHandleA     0000000180020008     kernel32:KERNEL32.dll
 0002:00000010       __imp_LoadLibraryExA       0000000180020010     kernel32:KERNEL32.dll
 0002:00000018       __imp_VirtualQuery         0000000180020018     kernel32:KERNEL32.dll
 0002:00000020       __imp_VirtualProtect       0000000180020020     kernel32:KERNEL32.dll
 0002:00000028       __imp_GetSystemInfo        0000000180020028     kernel32:KERNEL32.dll
 0002:00000030       __imp_GetLastError         0000000180020030     kernel32:KERNEL32.dll
 0002:00000038       __imp_WideCharToMultiByte  0000000180020038     kernel32:KERNEL32.dll
 0002:00000040       __imp_SetLastError         0000000180020040     kernel32:KERNEL32.dll
 0002:00000048       __imp_InitializeCriticalSectionAndSpinCount 0000000180020048     kernel32:KERNEL32.dll
 0002:00000050       __imp_SwitchToThread       0000000180020050     kernel32:KERNEL32.dll
 0002:00000058       __imp_TlsAlloc             0000000180020058     kernel32:KERNEL32.dll
 0002:00000060       __imp_TlsGetValue          0000000180020060     kernel32:KERNEL32.dll
 0002:00000068       __imp_TlsSetValue          0000000180020068     kernel32:KERNEL32.dll
 0002:00000070       __imp_TlsFree              0000000180020070     kernel32:KERNEL32.dll
 0002:00000078       __imp_GetSystemTimeAsFileTime 0000000180020078     kernel32:KERNEL32.dll
 0002:00000080       __imp_GetModuleHandleW     0000000180020080     kernel32:KERNEL32.dll
 0002:00000088       __imp_GetProcAddress       0000000180020088     kernel32:KERNEL32.dll
 0002:00000090       __imp_EncodePointer        0000000180020090     kernel32:KERNEL32.dll
 0002:00000098       __imp_DecodePointer        0000000180020098     kernel32:KERNEL32.dll
 0002:000000a0       __imp_EnterCriticalSection 00000001800200a0     kernel32:KERNEL32.dll
 0002:000000a8       __imp_LeaveCriticalSection 00000001800200a8     kernel32:KERNEL32.dll
 0002:000000b0       __imp_DeleteCriticalSection 00000001800200b0     kernel32:KERNEL32.dll
 0002:000000b8       __imp_MultiByteToWideChar  00000001800200b8     kernel32:KERNEL32.dll
 0002:000000c0       __imp_LCMapStringW         00000001800200c0     kernel32:KERNEL32.dll
 0002:000000c8       __imp_GetLocaleInfoW       00000001800200c8     kernel32:KERNEL32.dll
 0002:000000d0       __imp_GetStringTypeW       00000001800200d0     kernel32:KERNEL32.dll
 0002:000000d8       __imp_GetCPInfo            00000001800200d8     kernel32:KERNEL32.dll
 0002:000000e0       __imp_RtlCaptureContext    00000001800200e0     kernel32:KERNEL32.dll
 0002:000000e8       __imp_RtlLookupFunctionEntry 00000001800200e8     kernel32:KERNEL32.dll
 0002:000000f0       __imp_RtlVirtualUnwind     00000001800200f0     kernel32:KERNEL32.dll
 0002:000000f8       __imp_UnhandledExceptionFilter 00000001800200f8     kernel32:KERNEL32.dll
 0002:00000100       __imp_SetUnhandledExceptionFilter 0000000180020100     kernel32:KERNEL32.dll
 0002:00000108       __imp_GetCurrentProcess    0000000180020108     kernel32:KERNEL32.dll
 0002:00000110       __imp_TerminateProcess     0000000180020110     kernel32:KERNEL32.dll
 0002:00000118       __imp_IsProcessorFeaturePresent 0000000180020118     kernel32:KERNEL32.dll
 0002:00000120       __imp_QueryPerformanceCounter 0000000180020120     kernel32:KERNEL32.dll
 0002:00000128       __imp_GetCurrentProcessId  0000000180020128     kernel32:KERNEL32.dll
 0002:00000130       __imp_GetCurrentThreadId   0000000180020130     kernel32:KERNEL32.dll
 0002:00000138       __imp_InitializeSListHead  0000000180020138     kernel32:KERNEL32.dll
 0002:00000140       __imp_IsDebuggerPresent    0000000180020140     kernel32:KERNEL32.dll
 0002:00000148       __imp_GetStartupInfoW      0000000180020148     kernel32:KERNEL32.dll
 0002:00000150       __imp_RtlPcToFileHeader    0000000180020150     kernel32:KERNEL32.dll
 0002:00000158       __imp_RaiseException       0000000180020158     kernel32:KERNEL32.dll
 0002:00000160       __imp_RtlUnwindEx          0000000180020160     kernel32:KERNEL32.dll
 0002:00000168       __imp_InterlockedFlushSList 0000000180020168     kernel32:KERNEL32.dll
 0002:00000170       __imp_FreeLibrary          0000000180020170     kernel32:KERNEL32.dll
 0002:00000178       __imp_LoadLibraryExW       0000000180020178     kernel32:KERNEL32.dll
 0002:00000180       __imp_ExitProcess          0000000180020180     kernel32:KERNEL32.dll
 0002:00000188       __imp_GetModuleHandleExW   0000000180020188     kernel32:KERNEL32.dll
 0002:00000190       __imp_GetModuleFileNameW   0000000180020190     kernel32:KERNEL32.dll
 0002:00000198       __imp_HeapFree             0000000180020198     kernel32:KERNEL32.dll
 0002:000001a0       __imp_HeapAlloc            00000001800201a0     kernel32:KERNEL32.dll
 0002:000001a8       __imp_IsValidLocale        00000001800201a8     kernel32:KERNEL32.dll
 0002:000001b0       __imp_GetUserDefaultLCID   00000001800201b0     kernel32:KERNEL32.dll
 0002:000001b8       __imp_EnumSystemLocalesW   00000001800201b8     kernel32:KERNEL32.dll
 0002:000001c0       __imp_GetStdHandle         00000001800201c0     kernel32:KERNEL32.dll
 0002:000001c8       __imp_GetFileType          00000001800201c8     kernel32:KERNEL32.dll
 0002:000001d0       __imp_CloseHandle          00000001800201d0     kernel32:KERNEL32.dll
 0002:000001d8       __imp_FlushFileBuffers     00000001800201d8     kernel32:KERNEL32.dll
 0002:000001e0       __imp_WriteFile            00000001800201e0     kernel32:KERNEL32.dll
 0002:000001e8       __imp_GetConsoleCP         00000001800201e8     kernel32:KERNEL32.dll
 0002:000001f0       __imp_GetConsoleMode       00000001800201f0     kernel32:KERNEL32.dll
 0002:000001f8       __imp_ReadFile             00000001800201f8     kernel32:KERNEL32.dll
 0002:00000200       __imp_GetFileSizeEx        0000000180020200     kernel32:KERNEL32.dll
 0002:00000208       __imp_SetFilePointerEx     0000000180020208     kernel32:KERNEL32.dll
 0002:00000210       __imp_ReadConsoleW         0000000180020210     kernel32:KERNEL32.dll
 0002:00000218       __imp_HeapReAlloc          0000000180020218     kernel32:KERNEL32.dll
 0002:00000220       __imp_FindClose            0000000180020220     kernel32:KERNEL32.dll
 0002:00000228       __imp_FindFirstFileExW     0000000180020228     kernel32:KERNEL32.dll
 0002:00000230       __imp_FindNextFileW        0000000180020230     kernel32:KERNEL32.dll
 0002:00000238       __imp_IsValidCodePage      0000000180020238     kernel32:KERNEL32.dll
 0002:00000240       __imp_GetACP               0000000180020240     kernel32:KERNEL32.dll
 0002:00000248       __imp_GetOEMCP             0000000180020248     kernel32:KERNEL32.dll
 0002:00000250       __imp_GetCommandLineA      0000000180020250     kernel32:KERNEL32.dll
 0002:00000258       __imp_GetCommandLineW      0000000180020258     kernel32:KERNEL32.dll
 0002:00000260       __imp_GetEnvironmentStringsW 0000000180020260     kernel32:KERNEL32.dll
 0002:00000268       __imp_FreeEnvironmentStringsW 0000000180020268     kernel32:KERNEL32.dll
 0002:00000270       __imp_GetProcessHeap       0000000180020270     kernel32:KERNEL32.dll
 0002:00000278       __imp_SetStdHandle         0000000180020278     kernel32:KERNEL32.dll
 0002:00000280       __imp_HeapSize             0000000180020280     kernel32:KERNEL32.dll
 0002:00000288       __imp_CreateFileW          0000000180020288     kernel32:KERNEL32.dll
 0002:00000290       __imp_WriteConsoleW        0000000180020290     kernel32:KERNEL32.dll
 0002:00000298       __imp_RtlUnwind            0000000180020298     kernel32:KERNEL32.dll
 0002:000002a0       \177KERNEL32_NULL_THUNK_DATA 00000001800202a0     kernel32:KERNEL32.dll
 0002:000002a8       __imp_GetSystemMetrics     00000001800202a8     user32:USER32.dll
 0002:000002b0       __imp_GetLastInputInfo     00000001800202b0     user32:USER32.dll
 0002:000002b8       __imp_SendMessageA         00000001800202b8     user32:USER32.dll
 0002:000002c0       \177USER32_NULL_THUNK_DATA 00000001800202c0     user32:USER32.dll
 0002:000002c8       __guard_check_icall_fptr   00000001800202c8     LIBCMT:guard_support.obj
 0002:000002d0       __guard_dispatch_icall_fptr 00000001800202d0     LIBCMT:guard_support.obj
 0002:000002d8       __xc_a                     00000001800202d8     LIBCMT:initializers.obj
 0002:00000328       _register_index_           0000000180020328     index.obj
 0002:00000330       __xc_z                     0000000180020330     LIBCMT:initializers.obj
 0002:00000338       __xi_a                     0000000180020338     LIBCMT:initializers.obj
 0002:00000348       __acrt_stdio_initializer   0000000180020348     libucrt:stdio_initializer.obj
 0002:00000350       __acrt_tran_fma3_initializer 0000000180020350     libucrt:fma3_initializer.obj
 0002:00000358       __acrt_timeset_initializer 0000000180020358     libucrt:timeset_initializer.obj
 0002:00000360       __acrt_multibyte_initializer 0000000180020360     libucrt:multibyte_initializer.obj
 0002:00000368       __xi_z                     0000000180020368     LIBCMT:initializers.obj
 0002:00000370       __xp_a                     0000000180020370     LIBCMT:initializers.obj
 0002:00000378       __acrt_locale_terminator   0000000180020378     libucrt:locale_initializer.obj
 0002:00000380       __dcrt_console_output_terminator 0000000180020380     libucrt:console_output_initializer.obj
 0002:00000388       __acrt_stdio_terminator    0000000180020388     libucrt:stdio_initializer.obj
 0002:00000390       __xp_z                     0000000180020390     LIBCMT:initializers.obj
 0002:00000398       __xt_a                     0000000180020398     LIBCMT:initializers.obj
 0002:000003a0       __xt_z                     00000001800203a0     LIBCMT:initializers.obj
 0002:000003b0       __sz_node_exe              00000001800203b0     node:node.exe
 0002:000003c8       ??_7exception@std@@6B@     00000001800203c8     libcpmt:xonce.obj
[...]
 0004:00001824       $pdata$GetLocaleNameFromLanguage 0000000180039824     libucrt:get_qualified_locale.obj
 0004:00001830       $pdata$LangCountryEnumProcEx 0000000180039830     libucrt:get_qualified_locale.obj
 0004:0000183c       $pdata$LanguageEnumProcEx  000000018003983c     libucrt:get_qualified_locale.obj
 0004:00001848       $pdata$ProcessCodePage     0000000180039848     libucrt:get_qualified_locale.obj
 0004:00001854       $pdata$TestDefaultCountry  0000000180039854     libucrt:get_qualified_locale.obj
 0004:00001860       $pdata$TranslateName       0000000180039860     libucrt:get_qualified_locale.obj
 0004:0000186c       $pdata$__acrt_get_qualified_locale 000000018003986c     libucrt:get_qualified_locale.obj
 0004:00001878       $pdata$CountryEnumProc     0000000180039878     libucrt:getqloc_downlevel.obj
 0004:00001884       $pdata$GetLcidFromLangCountry 0000000180039884     libucrt:getqloc_downlevel.obj
 0004:00001890       $pdata$GetLcidFromLanguage 0000000180039890     libucrt:getqloc_downlevel.obj
 0004:0000189c       $pdata$LangCountryEnumProc 000000018003989c     libucrt:getqloc_downlevel.obj
 0004:000018a8       $pdata$LanguageEnumProc    00000001800398a8     libucrt:getqloc_downlevel.obj
 0004:000018b4       $pdata$ProcessCodePage     00000001800398b4     libucrt:getqloc_downlevel.obj
 0004:000018c0       $pdata$TestDefaultLanguage 00000001800398c0     libucrt:getqloc_downlevel.obj
 0004:000018cc       $pdata$TranslateName       00000001800398cc     libucrt:getqloc_downlevel.obj
 0004:000018d8       $pdata$__acrt_get_qualified_locale_downlevel 00000001800398d8     libucrt:getqloc_downlevel.obj
 0004:000018e4       $pdata$?GetTableIndexFromLocaleName@@YAHPEB_W@Z 00000001800398e4     libucrt:lcidtoname_downlevel.obj
 0004:000018f0       $pdata$__acrt_DownlevelLCIDToLocaleName 00000001800398f0     libucrt:lcidtoname_downlevel.obj
 0004:000018fc       $pdata$__acrt_DownlevelLocaleNameToLCID 00000001800398fc     libucrt:lcidtoname_downlevel.obj
 0004:00001908       $pdata$__acrt_lowio_create_handle_array 0000000180039908     libucrt:osfinfo.obj
 0004:00001914       $pdata$__acrt_lowio_destroy_handle_array 0000000180039914     libucrt:osfinfo.obj
 0004:00001920       $pdata$__acrt_lowio_ensure_fh_exists 0000000180039920     libucrt:osfinfo.obj
 0004:0000192c       $pdata$_free_osfhnd        000000018003992c     libucrt:osfinfo.obj
 0004:00001938       $pdata$_get_osfhandle      0000000180039938     libucrt:osfinfo.obj
 0004:00001944       $pdata$_isatty             0000000180039944     libucrt:isatty.obj
 0004:00001950       $pdata$?__mbrtowc_utf8@__crt_mbstring@@YA_KPEA_WPEBD_KPEAU_Mbstatet@@@Z 0000000180039950     libucrt:mbrtowc.obj
 0004:0000195c       $pdata$?__mbsrtowcs_utf8@__crt_mbstring@@YA_KPEA_WPEAPEBD_KPEAU_Mbstatet@@@Z 000000018003995c     libucrt:mbrtowc.obj
 0004:00001968       $pdata$_putwch_nolock      0000000180039968     libucrt:putwch.obj
 0004:00001974       $pdata$strncpy_s           0000000180039974     libucrt:strncpy_s.obj
 0004:00001980       $pdata$?__wcsrtombs_utf8@__crt_mbstring@@YA_KPEADPEAPEB_W_KPEAU_Mbstatet@@@Z 0000000180039980     libucrt:wcrtomb.obj
 0004:00001998       $pdata$?__c32rtomb_utf8@__crt_mbstring@@YA_KPEAD_UPEAU_Mbstatet@@@Z 0000000180039998     libucrt:c32rtomb.obj
 0004:000019a4       $pdata$_call_matherr       00000001800399a4     libucrt:libm_error.obj
 0004:000019b0       $pdata$_exception_enabled  00000001800399b0     libucrt:libm_error.obj
 0004:000019bc       $pdata$_handle_error       00000001800399bc     libucrt:libm_error.obj
 0004:000019c8       $pdata$_handle_errorf      00000001800399c8     libucrt:libm_error.obj
 0004:000019d4       $pdata$_towlower_l         00000001800399d4     libucrt:towlower.obj
 0004:000019e0       $pdata$qsort               00000001800399e0     libucrt:qsort.obj
 0004:000019ec       $pdata$4$qsort             00000001800399ec     libucrt:qsort.obj
 0004:000019f8       $pdata$5$qsort             00000001800399f8     libucrt:qsort.obj
 0004:00001a04       $pdata$fallbackMethod      0000000180039a04     libucrt:strpbrk.obj
 0004:00001a10       $pdata$strpbrk             0000000180039a10     libucrt:strpbrk.obj
 0004:00001a1c       $pdata$_mbsdec_l           0000000180039a1c     libucrt:mbsdec.obj
 0004:00001a28       $pdata$?initialize_multibyte@@YAHXZ 0000000180039a28     libucrt:multibyte_initializer.obj
 0004:00001a34       $pdata$_msize_base         0000000180039a34     libucrt:msize.obj
 0004:00001a40       $pdata$??$common_xtox@K_W@@YAHKQEA_W_KI_N@Z 0000000180039a40     libucrt:xtoa.obj
 0004:00001a4c       $pdata$??$common_xtox_s@K_W@@YAHKQEA_W_KI_N@Z 0000000180039a4c     libucrt:xtoa.obj
 0004:00001a58       $pdata$_itow_s             0000000180039a58     libucrt:xtoa.obj
 0004:00001a64       $pdata$_wcsnicmp           0000000180039a64     libucrt:wcsnicmp.obj
 0004:00001a70       $pdata$_wcsnicmp_l         0000000180039a70     libucrt:wcsnicmp.obj
 0004:00001a7c       $pdata$?__mbrtoc32_utf8@__crt_mbstring@@YA_KPEA_UPEBD_KPEAU_Mbstatet@@@Z 0000000180039a7c     libucrt:mbrtoc32.obj
 0004:00001a88       $pdata$__dcrt_lowio_ensure_console_output_initialized 0000000180039a88     libucrt:initcon.obj
 0004:00001a94       $pdata$__dcrt_terminate_console_output 0000000180039a94     libucrt:initcon.obj
 0004:00001aa0       $pdata$__dcrt_write_console 0000000180039aa0     libucrt:initcon.obj
 0004:00001aac       $pdata$?__c16rtomb_utf8@__crt_mbstring@@YA_KPEAD_SPEAU_Mbstatet@@@Z 0000000180039aac     libucrt:c16rtomb.obj
 0004:00001ac4       $pdata$__acrt_LCMapStringW 0000000180039ac4     libucrt:lcmapstringw.obj
 0004:00001ad0       $pdata$_log10_special      0000000180039ad0     libucrt:log_special.obj
 0004:00001adc       $pdata$_log_special_common 0000000180039adc     libucrt:log_special.obj
 0004:00001ae8       $pdata$?DloadAcquireSectionWriteAccess@@YAXXZ 0000000180039ae8     DelayImp:delayhlp.obj
 0004:00001af4       $pdata$?DloadGetSRWLockFunctionPointers@@YAEXZ 0000000180039af4     DelayImp:delayhlp.obj
 0004:00001b00       $pdata$?DloadMakePermanentImageCommit@@YAXPEAX_K@Z 0000000180039b00     DelayImp:delayhlp.obj
 0004:00001b0c       $pdata$?DloadObtainSection@@YAPEAXPEAK0@Z 0000000180039b0c     DelayImp:delayhlp.obj
 0004:00001b18       $pdata$?DloadProtectSection@@YAXKPEAK@Z 0000000180039b18     DelayImp:delayhlp.obj
 0004:00001b24       $pdata$?DloadReleaseSectionWriteAccess@@YAXXZ 0000000180039b24     DelayImp:delayhlp.obj
 0004:00001b30       $pdata$__delayLoadHelper2  0000000180039b30     DelayImp:delayhlp.obj
 0004:00001b3c       $pdata$_IsNonwritableInCurrentImage 0000000180039b3c     LIBCMT:pesect.obj
 0004:00001b48       $pdata$_local_unwind       0000000180039b48     libvcruntime:jmpuwind.obj
 0004:00001b54       $pdata$wcschr              0000000180039b54     libvcruntime:wcschr.obj
 0004:00001b6c       $pdata$?dtor$0@?0???0?$basic_ostream@DU?$char_traits@D@std@@@std@@QEAA@PEAV?$basic_streambuf@DU?$char_traits@D@std@@@1@_N@Z@4HA 0000000180039b6c     libcpmt:cout.obj
 0004:00001b78       $pdata$?dtor$0@?0??_Getcat@?$codecvt@DDU_Mbstatet@@@std@@SA_KPEAPEBVfacet@locale@2@PEBV42@@Z@4HA 0000000180039b78     libcpmt:cout.obj
 0004:00001b84       $pdata$?dtor$0@?0??_Getcat@?$ctype@D@std@@SA_KPEAPEBVfacet@locale@2@PEBV42@@Z@4HA 0000000180039b84     libcpmt:cout.obj
 0004:00001b90       $pdata$?fin$0@?0??dllmain_crt_process_attach@@YAHQEAUHINSTANCE__@@QEAX@Z@4HA 0000000180039b90     LIBCMT:dll_dllmain.obj
 0004:00001b9c       $pdata$?fin$0@?0??dllmain_crt_process_detach@@YAH_N@Z@4HA 0000000180039b9c     LIBCMT:dll_dllmain.obj
 0004:00001ba8       $pdata$?filt$0@?0??dllmain_dispatch@@YAHQEAUHINSTANCE__@@KQEAX@Z@4HA 0000000180039ba8     LIBCMT:dll_dllmain.obj
 0004:00001bb4       $pdata$__scrt_is_nonwritable_in_current_image$filt$0 0000000180039bb4     LIBCMT:utility.obj
 0004:00001bc0       $pdata$?filt$0@?0???$_CallSETranslator@V__FrameHandler3@@@@YAHPEAUEHExceptionRecord@@PEA_KPEAU_CONTEXT@@PEAU_xDISPATCHER_CONTEXT@@PEBU_s_FuncInfo@@K1@Z@4HA 0000000180039bc0     libvcruntime:risctrnsctrl.obj
 0004:00001bcc       $pdata$__DestructExceptionObject$filt$0 0000000180039bcc     libvcruntime:ehhelpers.obj
 0004:00001bd8       $pdata$?filt$0@?0??CxxCallCatchBlock@__FrameHandler3@@SAPEAXPEAU_EXCEPTION_RECORD@@@Z@4HA 0000000180039bd8     libvcruntime:frame.obj
 0004:00001be4       $pdata$?fin$1@?0??CxxCallCatchBlock@__FrameHandler3@@SAPEAXPEAU_EXCEPTION_RECORD@@@Z@4HA 0000000180039be4     libvcruntime:frame.obj
 0004:00001bf0       $pdata$?filt$0@?0??FrameUnwindToState@__FrameHandler3@@SAXPEA_KPEAU_xDISPATCHER_CONTEXT@@PEBU_s_FuncInfo@@H@Z@4HA 0000000180039bf0     libvcruntime:frame.obj
 0004:00001bfc       $pdata$?fin$1@?0??FrameUnwindToState@__FrameHandler3@@SAXPEA_KPEAU_xDISPATCHER_CONTEXT@@PEBU_s_FuncInfo@@H@Z@4HA 0000000180039bfc     libvcruntime:frame.obj
 0004:00001c08       $pdata$?fin$0@?0???$common_ftell@_J@@YA_JV__crt_stdio_stream@@@Z@4HA 0000000180039c08     libucrt:ftell.obj
 0004:00001c08       $pdata$fclose$fin$0        0000000180039c08     libucrt:fclose.obj
 0004:00001c08       $pdata$?fin$0@?0??common_fseek@@YAHV__crt_stdio_stream@@_JH@Z@4HA 0000000180039c08     libucrt:fseek.obj
 0004:00001c14       $pdata$?fin$0@?0???$?RV<lambda_bdbcead8b570fa3d5ec6d9679862a6e5>@@AEAV<lambda_96f4279ff90247a4c5c5d9824f56f8c1>@@V<lambda_4606be27f17b5e5579e09050fab91818>@@@?$__crt_seh_guarded_call@_K@@QEAA_K$$QEAV<lambda_bdbcead8b570fa3d5ec6d9679862a6e5>@@AEAV<lambda_96f4279ff90247a4c5c5d9824f56f8c1>@@$$QEAV<lambda_4606be27f17b5e5579e09050fab91818>@@@Z@4HA 0000000180039c14     libucrt:fwrite.obj
 0004:00001c14       $pdata$?fin$0@?0???$?RV<lambda_842d9ff0dc9ef11c61343bbaebe7f885>@@AEAV<lambda_c5860995281e5c4ce005b3de8f5874ee>@@V<lambda_d90129c13df834fdcbf8d2b88dafcf2d>@@@?$__crt_seh_guarded_call@X@@QEAAX$$QEAV<lambda_842d9ff0dc9ef11c61343bbaebe7f885>@@AEAV<lambda_c5860995281e5c4ce005b3de8f5874ee>@@$$QEAV<lambda_d90129c13df834fdcbf8d2b88dafcf2d>@@@Z@4HA 0000000180039c14     libucrt:fflush.obj
 0004:00001c14       $pdata$?fin$0@?0???$?RV<lambda_84ec643ea9557e2f7dc01bb0e9624395>@@AEAV<lambda_ca71763b3c0644891230e4f79ea54fa6>@@V<lambda_439a761618c59b0600e24586724d733b>@@@?$__crt_seh_guarded_call@H@@QEAAH$$QEAV<lambda_84ec643ea9557e2f7dc01bb0e9624395>@@AEAV<lambda_ca71763b3c0644891230e4f79ea54fa6>@@$$QEAV<lambda_439a761618c59b0600e24586724d733b>@@@Z@4HA 0000000180039c14     libucrt:setvbuf.obj
 0004:00001c14       $pdata$?fin$0@?0???$?RV<lambda_c376a267cfb53b6959b3b692ec76b120>@@AEAV<lambda_9a32fed5bf61b6b509b2d3f6003082a1>@@V<lambda_572fbb9fa0ab338edf41edfd4b5fcc8d>@@@?$__crt_seh_guarded_call@H@@QEAAH$$QEAV<lambda_c376a267cfb53b6959b3b692ec76b120>@@AEAV<lambda_9a32fed5bf61b6b509b2d3f6003082a1>@@$$QEAV<lambda_572fbb9fa0ab338edf41edfd4b5fcc8d>@@@Z@4HA 0000000180039c14     libucrt:fflush.obj
 0004:00001c20       $pdata$?fin$0@?0???$?RV<lambda_886d6c58226a84441f68b9f2b8217b83>@@AEAV<lambda_ab61a845afdef5b7c387490eaf3616ee>@@V<lambda_f7f22ab5edc0698d5f6905b0d3f44752>@@@?$__crt_seh_guarded_call@X@@QEAAX$$QEAV<lambda_886d6c58226a84441f68b9f2b8217b83>@@AEAV<lambda_ab61a845afdef5b7c387490eaf3616ee>@@$$QEAV<lambda_f7f22ab5edc0698d5f6905b0d3f44752>@@@Z@4HA 0000000180039c20     libucrt:fflush.obj
 0004:00001c2c       $pdata$fgetc$fin$0         0000000180039c2c     libucrt:fgetc.obj
 0004:00001c38       $pdata$fputc$fin$0         0000000180039c38     libucrt:fputc.obj
 0004:00001c44       $pdata$fread_s$fin$0       0000000180039c44     libucrt:fread.obj
 0004:00001c50       $pdata$ungetc$fin$0        0000000180039c50     libucrt:ungetc.obj
 0004:00001c5c       $pdata$?fin$0@?0???$?RV<lambda_bd00b5aa228bd7e7e5b2b5db5fd2933b>@@AEAV<lambda_777d11615145f89ee95b9466d285deeb>@@V<lambda_6e5e48fbd24f9f8f81b203eb3d877683>@@@?$__crt_seh_guarded_call@H@@QEAAH$$QEAV<lambda_bd00b5aa228bd7e7e5b2b5db5fd2933b>@@AEAV<lambda_777d11615145f89ee95b9466d285deeb>@@$$QEAV<lambda_6e5e48fbd24f9f8f81b203eb3d877683>@@@Z@4HA 0000000180039c5c     libucrt:winapi_thunks.obj
 0004:00001c5c       $pdata$?fin$0@?0???$?RV<lambda_2d41944a1d46af3157314b8a01080d33>@@AEAV<lambda_8f455de75cd7d7f24b4096f044d8b9e6>@@V<lambda_aa500f224e6afead328df44964fe2772>@@@?$__crt_seh_guarded_call@X@@QEAAX$$QEAV<lambda_2d41944a1d46af3157314b8a01080d33>@@AEAV<lambda_8f455de75cd7d7f24b4096f044d8b9e6>@@$$QEAV<lambda_aa500f224e6afead328df44964fe2772>@@@Z@4HA 0000000180039c5c     libucrt:per_thread_data.obj
 0004:00001c5c       $pdata$?fin$0@?0???$?RV<lambda_9bd929c17696992ce54f1d748594fc62>@@AEAV<lambda_082c17da81b0962e08c0587ee0fac50c>@@V<lambda_9c08ac857f4975304d44e9f601d9b878>@@@?$__crt_seh_guarded_call@PEAD@@QEAAPEAD$$QEAV<lambda_9bd929c17696992ce54f1d748594fc62>@@AEAV<lambda_082c17da81b0962e08c0587ee0fac50c>@@$$QEAV<lambda_9c08ac857f4975304d44e9f601d9b878>@@@Z@4HA 0000000180039c5c     libucrt:setlocale.obj
 0004:00001c5c       $pdata$?fin$0@?0???$?RV<lambda_0ae27a3a962d80f24befdcbee591983d>@@AEAV<lambda_8d0ee55de4b1038c4002e0adecdf1839>@@V<lambda_dc504788e8f1664fe9b84e20bfb512f2>@@@?$__crt_seh_guarded_call@X@@QEAAX$$QEAV<lambda_0ae27a3a962d80f24befdcbee591983d>@@AEAV<lambda_8d0ee55de4b1038c4002e0adecdf1839>@@$$QEAV<lambda_dc504788e8f1664fe9b84e20bfb512f2>@@@Z@4HA 0000000180039c5c     libucrt:per_thread_data.obj
 0004:00001c5c       $pdata$?fin$0@?0???$?RV<lambda_450d765d439847d4c735a33c368b5fc0>@@AEAV<lambda_44731a7d0e6d81c3e6aa82d741081786>@@V<lambda_601a2a7da3b7a96e9554ac7215c4b07c>@@@?$__crt_seh_guarded_call@P6AXH@Z@@QEAAP6AXH@Z$$QEAV<lambda_450d765d439847d4c735a33c368b5fc0>@@AEAV<lambda_44731a7d0e6d81c3e6aa82d741081786>@@$$QEAV<lambda_601a2a7da3b7a96e9554ac7215c4b07c>@@@Z@4HA 0000000180039c5c     libucrt:signal.obj
 0004:00001c5c       $pdata$?fin$0@?0???$?RV<lambda_1d892b297fdedeee07ed8124eeb2f2fa>@@AEAV<lambda_ffc046909424fd52df0ac47e64813305>@@V<lambda_01a7098693036236037e7cdb9bca3d73>@@@?$__crt_seh_guarded_call@X@@QEAAX$$QEAV<lambda_1d892b297fdedeee07ed8124eeb2f2fa>@@AEAV<lambda_ffc046909424fd52df0ac47e64813305>@@$$QEAV<lambda_01a7098693036236037e7cdb9bca3d73>@@@Z@4HA 0000000180039c5c     libucrt:wsetlocale.obj
 0004:00001c5c       $pdata$?fin$0@?0???$?RV<lambda_d80eeec6fff315bfe5c115232f3240e3>@@AEAV<lambda_6e4b09c48022b2350581041d5f6b0c4c>@@V<lambda_2358e3775559c9db80273638284d5e45>@@@?$__crt_seh_guarded_call@X@@QEAAX$$QEAV<lambda_d80eeec6fff315bfe5c115232f3240e3>@@AEAV<lambda_6e4b09c48022b2350581041d5f6b0c4c>@@$$QEAV<lambda_2358e3775559c9db80273638284d5e45>@@@Z@4HA 0000000180039c5c     libucrt:exit.obj
 0004:00001c5c       $pdata$?fin$0@?0???$?RV<lambda_7777bce6b2f8c936911f934f8298dc43>@@AEAV<lambda_f03950bc5685219e0bcd2087efbe011e>@@V<lambda_3883c3dff614d5e0c5f61bb1ac94921c>@@@?$__crt_seh_guarded_call@H@@QEAAH$$QEAV<lambda_7777bce6b2f8c936911f934f8298dc43>@@AEAV<lambda_f03950bc5685219e0bcd2087efbe011e>@@$$QEAV<lambda_3883c3dff614d5e0c5f61bb1ac94921c>@@@Z@4HA 0000000180039c5c     libucrt:onexit.obj
 0004:00001c5c       $pdata$?fin$0@?0???$?RV<lambda_aa87e3671a710a21b5dc78c0bdf72e11>@@AEAV<lambda_92619d2358a28f41a33ba319515a20b9>@@V<lambda_6992ecaafeb10aed2b74cb1fae11a551>@@@?$__crt_seh_guarded_call@X@@QEAAX$$QEAV<lambda_aa87e3671a710a21b5dc78c0bdf72e11>@@AEAV<lambda_92619d2358a28f41a33ba319515a20b9>@@$$QEAV<lambda_6992ecaafeb10aed2b74cb1fae11a551>@@@Z@4HA 0000000180039c5c     libucrt:per_thread_data.obj
 0004:00001c5c       $pdata$?fin$0@?0???$?RV<lambda_efdfa57d1f175319df784efa44bb7b81>@@AEAV<lambda_5f0a4c1567f8adc6734073e5d1e1b35c>@@V<lambda_2e8a7d3640ea6ccb4c2413664c2db6fd>@@@?$__crt_seh_guarded_call@X@@QEAAX$$QEAV<lambda_efdfa57d1f175319df784efa44bb7b81>@@AEAV<lambda_5f0a4c1567f8adc6734073e5d1e1b35c>@@$$QEAV<lambda_2e8a7d3640ea6ccb4c2413664c2db6fd>@@@Z@4HA 0000000180039c5c     libucrt:mbctype.obj
 0004:00001c5c       $pdata$?fin$0@?0???$?RV<lambda_638799b9deba96c50f710eeac98168cd>@@AEAV<lambda_22ebabd17bc4fa466a2aca6d8deb888d>@@V<lambda_a6f7d7db0129f75315ebf26d50c089f1>@@@?$__crt_seh_guarded_call@H@@QEAAH$$QEAV<lambda_638799b9deba96c50f710eeac98168cd>@@AEAV<lambda_22ebabd17bc4fa466a2aca6d8deb888d>@@$$QEAV<lambda_a6f7d7db0129f75315ebf26d50c089f1>@@@Z@4HA 0000000180039c5c     libucrt:onexit.obj
 0004:00001c5c       $pdata$?fin$0@?0???$?RV<lambda_f2e299630e499de9f9a165e60fcd3db5>@@AEAV<lambda_2ae9d31cdba2644fcbeaf08da7c24588>@@V<lambda_40d01ff24d0e7b3814fdbdcee8eab3c7>@@@?$__crt_seh_guarded_call@X@@QEAAX$$QEAV<lambda_f2e299630e499de9f9a165e60fcd3db5>@@AEAV<lambda_2ae9d31cdba2644fcbeaf08da7c24588>@@$$QEAV<lambda_40d01ff24d0e7b3814fdbdcee8eab3c7>@@@Z@4HA 0000000180039c5c     libucrt:per_thread_data.obj
 0004:00001c68       $pdata$_query_new_handler$fin$0 0000000180039c68     libucrt:new_handler.obj
 0004:00001c74       $pdata$?filt$0@?0???R<lambda_6e4b09c48022b2350581041d5f6b0c4c>@@QEBA@XZ@4HA 0000000180039c74     libucrt:exit.obj
 0004:00001c80       $pdata$?fin$0@?0???$?RV<lambda_410d79af7f07d98d83a3f525b3859a53>@@AEAV<lambda_3e16ef9562a7dcce91392c22ab16ea36>@@V<lambda_38119f0e861e05405d8a144b9b982f0a>@@@?$__crt_seh_guarded_call@X@@QEAAX$$QEAV<lambda_410d79af7f07d98d83a3f525b3859a53>@@AEAV<lambda_3e16ef9562a7dcce91392c22ab16ea36>@@$$QEAV<lambda_38119f0e861e05405d8a144b9b982f0a>@@@Z@4HA 0000000180039c80     libucrt:wsetlocale.obj
 0004:00001c8c       $pdata$?fin$0@?0???$?RV<lambda_7f2adfce497ff2baa965cd4f576ecfd1>@@AEAV<lambda_2a444430fde8c29194d880d93eed5e8f>@@AEAV<lambda_8dff2cf36a5417162780cd64fa2883ef>@@@?$__crt_seh_guarded_call@X@@QEAAX$$QEAV<lambda_7f2adfce497ff2baa965cd4f576ecfd1>@@AEAV<lambda_2a444430fde8c29194d880d93eed5e8f>@@AEAV<lambda_8dff2cf36a5417162780cd64fa2883ef>@@@Z@4HA 0000000180039c8c     libucrt:wsetlocale.obj
 0004:00001c98       $pdata$_fcloseall$fin$0    0000000180039c98     libucrt:closeall.obj
 0004:00001ca4       $pdata$__acrt_initialize_lowio$fin$0 0000000180039ca4     libucrt:ioinit.obj
 0004:00001ca4       $pdata$__acrt_lowio_ensure_fh_exists$fin$0 0000000180039ca4     libucrt:osfinfo.obj
 0004:00001cb0       $pdata$?fin$0@?0???$?RV<lambda_751a882b2c74d4b022dec766aa51a29a>@@AEAV<lambda_628dfdc04ba53c8bfc02c9951375f3f5>@@V<lambda_f6c7be5f7998530c34de24c7437d6b54>@@@?$__crt_seh_guarded_call@H@@QEAAH$$QEAV<lambda_751a882b2c74d4b022dec766aa51a29a>@@AEAV<lambda_628dfdc04ba53c8bfc02c9951375f3f5>@@$$QEAV<lambda_f6c7be5f7998530c34de24c7437d6b54>@@@Z@4HA 0000000180039cb0     libucrt:close.obj
 0004:00001cb0       $pdata$?fin$0@?0???$?RV<lambda_a37b2b86f63e897a80ea819b0eb08c01>@@AEAV<lambda_38ce7e780aa69e748d6df282ebc68efe>@@V<lambda_99fb1378e971ab6e7edea83e3a7a83a2>@@@?$__crt_seh_guarded_call@H@@QEAAH$$QEAV<lambda_a37b2b86f63e897a80ea819b0eb08c01>@@AEAV<lambda_38ce7e780aa69e748d6df282ebc68efe>@@$$QEAV<lambda_99fb1378e971ab6e7edea83e3a7a83a2>@@@Z@4HA 0000000180039cb0     libucrt:commit.obj
 0004:00001cbc       $pdata$_write$fin$0        0000000180039cbc     libucrt:write.obj
 0004:00001cbc       $pdata$?fin$0@?0???$common_lseek@_J@@YA_JH_JH@Z@4HA 0000000180039cbc     libucrt:lseek.obj
 0004:00001cc8       $pdata$_read$fin$0         0000000180039cc8     libucrt:read.obj
 0004:00001cd4       $pdata$raise$fin$0         0000000180039cd4     libucrt:signal.obj
 0004:00001ce0       $pdata$_ctrlfp$filt$0      0000000180039ce0     libucrt:fpctrl.obj
 0004:00001cec       $pdata$?fin$0@?0??update_thread_multibyte_data_internal@@YAPEAU__crt_multibyte_data@@QEAU__acrt_ptd@@QEAPEAU1@@Z@4HA 0000000180039cec     libucrt:mbctype.obj
 0004:00001cf8       $pdata$__acrt_update_thread_locale_data$fin$0 0000000180039cf8     libucrt:locale_refcounting.obj
 0004:00001d04       $pdata$_IsNonwritableInCurrentImage$filt$0 0000000180039d04     LIBCMT:pesect.obj
 0004:00001d10       $pdata$??__Fcout@std@@YAXXZ 0000000180039d10     libcpmt:cout.obj
 0004:00001d1c       $pdata$??__Fclassic_locale@std@@YAXXZ 0000000180039d1c     libcpmt:locale0.obj
 0004:00001d28       $pdata$??__Finit_atexit@@YAXXZ 0000000180039d28     libcpmt:iosptrs.obj
 0005:00000060       $R000000                   000000018003a060     * linker generated manifest res *

 Exports

  ordinal    name

        1    _register_index_
