 index

 Timestamp is 5f36864f (Fri Aug 14 20:40:47 2020)

 Preferred load address is 0000000180000000

 Start         Length     Name                   Class
 0001:00000000 0000bf40H .text$mn                CODE
 0001:0000bf40 00000020H .text$mn$00             CODE
 0001:0000bf60 00000250H .text$x                 CODE
 0002:00000000 00000278H .idata$5                DATA
 0002:00000278 00000010H .00cfg                  DATA
 0002:00000288 00000008H .CRT$XCA                DATA
 0002:00000290 00000008H .CRT$XCU                DATA
 0002:00000298 00000008H .CRT$XCZ                DATA
 0002:000002a0 00000008H .CRT$XIA                DATA
 0002:000002a8 00000018H .CRT$XIC                DATA
 0002:000002c0 00000008H .CRT$XIZ                DATA
 0002:000002c8 00000008H .CRT$XPA                DATA
 0002:000002d0 00000010H .CRT$XPX                DATA
 0002:000002e0 00000008H .CRT$XPXA               DATA
 0002:000002e8 00000008H .CRT$XPZ                DATA
 0002:000002f0 00000008H .CRT$XTA                DATA
 0002:000002f8 00000008H .CRT$XTZ                DATA
 0002:00000300 00000000H .gfids$y                DATA
 0002:00000300 000072b0H .rdata                  DATA
 0002:000075b0 00000000H .rdata$r                DATA
 0002:000075b0 00000398H .rdata$zzzdbg           DATA
 0002:00007948 00000008H .rtc$IAA                DATA
 0002:00007950 00000008H .rtc$IZZ                DATA
 0002:00007958 00000008H .rtc$TAA                DATA
 0002:00007960 00000008H .rtc$TZZ                DATA
 0002:00007968 00000bb8H .xdata                  DATA
 0002:00008520 00000000H .xdata$x                DATA
 0002:00008520 00000020H .didat$2                DATA
 0002:00008540 00000020H .didat$3                DATA
 0002:00008560 000000b0H .didat$4                DATA
 0002:00008610 00000618H .didat$6                DATA
 0002:00008c28 000000b8H .didat$7                DATA
 0002:00008ce0 00000050H .edata                  DATA
 0002:00008d30 00000028H .idata$2                DATA
 0002:00008d58 00000018H .idata$3                DATA
 0002:00008d70 00000278H .idata$4                DATA
 0002:00008fe8 000005a4H .idata$6                DATA
 0003:00000000 00000a20H .data                   DATA
 0003:00000a20 00000000H .data$r                 DATA
 0003:00000a20 000000b0H .didat$5                DATA
 0003:00000ad0 000011f8H .bss                    DATA
 0004:00000000 00000e40H .pdata                  DATA
 0005:00000000 00000060H .rsrc$01                DATA
 0005:00000060 00000180H .rsrc$02                DATA

  Address         Publics by Value              Rva+Base               Lib:Object

 0000:00000000       __hybrid_code_map          0000000000000000     <absolute>
 0000:00000000       __guard_fids_count         0000000000000000     <absolute>
 0000:00000000       __guard_iat_count          0000000000000000     <absolute>
 0000:00000000       __volatile_metadata        0000000000000000     <absolute>
 0000:00000000       __guard_longjmp_count      0000000000000000     <absolute>
 0000:00000000       __guard_longjmp_table      0000000000000000     <absolute>
 0000:00000000       __guard_iat_table          0000000000000000     <absolute>
 0000:00000000       __hybrid_code_map_count    0000000000000000     <absolute>
 0000:00000000       ___safe_se_handler_count   0000000000000000     <absolute>
 0000:00000000       __enclave_config           0000000000000000     <absolute>
 0000:00000000       ___safe_se_handler_table   0000000000000000     <absolute>
 0000:00000000       __guard_fids_table         0000000000000000     <absolute>
 0000:00000000       __hybrid_auxiliary_iat     0000000000000000     <absolute>
 0000:00000000       __dynamic_value_reloc_table 0000000000000000     <absolute>
 0000:00000100       __guard_flags              0000000000000100     <absolute>
 0000:00000000       __ImageBase                0000000180000000     <linker-defined>
 0001:000000e0       ?InitAll@@YAXV?$Local@VObject@v8@@@v8@@@Z 00000001800010e0 f   index.obj
 0001:000004c0       ??$New@VFunctionTemplate@v8@@@Nan@@YA?AV?$Local@VFunctionTemplate@v8@@@v8@@P6AXAEBV?$FunctionCallbackInfo@VValue@v8@@@0@@ZV?$Local@VValue@v8@@@2@@Z 00000001800014c0 f i index.obj
 0001:00000680       ?enumAttachedDisplays@@YAXAEBV?$FunctionCallbackInfo@VValue@v8@@@Nan@@@Z 0000000180001680 f   enumAttachedDisplays.obj
 0001:000006b0       ?getLastInputTime@@YAXAEBV?$FunctionCallbackInfo@VValue@v8@@@Nan@@@Z 00000001800016b0 f   getLastInputTime.obj
 0001:000006f0       ?requestDisplaySleep@@YAXAEBV?$FunctionCallbackInfo@VValue@v8@@@Nan@@@Z 00000001800016f0 f   requestDisplaySleep.obj
 0001:00000740       ?requestDisplayWake@@YAXAEBV?$FunctionCallbackInfo@VValue@v8@@@Nan@@@Z 0000000180001740 f   requestDisplayWake.obj
 0001:000007f4       __imp_load_?Value@External@v8@@QEBAPEAXXZ 00000001800017f4 f   node:node.exe
 0001:00000800       __tailMerge_node_exe       0000000180001800     node:node.exe
 0001:00000879       __imp_load_?New@External@v8@@SA?AV?$Local@VExternal@v8@@@2@PEAVIsolate@2@PEAX@Z 0000000180001879 f   node:node.exe
 0001:00000885       __imp_load_?GetCurrentContext@Isolate@v8@@QEAA?AV?$Local@VContext@v8@@@2@XZ 0000000180001885 f   node:node.exe
 0001:00000891       __imp_load_?GetCurrent@Isolate@v8@@SAPEAV12@XZ 0000000180001891 f   node:node.exe
 0001:0000089d       __imp_load_?CreateHandle@HandleScope@v8@@KAPEAPEAVObject@internal@2@PEAVIsolate@42@PEAV342@@Z 000000018000189d f   node:node.exe
 0001:000008a9       __imp_load_?CreateHandle@HandleScope@v8@@CAPEAPEAVObject@internal@2@PEAVHeapObject@42@PEAV342@@Z 00000001800018a9 f   node:node.exe
 0001:000008b5       __imp_load_??1HandleScope@v8@@QEAA@XZ 00000001800018b5 f   node:node.exe
 0001:000008c1       __imp_load_??0HandleScope@v8@@QEAA@PEAVIsolate@1@@Z 00000001800018c1 f   node:node.exe
 0001:000008cd       __imp_load_?GetFunction@FunctionTemplate@v8@@QEAA?AV?$MaybeLocal@VFunction@v8@@@2@V?$Local@VContext@v8@@@2@@Z 00000001800018cd f   node:node.exe
 0001:000008d9       __imp_load_?New@FunctionTemplate@v8@@SA?AV?$Local@VFunctionTemplate@v8@@@2@PEAVIsolate@2@P6AXAEBV?$FunctionCallbackInfo@VValue@v8@@@2@@ZV?$Local@VValue@v8@@@2@V?$Local@VSignature@v8@@@2@HW4ConstructorBehavior@2@W4SideEffectType@2@@Z 00000001800018d9 f   node:node.exe
 0001:000008e5       __imp_load_?ToLocalEmpty@V8@v8@@CAXXZ 00000001800018e5 f   node:node.exe
 0001:000008f1       __imp_load_?Escape@EscapableHandleScope@v8@@AEAAPEAPEAVObject@internal@2@PEAPEAV342@@Z 00000001800018f1 f   node:node.exe
 0001:000008fd       __imp_load_??0EscapableHandleScope@v8@@QEAA@PEAVIsolate@1@@Z 00000001800018fd f   node:node.exe
 0001:00000909       __imp_load_?NewFromUtf8@String@v8@@SA?AV?$MaybeLocal@VString@v8@@@2@PEAVIsolate@2@PEBDW4NewStringType@2@H@Z 0000000180001909 f   node:node.exe
 0001:00000915       __imp_load_?SlowGetInternalField@Object@v8@@AEAA?AV?$Local@VValue@v8@@@2@H@Z 0000000180001915 f   node:node.exe
 0001:00000921       __imp_load_?SetInternalField@Object@v8@@QEAAXHV?$Local@VValue@v8@@@2@@Z 0000000180001921 f   node:node.exe
 0001:0000092d       __imp_load_?Set@Object@v8@@QEAA?AV?$Maybe@_N@2@V?$Local@VContext@v8@@@2@V?$Local@VValue@v8@@@2@1@Z 000000018000192d f   node:node.exe
 0001:00000939       __imp_load_?SetInternalFieldCount@ObjectTemplate@v8@@QEAAXH@Z 0000000180001939 f   node:node.exe
 0001:00000945       __imp_load_?NewInstance@ObjectTemplate@v8@@QEAA?AV?$MaybeLocal@VObject@v8@@@2@V?$Local@VContext@v8@@@2@@Z 0000000180001945 f   node:node.exe
 0001:00000951       __imp_load_?New@ObjectTemplate@v8@@SA?AV?$Local@VObjectTemplate@v8@@@2@PEAVIsolate@2@V?$Local@VFunctionTemplate@v8@@@2@@Z 0000000180001951 f   node:node.exe
 0001:0000095d       __imp_load_node_module_register 000000018000195d f   node:node.exe
 0001:00000980       __security_check_cookie    0000000180001980 f   LIBCMT:amdsecgs.obj
 0001:00000cd4       _DllMainCRTStartup         0000000180001cd4 f   LIBCMT:dll_dllmain.obj
 0001:00000d14       __raise_securityfailure    0000000180001d14 f   LIBCMT:gs_report.obj
 0001:00000d48       __report_gsfailure         0000000180001d48 f   LIBCMT:gs_report.obj
 0001:00000e1c       __report_rangecheckfailure 0000000180001e1c f   LIBCMT:gs_report.obj
 0001:00000e30       __report_securityfailure   0000000180001e30 f   LIBCMT:gs_report.obj
 0001:00000fb0       __security_init_cookie     0000000180001fb0 f   LIBCMT:gs_support.obj
 0001:0000105c       DllMain                    000000018000205c f   LIBCMT:dll_dllmain_stub.obj
 0001:0000105c       _get_startup_argv_mode     000000018000205c f   LIBCMT:argv_mode.obj
 0001:00001064       ?__scrt_initialize_type_info@@YAXXZ 0000000180002064 f   LIBCMT:tncleanup.obj
 0001:00001074       ?__scrt_uninitialize_type_info@@YAXXZ 0000000180002074 f   LIBCMT:tncleanup.obj
 0001:00001080       __local_stdio_printf_options 0000000180002080 f i LIBCMT:default_local_stdio_options.obj
 0001:00001088       __local_stdio_scanf_options 0000000180002088 f i LIBCMT:default_local_stdio_options.obj
 0001:00001090       __scrt_initialize_default_local_stdio_options 0000000180002090 f   LIBCMT:default_local_stdio_options.obj
 0001:000010ac       __scrt_acquire_startup_lock 00000001800020ac f   LIBCMT:utility.obj
 0001:000010e8       __scrt_dllmain_after_initialize_c 00000001800020e8 f   LIBCMT:utility.obj
 0001:0000111c       __scrt_dllmain_before_initialize_c 000000018000211c f   LIBCMT:utility.obj
 0001:00001134       __scrt_dllmain_crt_thread_attach 0000000180002134 f   LIBCMT:utility.obj
 0001:0000115c       __scrt_dllmain_crt_thread_detach 000000018000215c f   LIBCMT:utility.obj
 0001:00001174       __scrt_dllmain_exception_filter 0000000180002174 f   LIBCMT:utility.obj
 0001:000011d4       __scrt_dllmain_uninitialize_c 00000001800021d4 f   LIBCMT:utility.obj
 0001:00001204       __scrt_dllmain_uninitialize_critical 0000000180002204 f   LIBCMT:utility.obj
 0001:00001218       __scrt_initialize_crt      0000000180002218 f   LIBCMT:utility.obj
 0001:00001264       __scrt_initialize_onexit_tables 0000000180002264 f   LIBCMT:utility.obj
 0001:0000133c       __scrt_is_nonwritable_in_current_image 000000018000233c f   LIBCMT:utility.obj
 0001:000013d8       __scrt_release_startup_lock 00000001800023d8 f   LIBCMT:utility.obj
 0001:000013fc       __scrt_uninitialize_crt    00000001800023fc f   LIBCMT:utility.obj
 0001:00001428       __scrt_get_dyn_tls_init_callback 0000000180002428 f   LIBCMT:dyn_tls_init.obj
 0001:00001430       __crt_debugger_hook        0000000180002430 f   LIBCMT:utility_desktop.obj
 0001:00001438       __scrt_fastfail            0000000180002438 f   LIBCMT:utility_desktop.obj
 0001:00001584       _RTC_Initialize            0000000180002584 f   LIBCMT:initsect.obj
 0001:000015c0       _RTC_Terminate             00000001800025c0 f   LIBCMT:initsect.obj
 0001:000015fc       _guard_check_icall_nop     00000001800025fc f i LIBCMT:guard_support.obj
 0001:00001600       __isa_available_init       0000000180002600 f   LIBCMT:cpu_disp.obj
 0001:0000177c       __scrt_is_ucrt_dll_in_use  000000018000277c f   LIBCMT:ucrt_detection.obj
 0001:00001790       __C_specific_handler       0000000180002790 f   libvcruntime:riscchandler.obj
 0001:0000199c       __std_type_info_destroy_list 000000018000299c f   libvcruntime:std_type_info.obj
 0001:000019c8       __vcrt_initialize          00000001800029c8 f   libvcruntime:initialization.obj
 0001:000019fc       __vcrt_thread_attach       00000001800029fc f   libvcruntime:initialization.obj
 0001:00001a10       __vcrt_thread_detach       0000000180002a10 f   libvcruntime:initialization.obj
 0001:00001a24       __vcrt_uninitialize        0000000180002a24 f   libvcruntime:initialization.obj
 0001:00001a44       __vcrt_uninitialize_critical 0000000180002a44 f   libvcruntime:initialization.obj
 0001:00001a70       memset_repmovs             0000000180002a70 f   libvcruntime:memset.obj
 0001:00001a90       memset                     0000000180002a90 f   libvcruntime:memset.obj
 0001:00001c30       _NLG_Notify                0000000180002c30 f   libvcruntime:notify.obj
 0001:00001c50       __NLG_Dispatch2            0000000180002c50 f   libvcruntime:notify.obj
 0001:00001c60       __NLG_Return2              0000000180002c60 f   libvcruntime:notify.obj
 0001:00001c64       __except_validate_context_record 0000000180002c64 f   libvcruntime:jbcxrval.obj
 0001:00001c9c       __DestructExceptionObject  0000000180002c9c f   libvcruntime:ehhelpers.obj
 0001:00001d10       ?_CallMemberFunction0@@YAXQEAX0@Z 0000000180002d10 f i libvcruntime:ehhelpers.obj
 0001:00001d14       __vcrt_freefls             0000000180002d14 f   libvcruntime:per_thread_data.obj
 0001:00001d34       __vcrt_freeptd             0000000180002d34 f   libvcruntime:per_thread_data.obj
 0001:00001d84       __vcrt_getptd_noexit       0000000180002d84 f   libvcruntime:per_thread_data.obj
 0001:00001e50       __vcrt_initialize_ptd      0000000180002e50 f   libvcruntime:per_thread_data.obj
 0001:00001ea4       __vcrt_uninitialize_ptd    0000000180002ea4 f   libvcruntime:per_thread_data.obj
 0001:00001ec8       __vcrt_initialize_locks    0000000180002ec8 f   libvcruntime:locks.obj
 0001:00001f10       __vcrt_uninitialize_locks  0000000180002f10 f   libvcruntime:locks.obj
 0001:00002120       __vcrt_FlsAlloc            0000000180003120 f   libvcruntime:winapi_downlevel.obj
 0001:00002168       __vcrt_FlsFree             0000000180003168 f   libvcruntime:winapi_downlevel.obj
 0001:000021b0       __vcrt_FlsGetValue         00000001800031b0 f   libvcruntime:winapi_downlevel.obj
 0001:000021f8       __vcrt_FlsSetValue         00000001800031f8 f   libvcruntime:winapi_downlevel.obj
 0001:0000224c       __vcrt_InitializeCriticalSectionEx 000000018000324c f   libvcruntime:winapi_downlevel.obj
 0001:000022b0       __vcrt_initialize_winapi_thunks 00000001800032b0 f   libvcruntime:winapi_downlevel.obj
 0001:000022e0       __vcrt_uninitialize_winapi_thunks 00000001800032e0 f   libvcruntime:winapi_downlevel.obj
 0001:00002320       __vcrt_initialize_pure_virtual_call_handler 0000000180003320 f   libvcruntime:purevirt_data.obj
 0001:00002340       memcpy_repmovs             0000000180003340 f   libvcruntime:memcpy.obj
 0001:00002360       memcpy                     0000000180003360 f   libvcruntime:memcpy.obj
 0001:00002360       memmove                    0000000180003360 f   libvcruntime:memcpy.obj
 0001:000027a0       _CallSettingFrame          00000001800037a0 f   libvcruntime:handlers.obj
 0001:000027f0       _CallSettingFrameEncoded   00000001800037f0 f   libvcruntime:handlers.obj
 0001:00002838       ??0_LocaleUpdate@@QEAA@QEAU__crt_locale_pointers@@@Z 0000000180003838 f i libucrt:stricmp.obj
 0001:000028d4       __ascii_stricmp            00000001800038d4 f   libucrt:stricmp.obj
 0001:00002914       _stricmp                   0000000180003914 f   libucrt:stricmp.obj
 0001:0000295c       _stricmp_l                 000000018000395c f   libucrt:stricmp.obj
 0001:00002a10       _initterm                  0000000180003a10 f   libucrt:initterm.obj
 0001:00002a74       _initterm_e                0000000180003a74 f   libucrt:initterm.obj
 0001:00002ab4       _seh_filter_dll            0000000180003ab4 f   libucrt:exception_filter.obj
 0001:00002ac8       _seh_filter_exe            0000000180003ac8 f   libucrt:exception_filter.obj
 0001:00002eb8       __acrt_initialize_thread_local_exit_callback 0000000180003eb8 f   libucrt:exit.obj
 0001:00002ec0       _cexit                     0000000180003ec0 f   libucrt:exit.obj
 0001:00002ed0       _exit                      0000000180003ed0 f   libucrt:exit.obj
 0001:00002edc       _is_c_termination_complete 0000000180003edc f   libucrt:exit.obj
 0001:000030a8       __acrt_allocate_buffer_for_argv 00000001800040a8 f   libucrt:argv_parsing.obj
 0001:00003108       _configure_narrow_argv     0000000180004108 f   libucrt:argv_parsing.obj
 0001:00003480       __dcrt_uninitialize_environments_nolock 0000000180004480 f   libucrt:environment_initialization.obj
 0001:000034b8       _initialize_narrow_environment 00000001800044b8 f   libucrt:environment_initialization.obj
 0001:00003614       _execute_onexit_table      0000000180004614 f   libucrt:onexit.obj
 0001:00003650       _initialize_onexit_table   0000000180004650 f   libucrt:onexit.obj
 0001:000036b0       __acrt_uninitialize_command_line 00000001800046b0 f   libucrt:argv_data.obj
 0001:000037a8       __acrt_initialize          00000001800047a8 f   libucrt:initialization.obj
 0001:000037bc       __acrt_thread_attach       00000001800047bc f   libucrt:initialization.obj
 0001:000037d0       __acrt_thread_detach       00000001800047d0 f   libucrt:initialization.obj
 0001:000037e0       __acrt_uninitialize        00000001800047e0 f   libucrt:initialization.obj
 0001:00003818       __acrt_uninitialize_critical 0000000180004818 f   libucrt:initialization.obj
 0001:00003828       terminate                  0000000180004828 f   libucrt:terminate.obj
 0001:00003848       free                       0000000180004848 f   libucrt:free.obj
 0001:0000385c       strcpy_s                   000000018000485c f   libucrt:strcpy_s.obj
 0001:000038d0       strncmp                    00000001800048d0 f   libucrt:strncmp.obj
 0001:00003950       abort                      0000000180004950 f   libucrt:abort.obj
 0001:000039a8       calloc                     00000001800049a8 f   libucrt:calloc.obj
 0001:000039b0       wcsncmp                    00000001800049b0 f   libucrt:wcsncmp.obj
 0001:000039dc       __acrt_call_reportfault    00000001800049dc f   libucrt:invalid_parameter.obj
 0001:00003b38       __acrt_initialize_invalid_parameter_handler 0000000180004b38 f   libucrt:invalid_parameter.obj
 0001:00003b40       _invalid_parameter         0000000180004b40 f   libucrt:invalid_parameter.obj
 0001:00003bf0       _invalid_parameter_noinfo  0000000180004bf0 f   libucrt:invalid_parameter.obj
 0001:00003c10       _invoke_watson             0000000180004c10 f   libucrt:invalid_parameter.obj
 0001:00003cb8       _tolower_l                 0000000180004cb8 f   libucrt:tolower_toupper.obj
 0001:00003df8       __acrt_errno_from_os_error 0000000180004df8 f   libucrt:errno.obj
 0001:00003e40       __acrt_errno_map_os_error  0000000180004e40 f   libucrt:errno.obj
 0001:00003e90       __doserrno                 0000000180004e90 f   libucrt:errno.obj
 0001:00003eb0       _errno                     0000000180004eb0 f   libucrt:errno.obj
 0001:00004248       __acrt_freeptd             0000000180005248 f   libucrt:per_thread_data.obj
 0001:0000428c       __acrt_getptd              000000018000528c f   libucrt:per_thread_data.obj
 0001:00004360       __acrt_getptd_head         0000000180005360 f   libucrt:per_thread_data.obj
 0001:00004408       __acrt_getptd_noexit       0000000180005408 f   libucrt:per_thread_data.obj
 0001:000044d4       __acrt_initialize_ptd      00000001800054d4 f   libucrt:per_thread_data.obj
 0001:00004510       __acrt_uninitialize_ptd    0000000180005510 f   libucrt:per_thread_data.obj
 0001:00004534       __acrt_update_locale_info  0000000180005534 f   libucrt:locale_update.obj
 0001:00004568       __acrt_update_multibyte_info 0000000180005568 f   libucrt:locale_update.obj
 0001:0000460c       __acrt_set_locale_changed  000000018000560c f   libucrt:wsetlocale.obj
 0001:00004618       __acrt_uninitialize_locale 0000000180005618 f   libucrt:wsetlocale.obj
 0001:00004648       __acrt_initialize_locks    0000000180005648 f   libucrt:locks.obj
 0001:00004690       __acrt_lock                0000000180005690 f   libucrt:locks.obj
 0001:000046ac       __acrt_uninitialize_locks  00000001800056ac f   libucrt:locks.obj
 0001:000046e4       __acrt_unlock              00000001800056e4 f   libucrt:locks.obj
 0001:00004700       __acrt_get_process_end_policy 0000000180005700 f   libucrt:win_policies.obj
 0001:0000473c       _calloc_base               000000018000573c f   libucrt:calloc_base.obj
 0001:000047b4       _free_base                 00000001800057b4 f   libucrt:free_base.obj
 0001:00004808       ??$__acrt_mbs_to_wcs_cp@U__crt_win32_buffer_internal_dynamic_resizing@@@@YAHQEBDAEAV?$__crt_win32_buffer@_WU__crt_win32_buffer_internal_dynamic_resizing@@@@I@Z 0000000180005808 f i libucrt:argv_wildcards.obj
 0001:00004980       ??$__acrt_wcs_to_mbs_cp@U__crt_win32_buffer_internal_dynamic_resizing@@@@YAHQEB_WAEAV?$__crt_win32_buffer@DU__crt_win32_buffer_internal_dynamic_resizing@@@@I@Z 0000000180005980 f i libucrt:argv_wildcards.obj
 0001:000051b0       __acrt_expand_narrow_argv_wildcards 00000001800061b0 f   libucrt:argv_wildcards.obj
 0001:000051b8       ??$__acrt_wcs_to_mbs_cp@U__crt_win32_buffer_no_resizing@@@@YAHQEB_WAEAV?$__crt_win32_buffer@DU__crt_win32_buffer_no_resizing@@@@I@Z 00000001800061b8 f i libucrt:getmodulefilenamea.obj
 0001:000052cc       __acrt_GetModuleFileNameA  00000001800062cc f   libucrt:getmodulefilenamea.obj
 0001:00005b18       __acrt_initialize_multibyte 0000000180006b18 f   libucrt:mbctype.obj
 0001:00005b78       __acrt_update_thread_multibyte_data 0000000180006b78 f   libucrt:mbctype.obj
 0001:00005b94       _setmbcp_nolock            0000000180006b94 f   libucrt:mbctype.obj
 0001:00005ec8       _ismbblead                 0000000180006ec8 f   libucrt:ismbbyte.obj
 0001:00005edc       __acrt_initialize_command_line 0000000180006edc f   libucrt:argv_data.obj
 0001:00005f04       __acrt_MultiByteToWideChar 0000000180006f04 f   libucrt:multibytetowidechar.obj
 0001:00005f60       __acrt_WideCharToMultiByte 0000000180006f60 f   libucrt:widechartomultibyte.obj
 0001:00005ff8       __dcrt_get_narrow_environment_from_os 0000000180006ff8 f   libucrt:get_environment_from_os.obj
 0001:000060fc       _recalloc_base             00000001800070fc f   libucrt:recalloc.obj
 0001:0000636c       __acrt_AppPolicyGetProcessTerminationMethodInternal 000000018000736c f   libucrt:winapi_thunks.obj
 0001:000063bc       __acrt_AreFileApisANSI     00000001800073bc f   libucrt:winapi_thunks.obj
 0001:000063f8       __acrt_FlsAlloc            00000001800073f8 f   libucrt:winapi_thunks.obj
 0001:00006440       __acrt_FlsFree             0000000180007440 f   libucrt:winapi_thunks.obj
 0001:00006488       __acrt_FlsGetValue         0000000180007488 f   libucrt:winapi_thunks.obj
 0001:000064d0       __acrt_FlsSetValue         00000001800074d0 f   libucrt:winapi_thunks.obj
 0001:00006524       __acrt_InitializeCriticalSectionEx 0000000180007524 f   libucrt:winapi_thunks.obj
 0001:00006588       __acrt_LCMapStringEx       0000000180007588 f   libucrt:winapi_thunks.obj
 0001:00006664       __acrt_LocaleNameToLCID    0000000180007664 f   libucrt:winapi_thunks.obj
 0001:000066b4       __acrt_initialize_winapi_thunks 00000001800076b4 f   libucrt:winapi_thunks.obj
 0001:000066e8       __acrt_uninitialize_winapi_thunks 00000001800076e8 f   libucrt:winapi_thunks.obj
 0001:0000672c       __acrt_initialize_heap     000000018000772c f   libucrt:heap_handle.obj
 0001:00006748       __acrt_uninitialize_heap   0000000180007748 f   libucrt:heap_handle.obj
 0001:00006950       __acrt_initialize_lowio    0000000180007950 f   libucrt:ioinit.obj
 0001:0000698c       __acrt_uninitialize_lowio  000000018000798c f   libucrt:ioinit.obj
 0001:000069cc       __acrt_execute_initializers 00000001800079cc f   libucrt:shared_initialization.obj
 0001:00006a4c       __acrt_execute_uninitializers 0000000180007a4c f   libucrt:shared_initialization.obj
 0001:00006a88       __acrt_initialize_new_handler 0000000180007a88 f   libucrt:new_handler.obj
 0001:00006a90       _callnewh                  0000000180007a90 f   libucrt:new_handler.obj
 0001:00006ac0       _query_new_handler         0000000180007ac0 f   libucrt:new_handler.obj
 0001:00006b3c       __acrt_get_sigabrt_handler 0000000180007b3c f   libucrt:signal.obj
 0001:00006b6c       __acrt_initialize_signal_handlers 0000000180007b6c f   libucrt:signal.obj
 0001:00006b8c       raise                      0000000180007b8c f   libucrt:signal.obj
 0001:00006df8       __acrt_has_user_matherr    0000000180007df8 f   libucrt:matherr.obj
 0001:00006e18       __acrt_initialize_user_matherr 0000000180007e18 f   libucrt:matherr.obj
 0001:00006e20       __acrt_invoke_user_matherr 0000000180007e20 f   libucrt:matherr.obj
 0001:0000702c       __acrt_stdio_flush_nolock  000000018000802c f   libucrt:fflush.obj
 0001:000070a8       _fflush_nolock             00000001800080a8 f   libucrt:fflush.obj
 0001:000070f4       _flushall                  00000001800080f4 f   libucrt:fflush.obj
 0001:000070fc       __acrt_initialize_stdio    00000001800080fc f   libucrt:_file.obj
 0001:0000721c       __acrt_uninitialize_stdio  000000018000821c f   libucrt:_file.obj
 0001:00007278       _lock_file                 0000000180008278 f   libucrt:_file.obj
 0001:00007284       _unlock_file               0000000180008284 f   libucrt:_file.obj
 0001:00007290       _malloc_base               0000000180008290 f   libucrt:malloc_base.obj
 0001:000072f0       _mbtowc_l                  00000001800082f0 f   libucrt:mbtowc.obj
 0001:0000746c       mbtowc                     000000018000846c f   libucrt:mbtowc.obj
 0001:00007474       _fileno                    0000000180008474 f   libucrt:fileno.obj
 0001:0000749c       __pctype_func              000000018000849c f   libucrt:ctype.obj
 0001:000074cc       _isctype_l                 00000001800084cc f   libucrt:isctype.obj
 0001:000075dc       _isleadbyte_l              00000001800085dc f i libucrt:_wctype.obj
 0001:00007940       __acrt_LCMapStringA        0000000180008940 f   libucrt:lcmapstringa.obj
 0001:000079d8       __acrt_add_locale_ref      00000001800089d8 f   libucrt:locale_refcounting.obj
 0001:00007a64       __acrt_free_locale         0000000180008a64 f   libucrt:locale_refcounting.obj
 0001:00007bdc       __acrt_locale_add_lc_time_reference 0000000180008bdc f   libucrt:locale_refcounting.obj
 0001:00007c04       __acrt_locale_free_lc_time_if_unreferenced 0000000180008c04 f   libucrt:locale_refcounting.obj
 0001:00007c3c       __acrt_locale_release_lc_time_reference 0000000180008c3c f   libucrt:locale_refcounting.obj
 0001:00007c64       __acrt_release_locale_ref  0000000180008c64 f   libucrt:locale_refcounting.obj
 0001:00007d0c       __acrt_update_thread_locale_data 0000000180008d0c f   libucrt:locale_refcounting.obj
 0001:00007d7c       _updatetlocinfoEx_nolock   0000000180008d7c f   libucrt:locale_refcounting.obj
 0001:00007de4       __acrt_locale_free_monetary 0000000180008de4 f   libucrt:initmon.obj
 0001:00007ef0       __acrt_locale_free_numeric 0000000180008ef0 f   libucrt:initnum.obj
 0001:00007fb4       __acrt_locale_free_time    0000000180008fb4 f   libucrt:inittime.obj
 0001:000080bc       __acrt_GetStringTypeA      00000001800090bc f   libucrt:getstringtypea.obj
 0001:0000824c       _query_new_mode            000000018000924c f   libucrt:new_mode.obj
 0001:00008260       qsort                      0000000180009260 f   libucrt:qsort.obj
 0001:00008620       strncpy_s                  0000000180009620 f   libucrt:strncpy_s.obj
 0001:000087a0       strpbrk                    00000001800097a0 f   libucrt:strpbrk.obj
 0001:00008b80       _mbsdec                    0000000180009b80 f   libucrt:mbsdec.obj
 0001:00008b88       _mbsdec_l                  0000000180009b88 f   libucrt:mbsdec.obj
 0001:00008c34       _msize_base                0000000180009c34 f   libucrt:msize.obj
 0001:00008c70       _realloc_base              0000000180009c70 f   libucrt:realloc_base.obj
 0001:00008dd4       __acrt_DownlevelLocaleNameToLCID 0000000180009dd4 f   libucrt:lcidtoname_downlevel.obj
 0001:00008e08       __acrt_lowio_create_handle_array 0000000180009e08 f   libucrt:osfinfo.obj
 0001:00008eb0       __acrt_lowio_destroy_handle_array 0000000180009eb0 f   libucrt:osfinfo.obj
 0001:00008f00       __acrt_lowio_ensure_fh_exists 0000000180009f00 f   libucrt:osfinfo.obj
 0001:00008fa8       __acrt_lowio_lock_fh       0000000180009fa8 f   libucrt:osfinfo.obj
 0001:00008fd0       __acrt_lowio_unlock_fh     0000000180009fd0 f   libucrt:osfinfo.obj
 0001:00008ff8       _free_osfhnd               0000000180009ff8 f   libucrt:osfinfo.obj
 0001:000090b4       _get_osfhandle             000000018000a0b4 f   libucrt:osfinfo.obj
 0001:000091b8       _commit                    000000018000a1b8 f   libucrt:commit.obj
 0001:00009ab8       _write                     000000018000aab8 f   libucrt:write.obj
 0001:00009ba4       _write_nolock              000000018000aba4 f   libucrt:write.obj
 0001:00009e80       _fcloseall                 000000018000ae80 f   libucrt:closeall.obj
 0001:00009f34       __acrt_stdio_free_buffer_nolock 000000018000af34 f   libucrt:_freebuf.obj
 0001:00009f74       _isatty                    000000018000af74 f   libucrt:isatty.obj
 0001:00009fd4       ?__mbrtowc_utf8@__crt_mbstring@@YA_KPEA_WPEBD_KPEAU_Mbstatet@@@Z 000000018000afd4 f   libucrt:mbrtowc.obj
 0001:0000a010       ?__mbsrtowcs_utf8@__crt_mbstring@@YA_KPEA_WPEAPEBD_KPEAU_Mbstatet@@@Z 000000018000b010 f   libucrt:mbrtowc.obj
 0001:0000a188       __strncnt                  000000018000b188 f   libucrt:strncnt.obj
 0001:0000a1a0       _query_app_type            000000018000b1a0 f   libucrt:report_runtime_error.obj
 0001:0000a244       _lseeki64_nolock           000000018000b244 f   libucrt:lseek.obj
 0001:0000a24c       _putwch_nolock             000000018000b24c f   libucrt:putwch.obj
 0001:0000a288       _fclose_nolock             000000018000b288 f   libucrt:fclose.obj
 0001:0000a30c       fclose                     000000018000b30c f   libucrt:fclose.obj
 0001:0000a370       ?__mbrtoc32_utf8@__crt_mbstring@@YA_KPEA_UPEBD_KPEAU_Mbstatet@@@Z 000000018000b370 f   libucrt:mbrtoc32.obj
 0001:0000a550       log10                      000000018000b550 f   libucrt:log10.obj
 0001:0000aafc       __dcrt_lowio_ensure_console_output_initialized 000000018000bafc f   libucrt:initcon.obj
 0001:0000ab50       __dcrt_terminate_console_output 000000018000bb50 f   libucrt:initcon.obj
 0001:0000ab6c       __dcrt_write_console       000000018000bb6c f   libucrt:initcon.obj
 0001:0000aca0       _close                     000000018000bca0 f   libucrt:close.obj
 0001:0000ad44       _close_nolock              000000018000bd44 f   libucrt:close.obj
 0001:0000ae04       ?__acrt_stdio_free_stream@@YAXV__crt_stdio_stream@@@Z 000000018000be04 f   libucrt:stream.obj
 0001:0000af44       _handle_error              000000018000bf44 f   libucrt:libm_error.obj
 0001:0000b070       __acrt_initialize_fma3     000000018000c070 f   libucrt:fma3_available.obj
 0001:0000b0e0       _log10_special             000000018000c0e0 f   libucrt:log_special.obj
 0001:0000b1b0       _get_fpsr                  000000018000c1b0 f   libucrt:fpsr.obj
 0001:0000b1c0       _set_fpsr                  000000018000c1c0 f   libucrt:fpsr.obj
 0001:0000b1ca       _fclrf                     000000018000c1ca f   libucrt:fpsr.obj
 0001:0000b1de       _frnd                      000000018000c1de f   libucrt:fpsr.obj
 0001:0000b200       _raise_exc                 000000018000c200 f   libucrt:fpexcept.obj
 0001:0000b228       _raise_exc_ex              000000018000c228 f   libucrt:fpexcept.obj
 0001:0000b538       _set_errno_from_matherr    000000018000c538 f   libucrt:fpexcept.obj
 0001:0000b568       _clrfp                     000000018000c568 f   libucrt:fpctrl.obj
 0001:0000b588       _ctrlfp                    000000018000c588 f   libucrt:fpctrl.obj
 0001:0000b604       _set_statfp                000000018000c604 f   libucrt:fpctrl.obj
 0001:0000b624       _statfp                    000000018000c624 f   libucrt:fpctrl.obj
 0001:0000b635       IsProcessorFeaturePresent  000000018000c635 f   kernel32:KERNEL32.dll
 0001:0000b63c       ?DloadAcquireSectionWriteAccess@@YAXXZ 000000018000c63c f i DelayImp:delayhlp.obj
 0001:0000b6e8       ?DloadGetSRWLockFunctionPointers@@YAEXZ 000000018000c6e8 f i DelayImp:delayhlp.obj
 0001:0000b784       ?DloadMakePermanentImageCommit@@YAXPEAX_K@Z 000000018000c784 f i DelayImp:delayhlp.obj
 0001:0000b81c       ?DloadObtainSection@@YAPEAXPEAK0@Z 000000018000c81c f i DelayImp:delayhlp.obj
 0001:0000b8b8       ?DloadProtectSection@@YAXKPEAK@Z 000000018000c8b8 f i DelayImp:delayhlp.obj
 0001:0000b948       ?DloadReleaseSectionWriteAccess@@YAXXZ 000000018000c948 f i DelayImp:delayhlp.obj
 0001:0000b9dc       __delayLoadHelper2         000000018000c9dc f   DelayImp:delayhlp.obj
 0001:0000bca0       _FindPESection             000000018000cca0 f   LIBCMT:pesect.obj
 0001:0000bcf0       _IsNonwritableInCurrentImage 000000018000ccf0 f   LIBCMT:pesect.obj
 0001:0000bd40       _ValidateImageBase         000000018000cd40 f   LIBCMT:pesect.obj
 0001:0000bd70       __GSHandlerCheck           000000018000cd70 f   LIBCMT:gshandler.obj
 0001:0000bd90       __GSHandlerCheckCommon     000000018000cd90 f   LIBCMT:gshandler.obj
 0001:0000be00       __chkstk                   000000018000ce00 f   LIBCMT:chkstk.obj
 0001:0000be00       _alloca_probe              000000018000ce00 f   LIBCMT:chkstk.obj
 0001:0000be70       memcmp                     000000018000ce70 f   libvcruntime:memcmp.obj
 0001:0000bf50       _guard_dispatch_icall_nop  000000018000cf50 f   LIBCMT:guard_dispatch.obj
 0002:00000000       __imp_GetTickCount         000000018000e000     kernel32:KERNEL32.dll
 0002:00000008       __imp_Sleep                000000018000e008     kernel32:KERNEL32.dll
 0002:00000010       __imp_GetModuleHandleA     000000018000e010     kernel32:KERNEL32.dll
 0002:00000018       __imp_LoadLibraryExA       000000018000e018     kernel32:KERNEL32.dll
 0002:00000020       __imp_VirtualQuery         000000018000e020     kernel32:KERNEL32.dll
 0002:00000028       __imp_VirtualProtect       000000018000e028     kernel32:KERNEL32.dll
 0002:00000030       __imp_GetSystemInfo        000000018000e030     kernel32:KERNEL32.dll
 0002:00000038       __imp_WriteConsoleW        000000018000e038     kernel32:KERNEL32.dll
 0002:00000040       __imp_CloseHandle          000000018000e040     kernel32:KERNEL32.dll
 0002:00000048       __imp_RtlCaptureContext    000000018000e048     kernel32:KERNEL32.dll
 0002:00000050       __imp_RtlLookupFunctionEntry 000000018000e050     kernel32:KERNEL32.dll
 0002:00000058       __imp_RtlVirtualUnwind     000000018000e058     kernel32:KERNEL32.dll
 0002:00000060       __imp_UnhandledExceptionFilter 000000018000e060     kernel32:KERNEL32.dll
 0002:00000068       __imp_SetUnhandledExceptionFilter 000000018000e068     kernel32:KERNEL32.dll
 0002:00000070       __imp_GetCurrentProcess    000000018000e070     kernel32:KERNEL32.dll
 0002:00000078       __imp_TerminateProcess     000000018000e078     kernel32:KERNEL32.dll
 0002:00000080       __imp_IsProcessorFeaturePresent 000000018000e080     kernel32:KERNEL32.dll
 0002:00000088       __imp_QueryPerformanceCounter 000000018000e088     kernel32:KERNEL32.dll
 0002:00000090       __imp_GetCurrentProcessId  000000018000e090     kernel32:KERNEL32.dll
 0002:00000098       __imp_GetCurrentThreadId   000000018000e098     kernel32:KERNEL32.dll
 0002:000000a0       __imp_GetSystemTimeAsFileTime 000000018000e0a0     kernel32:KERNEL32.dll
 0002:000000a8       __imp_InitializeSListHead  000000018000e0a8     kernel32:KERNEL32.dll
 0002:000000b0       __imp_IsDebuggerPresent    000000018000e0b0     kernel32:KERNEL32.dll
 0002:000000b8       __imp_GetStartupInfoW      000000018000e0b8     kernel32:KERNEL32.dll
 0002:000000c0       __imp_GetModuleHandleW     000000018000e0c0     kernel32:KERNEL32.dll
 0002:000000c8       __imp_RtlUnwindEx          000000018000e0c8     kernel32:KERNEL32.dll
 0002:000000d0       __imp_InterlockedFlushSList 000000018000e0d0     kernel32:KERNEL32.dll
 0002:000000d8       __imp_GetLastError         000000018000e0d8     kernel32:KERNEL32.dll
 0002:000000e0       __imp_SetLastError         000000018000e0e0     kernel32:KERNEL32.dll
 0002:000000e8       __imp_EnterCriticalSection 000000018000e0e8     kernel32:KERNEL32.dll
 0002:000000f0       __imp_LeaveCriticalSection 000000018000e0f0     kernel32:KERNEL32.dll
 0002:000000f8       __imp_DeleteCriticalSection 000000018000e0f8     kernel32:KERNEL32.dll
 0002:00000100       __imp_InitializeCriticalSectionAndSpinCount 000000018000e100     kernel32:KERNEL32.dll
 0002:00000108       __imp_TlsAlloc             000000018000e108     kernel32:KERNEL32.dll
 0002:00000110       __imp_TlsGetValue          000000018000e110     kernel32:KERNEL32.dll
 0002:00000118       __imp_TlsSetValue          000000018000e118     kernel32:KERNEL32.dll
 0002:00000120       __imp_TlsFree              000000018000e120     kernel32:KERNEL32.dll
 0002:00000128       __imp_FreeLibrary          000000018000e128     kernel32:KERNEL32.dll
 0002:00000130       __imp_GetProcAddress       000000018000e130     kernel32:KERNEL32.dll
 0002:00000138       __imp_LoadLibraryExW       000000018000e138     kernel32:KERNEL32.dll
 0002:00000140       __imp_RaiseException       000000018000e140     kernel32:KERNEL32.dll
 0002:00000148       __imp_ExitProcess          000000018000e148     kernel32:KERNEL32.dll
 0002:00000150       __imp_GetModuleHandleExW   000000018000e150     kernel32:KERNEL32.dll
 0002:00000158       __imp_GetModuleFileNameW   000000018000e158     kernel32:KERNEL32.dll
 0002:00000160       __imp_HeapAlloc            000000018000e160     kernel32:KERNEL32.dll
 0002:00000168       __imp_HeapFree             000000018000e168     kernel32:KERNEL32.dll
 0002:00000170       __imp_FindClose            000000018000e170     kernel32:KERNEL32.dll
 0002:00000178       __imp_FindFirstFileExW     000000018000e178     kernel32:KERNEL32.dll
 0002:00000180       __imp_FindNextFileW        000000018000e180     kernel32:KERNEL32.dll
 0002:00000188       __imp_IsValidCodePage      000000018000e188     kernel32:KERNEL32.dll
 0002:00000190       __imp_GetACP               000000018000e190     kernel32:KERNEL32.dll
 0002:00000198       __imp_GetOEMCP             000000018000e198     kernel32:KERNEL32.dll
 0002:000001a0       __imp_GetCPInfo            000000018000e1a0     kernel32:KERNEL32.dll
 0002:000001a8       __imp_GetCommandLineA      000000018000e1a8     kernel32:KERNEL32.dll
 0002:000001b0       __imp_GetCommandLineW      000000018000e1b0     kernel32:KERNEL32.dll
 0002:000001b8       __imp_MultiByteToWideChar  000000018000e1b8     kernel32:KERNEL32.dll
 0002:000001c0       __imp_WideCharToMultiByte  000000018000e1c0     kernel32:KERNEL32.dll
 0002:000001c8       __imp_GetEnvironmentStringsW 000000018000e1c8     kernel32:KERNEL32.dll
 0002:000001d0       __imp_FreeEnvironmentStringsW 000000018000e1d0     kernel32:KERNEL32.dll
 0002:000001d8       __imp_LCMapStringW         000000018000e1d8     kernel32:KERNEL32.dll
 0002:000001e0       __imp_GetProcessHeap       000000018000e1e0     kernel32:KERNEL32.dll
 0002:000001e8       __imp_GetStdHandle         000000018000e1e8     kernel32:KERNEL32.dll
 0002:000001f0       __imp_GetFileType          000000018000e1f0     kernel32:KERNEL32.dll
 0002:000001f8       __imp_GetStringTypeW       000000018000e1f8     kernel32:KERNEL32.dll
 0002:00000200       __imp_HeapSize             000000018000e200     kernel32:KERNEL32.dll
 0002:00000208       __imp_HeapReAlloc          000000018000e208     kernel32:KERNEL32.dll
 0002:00000210       __imp_SetStdHandle         000000018000e210     kernel32:KERNEL32.dll
 0002:00000218       __imp_FlushFileBuffers     000000018000e218     kernel32:KERNEL32.dll
 0002:00000220       __imp_WriteFile            000000018000e220     kernel32:KERNEL32.dll
 0002:00000228       __imp_GetConsoleCP         000000018000e228     kernel32:KERNEL32.dll
 0002:00000230       __imp_GetConsoleMode       000000018000e230     kernel32:KERNEL32.dll
 0002:00000238       __imp_SetFilePointerEx     000000018000e238     kernel32:KERNEL32.dll
 0002:00000240       __imp_CreateFileW          000000018000e240     kernel32:KERNEL32.dll
 0002:00000248       \177KERNEL32_NULL_THUNK_DATA 000000018000e248     kernel32:KERNEL32.dll
 0002:00000250       __imp_GetLastInputInfo     000000018000e250     user32:USER32.dll
 0002:00000258       __imp_GetSystemMetrics     000000018000e258     user32:USER32.dll
 0002:00000260       __imp_PostMessageA         000000018000e260     user32:USER32.dll
 0002:00000268       __imp_mouse_event          000000018000e268     user32:USER32.dll
 0002:00000270       \177USER32_NULL_THUNK_DATA 000000018000e270     user32:USER32.dll
 0002:00000278       __guard_check_icall_fptr   000000018000e278     LIBCMT:guard_support.obj
 0002:00000280       __guard_dispatch_icall_fptr 000000018000e280     LIBCMT:guard_support.obj
 0002:00000288       __xc_a                     000000018000e288     LIBCMT:initializers.obj
 0002:00000290       _register_index_           000000018000e290     index.obj
 0002:00000298       __xc_z                     000000018000e298     LIBCMT:initializers.obj
 0002:000002a0       __xi_a                     000000018000e2a0     LIBCMT:initializers.obj
 0002:000002a8       __acrt_multibyte_initializer 000000018000e2a8     libucrt:multibyte_initializer.obj
 0002:000002b0       __acrt_stdio_initializer   000000018000e2b0     libucrt:stdio_initializer.obj
 0002:000002b8       __acrt_tran_fma3_initializer 000000018000e2b8     libucrt:fma3_initializer.obj
 0002:000002c0       __xi_z                     000000018000e2c0     LIBCMT:initializers.obj
 0002:000002c8       __xp_a                     000000018000e2c8     LIBCMT:initializers.obj
 0002:000002d0       __acrt_locale_terminator   000000018000e2d0     libucrt:locale_initializer.obj
 0002:000002d8       __dcrt_console_output_terminator 000000018000e2d8     libucrt:console_output_initializer.obj
 0002:000002e0       __acrt_stdio_terminator    000000018000e2e0     libucrt:stdio_initializer.obj
 0002:000002e8       __xp_z                     000000018000e2e8     LIBCMT:initializers.obj
 0002:000002f0       __xt_a                     000000018000e2f0     LIBCMT:initializers.obj
 0002:000002f8       __xt_z                     000000018000e2f8     LIBCMT:initializers.obj
 0002:00000300       __sz_node_exe              000000018000e300     node:node.exe
 0002:00000310       _pRawDllMain               000000018000e310     LIBCMT:dll_dllmain.obj
 0002:00000310       _pDefaultRawDllMain        000000018000e310     LIBCMT:dll_dllmain.obj
 0002:00000328       _pDestructExceptionObject  000000018000e328     libvcruntime:ehhelpers.obj
 0002:00000668       ??_C@_08EHJDFFNH@__based?$CI@ 000000018000e668     libvcruntime:undname.obj
 0002:00000678       ??_C@_07KOLFKCDI@__cdecl@  000000018000e678     libvcruntime:undname.obj
 0002:00000680       ??_C@_08GHMPAG@__pascal@   000000018000e680     libvcruntime:undname.obj
 0002:00000690       ??_C@_09IFJBGAPI@__stdcall@ 000000018000e690     libvcruntime:undname.obj
 0002:000006a0       ??_C@_0L@NPHFGOKO@__thiscall@ 000000018000e6a0     libvcruntime:undname.obj
 0002:000006b0       ??_C@_0L@JMKHOMEK@__fastcall@ 000000018000e6b0     libvcruntime:undname.obj
 0002:000006c0       ??_C@_0N@BCKKPABJ@__vectorcall@ 000000018000e6c0     libvcruntime:undname.obj
 0002:000006d0       ??_C@_09HIJEGCPM@__clrcall@ 000000018000e6d0     libvcruntime:undname.obj
 0002:000006dc       ??_C@_06GHPCKEAG@__eabi@   000000018000e6dc     libvcruntime:undname.obj
 0002:000006e8       ??_C@_09IOPIDJLG@__swift_1@ 000000018000e6e8     libvcruntime:undname.obj
 0002:000006f8       ??_C@_09KFNFGKHF@__swift_2@ 000000018000e6f8     libvcruntime:undname.obj
 0002:00000708       ??_C@_07JOMMBBKO@__ptr64@  000000018000e708     libvcruntime:undname.obj
 0002:00000710       ??_C@_0L@PILCLIHE@__restrict@ 000000018000e710     libvcruntime:undname.obj
 0002:00000720       ??_C@_0M@GFIIJFMG@__unaligned@ 000000018000e720     libvcruntime:undname.obj
 0002:00000730       ??_C@_09DHDLOLLB@restrict?$CI@ 000000018000e730     libvcruntime:undname.obj
 0002:0000073a       ??_C@_00CNPNBAHC@@         000000018000e73a     libvcruntime:undname.obj
 0002:0000073c       ??_C@_04NIHEBCM@?5new@     000000018000e73c     libvcruntime:undname.obj
 0002:00000748       ??_C@_07FPCDHGMM@?5delete@ 000000018000e748     libvcruntime:undname.obj
 0002:00000750       ??_C@_01NEMOKFLO@?$DN@     000000018000e750     libvcruntime:undname.obj
 0002:00000754       ??_C@_02GPIOPFAK@?$DO?$DO@ 000000018000e754     libvcruntime:undname.obj
 0002:00000758       ??_C@_02FODMEDOG@?$DM?$DM@ 000000018000e758     libvcruntime:undname.obj
 0002:0000075c       ??_C@_01DCLJPIOD@?$CB@     000000018000e75c     libvcruntime:undname.obj
 0002:00000760       ??_C@_02EGOFBIJA@?$DN?$DN@ 000000018000e760     libvcruntime:undname.obj
 0002:00000764       ??_C@_02FDNJECIE@?$CB?$DN@ 000000018000e764     libvcruntime:undname.obj
 0002:00000768       ??_C@_02GPECMEKF@?$FL?$FN@ 000000018000e768     libvcruntime:undname.obj
 0002:00000770       ??_C@_08LHJFAFGD@operator@ 000000018000e770     libvcruntime:undname.obj
 0002:0000077c       ??_C@_02HBOOOICD@?9?$DO@   000000018000e77c     libvcruntime:undname.obj
 0002:00000780       ??_C@_01NBENCBCI@?$CK@     000000018000e780     libvcruntime:undname.obj
 0002:00000784       ??_C@_02ECNGHCIF@?$CL?$CL@ 000000018000e784     libvcruntime:undname.obj
 0002:00000788       ??_C@_02BAABKJLB@?9?9@     000000018000e788     libvcruntime:undname.obj
 0002:0000078c       ??_C@_01JOAMLHOP@?9@       000000018000e78c     libvcruntime:undname.obj
 0002:00000790       ??_C@_01MIFGBAGJ@?$CL@     000000018000e790     libvcruntime:undname.obj
 0002:00000794       ??_C@_01HNPIGOCE@?$CG@     000000018000e794     libvcruntime:undname.obj
 0002:00000798       ??_C@_03MNHNFDLC@?9?$DO?$CK@ 000000018000e798     libvcruntime:undname.obj
 0002:0000079c       ??_C@_01KMDKNFGN@?1@       000000018000e79c     libvcruntime:undname.obj
 0002:000007a0       ??_C@_01FGNFDNOH@?$CF@     000000018000e7a0     libvcruntime:undname.obj
 0002:000007a4       ??_C@_01MNNFJEPP@?$DM@     000000018000e7a4     libvcruntime:undname.obj
 0002:000007a8       ??_C@_02EHCHHCKH@?$DM?$DN@ 000000018000e7a8     libvcruntime:undname.obj
 0002:000007ac       ??_C@_01PPODPGHN@?$DO@     000000018000e7ac     libvcruntime:undname.obj
 0002:000007b0       ??_C@_02EEKDKGMJ@?$DO?$DN@ 000000018000e7b0     libvcruntime:undname.obj
 0002:000007b4       ??_C@_01IHBHIGKO@?0@       000000018000e7b4     libvcruntime:undname.obj
 0002:000007b8       ??_C@_02HCKGKOFO@?$CI?$CJ@ 000000018000e7b8     libvcruntime:undname.obj
 0002:000007bc       ??_C@_01PJKLJHI@?$HO@      000000018000e7bc     libvcruntime:undname.obj
 0002:000007c0       ??_C@_01JKBOJNNK@?$FO@     000000018000e7c0     libvcruntime:undname.obj
 0002:000007c4       ??_C@_01DNKMNLPK@?$HM@     000000018000e7c4     libvcruntime:undname.obj
 0002:000007c8       ??_C@_02PPKAJPJL@?$CG?$CG@ 000000018000e7c8     libvcruntime:undname.obj
 0002:000007cc       ??_C@_02NONPIBCD@?$HM?$HM@ 000000018000e7cc     libvcruntime:undname.obj
 0002:000007d0       ??_C@_02FPIMKNGF@?$CK?$DN@ 000000018000e7d0     libvcruntime:undname.obj
 0002:000007d4       ??_C@_02FOEOMHFC@?$CL?$DN@ 000000018000e7d4     libvcruntime:undname.obj
 0002:000007d8       ??_C@_02FKMDLLOA@?9?$DN@   000000018000e7d8     libvcruntime:undname.obj
 0002:000007dc       ??_C@_02FJEHGPIO@?1?$DN@   000000018000e7dc     libvcruntime:undname.obj
 0002:000007e0       ??_C@_02FENAOKFI@?$CF?$DN@ 000000018000e7e0     libvcruntime:undname.obj
 0002:000007e4       ??_C@_03IKFCCPFF@?$DO?$DO?$DN@ 000000018000e7e4     libvcruntime:undname.obj
 0002:000007e8       ??_C@_03CDNPDDLA@?$DM?$DM?$DN@ 000000018000e7e8     libvcruntime:undname.obj
 0002:000007ec       ??_C@_02FGJGFEAB@?$CG?$DN@ 000000018000e7ec     libvcruntime:undname.obj
 0002:000007f0       ??_C@_02DHLNPPGH@?$HM?$DN@ 000000018000e7f0     libvcruntime:undname.obj
 0002:000007f4       ??_C@_02MHEGNOJ@?$FO?$DN@  000000018000e7f4     libvcruntime:undname.obj
 0002:000007f8       ??_C@_09IFPLHPGF@?$GAvftable?8@ 000000018000e7f8     libvcruntime:undname.obj
 0002:00000808       ??_C@_09BLBHBJP@?$GAvbtable?8@ 000000018000e808     libvcruntime:undname.obj
 0002:00000818       ??_C@_07FEEIOKP@?$GAvcall?8@ 000000018000e818     libvcruntime:undname.obj
 0002:00000820       ??_C@_08LLFFHHDJ@?$GAtypeof?8@ 000000018000e820     libvcruntime:undname.obj
 0002:00000830       ??_C@_0BF@KDPPACIK@?$GAlocal?5static?5guard?8@ 000000018000e830     libvcruntime:undname.obj
 0002:00000848       ??_C@_08OBABFOLI@?$GAstring?8@ 000000018000e848     libvcruntime:undname.obj
 0002:00000858       ??_C@_0BD@JDLKDPAB@?$GAvbase?5destructor?8@ 000000018000e858     libvcruntime:undname.obj
 0002:00000870       ??_C@_0BN@DEGPLNFK@?$GAvector?5deleting?5destructor?8@ 000000018000e870     libvcruntime:undname.obj
 0002:00000890       ??_C@_0BO@OBMKPJIG@?$GAdefault?5constructor?5closure?8@ 000000018000e890     libvcruntime:undname.obj
 0002:000008b0       ??_C@_0BN@IMDCHIKM@?$GAscalar?5deleting?5destructor?8@ 000000018000e8b0     libvcruntime:undname.obj
 0002:000008d0       ??_C@_0BO@PFGOCPJJ@?$GAvector?5constructor?5iterator?8@ 000000018000e8d0     libvcruntime:undname.obj
 0002:000008f0       ??_C@_0BN@LFPFMEDL@?$GAvector?5destructor?5iterator?8@ 000000018000e8f0     libvcruntime:undname.obj
 0002:00000910       ??_C@_0CE@IKBNEHA@?$GAvector?5vbase?5constructor?5itera@ 000000018000e910     libvcruntime:undname.obj
 0002:00000938       ??_C@_0BL@NILFHHPC@?$GAvirtual?5displacement?5map?8@ 000000018000e938     libvcruntime:undname.obj
 0002:00000958       ??_C@_0CB@JONCMFFK@?$GAeh?5vector?5constructor?5iterator@ 000000018000e958     libvcruntime:undname.obj
 0002:00000980       ??_C@_0CA@GCEOPDGL@?$GAeh?5vector?5destructor?5iterator?8@ 000000018000e980     libvcruntime:undname.obj
 0002:000009a0       ??_C@_0CH@OOJPLCPH@?$GAeh?5vector?5vbase?5constructor?5it@ 000000018000e9a0     libvcruntime:undname.obj
 0002:000009c8       ??_C@_0BL@LLKPOHJI@?$GAcopy?5constructor?5closure?8@ 000000018000e9c8     libvcruntime:undname.obj
 0002:000009e8       ??_C@_0BA@KBCDOMBN@?$GAudt?5returning?8@ 000000018000e9e8     libvcruntime:undname.obj
 0002:000009f8       ??_C@_03KLGMFNMG@?$GAEH@   000000018000e9f8     libvcruntime:undname.obj
 0002:000009fc       ??_C@_05KHLCHHI@?$GARTTI@  000000018000e9fc     libvcruntime:undname.obj
 0002:00000a08       ??_C@_0BA@KKLDJDLB@?$GAlocal?5vftable?8@ 000000018000ea08     libvcruntime:undname.obj
 0002:00000a18       ??_C@_0CE@IIHCMGGL@?$GAlocal?5vftable?5constructor?5clos@ 000000018000ea18     libvcruntime:undname.obj
 0002:00000a3c       ??_C@_06FHBGPFGH@?5new?$FL?$FN@ 000000018000ea3c     libvcruntime:undname.obj
 0002:00000a48       ??_C@_09LBNFPBCA@?5delete?$FL?$FN@ 000000018000ea48     libvcruntime:undname.obj
 0002:00000a58       ??_C@_0P@HJKNJFNN@?$GAomni?5callsig?8@ 000000018000ea58     libvcruntime:undname.obj
 0002:00000a68       ??_C@_0BL@CNOONJFP@?$GAplacement?5delete?5closure?8@ 000000018000ea68     libvcruntime:undname.obj
 0002:00000a88       ??_C@_0BN@CKNJLHMB@?$GAplacement?5delete?$FL?$FN?5closure?8@ 000000018000ea88     libvcruntime:undname.obj
 0002:00000aa8       ??_C@_0CG@CFDHKGGD@?$GAmanaged?5vector?5constructor?5ite@ 000000018000eaa8     libvcruntime:undname.obj
 0002:00000ad0       ??_C@_0CF@IMGKMJNO@?$GAmanaged?5vector?5destructor?5iter@ 000000018000ead0     libvcruntime:undname.obj
 0002:00000af8       ??_C@_0CG@HLDDJMAG@?$GAeh?5vector?5copy?5constructor?5ite@ 000000018000eaf8     libvcruntime:undname.obj
 0002:00000b20       ??_C@_0CM@FCBBDIGB@?$GAeh?5vector?5vbase?5copy?5construct@ 000000018000eb20     libvcruntime:undname.obj
 0002:00000b50       ??_C@_0BL@CLIPGLGB@?$GAdynamic?5initializer?5for?5?8@ 000000018000eb50     libvcruntime:undname.obj
 0002:00000b70       ??_C@_0CB@PDBIFEP@?$GAdynamic?5atexit?5destructor?5for?5@ 000000018000eb70     libvcruntime:undname.obj
 0002:00000b98       ??_C@_0CD@CGAJBKEJ@?$GAvector?5copy?5constructor?5iterat@ 000000018000eb98     libvcruntime:undname.obj
 0002:00000bc0       ??_C@_0CJ@GJELGAMM@?$GAvector?5vbase?5copy?5constructor?5@ 000000018000ebc0     libvcruntime:undname.obj
 0002:00000bf0       ??_C@_0CL@FGIJHLCE@?$GAmanaged?5vector?5copy?5constructo@ 000000018000ebf0     libvcruntime:undname.obj
 0002:00000c20       ??_C@_0BM@PMGGMLDN@?$GAlocal?5static?5thread?5guard?8@ 000000018000ec20     libvcruntime:undname.obj
 0002:00000c40       ??_C@_0N@BDNMDMOL@operator?5?$CC?$CC?5@ 000000018000ec40     libvcruntime:undname.obj
 0002:00000c50       ??_C@_0BC@GGEBGALA@operator?5co_await@ 000000018000ec50     libvcruntime:undname.obj
 0002:00000c68       ??_C@_0BC@DAFEJGAK@?5Type?5Descriptor?8@ 000000018000ec68     libvcruntime:undname.obj
 0002:00000c80       ??_C@_0BM@LDKODKLH@?5Base?5Class?5Descriptor?5at?5?$CI@ 000000018000ec80     libvcruntime:undname.obj
 0002:00000ca0       ??_C@_0BD@LGICGFMM@?5Base?5Class?5Array?8@ 000000018000eca0     libvcruntime:undname.obj
 0002:00000cb8       ??_C@_0BN@MECKDCOJ@?5Class?5Hierarchy?5Descriptor?8@ 000000018000ecb8     libvcruntime:undname.obj
 0002:00000cd8       ??_C@_0BK@CFCOFLF@?5Complete?5Object?5Locator?8@ 000000018000ecd8     libvcruntime:undname.obj
 0002:00000d10       ??_C@_1DM@KHCHBNEB@?$AAa?$AAp?$AAi?$AA?9?$AAm?$AAs?$AA?9?$AAw?$AAi?$AAn?$AA?9?$AAc?$AAo?$AAr?$AAe@ 000000018000ed10     libvcruntime:winapi_downlevel.obj
 0002:00000d50       ??_C@_1DK@LPPGFMPP@?$AAa?$AAp?$AAi?$AA?9?$AAm?$AAs?$AA?9?$AAw?$AAi?$AAn?$AA?9?$AAc?$AAo?$AAr?$AAe@ 000000018000ed50     libvcruntime:winapi_downlevel.obj
 0002:00000d90       ??_C@_1BC@GDMECMAK@?$AAk?$AAe?$AAr?$AAn?$AAe?$AAl?$AA3?$AA2@ 000000018000ed90     libvcruntime:winapi_downlevel.obj
 0002:00000da8       ??_C@_1BA@PFFKHIOG@?$AAa?$AAp?$AAi?$AA?9?$AAm?$AAs?$AA?9@ 000000018000eda8     libvcruntime:winapi_downlevel.obj
 0002:00000db8       ??_C@_1BA@IAIFMGEF@?$AAe?$AAx?$AAt?$AA?9?$AAm?$AAs?$AA?9@ 000000018000edb8     libvcruntime:winapi_downlevel.obj
 0002:00000dd0       ??_C@_08KNHFBNJ@FlsAlloc@  000000018000edd0     libvcruntime:winapi_downlevel.obj
 0002:00000de8       ??_C@_07PEJMOBNF@FlsFree@  000000018000ede8     libvcruntime:winapi_downlevel.obj
 0002:00000df8       ??_C@_0M@GDNOONDI@FlsGetValue@ 000000018000edf8     libvcruntime:winapi_downlevel.obj
 0002:00000e10       ??_C@_0M@JCPCPOEF@FlsSetValue@ 000000018000ee10     libvcruntime:winapi_downlevel.obj
 0002:00000e28       ??_C@_0BM@HCFOFFN@InitializeCriticalSectionEx@ 000000018000ee28     libvcruntime:winapi_downlevel.obj
 0002:00000e50       __acrt_exception_action_table 000000018000ee50     libucrt:exception_filter.obj
 0002:00000f10       __acrt_signal_action_table_count 000000018000ef10     libucrt:exception_filter.obj
 0002:00000f18       __acrt_signal_action_first_fpe_index 000000018000ef18     libucrt:exception_filter.obj
 0002:00000f20       __acrt_signal_action_fpe_count 000000018000ef20     libucrt:exception_filter.obj
 0002:00000f28       ??_C@_1BI@BGOHAHKC@?$AAm?$AAs?$AAc?$AAo?$AAr?$AAe?$AAe?$AA?4?$AAd?$AAl?$AAl?$AA?$AA@ 000000018000ef28     libucrt:exit.obj
 0002:00000f40       ??_C@_0P@MIGLKIOC@CorExitProcess?$AA@ 000000018000ef40     libucrt:exit.obj
 0002:000011c0       __lc_time_c                000000018000f1c0     libucrt:nlsdata.obj
 0002:00001480       ??_C@_03KOEHGMDN@Sun?$AA@  000000018000f480     libucrt:nlsdata.obj
 0002:00001484       ??_C@_03PDAGKDH@Mon?$AA@   000000018000f484     libucrt:nlsdata.obj
 0002:00001488       ??_C@_03NAGEINEP@Tue?$AA@  000000018000f488     libucrt:nlsdata.obj
 0002:0000148c       ??_C@_03MHOMLAJA@Wed?$AA@  000000018000f48c     libucrt:nlsdata.obj
 0002:00001490       ??_C@_03IOFIKPDN@Thu?$AA@  000000018000f490     libucrt:nlsdata.obj
 0002:00001494       ??_C@_03IDIOELNC@Fri?$AA@  000000018000f494     libucrt:nlsdata.obj
 0002:00001498       ??_C@_03FEFJNEK@Sat?$AA@   000000018000f498     libucrt:nlsdata.obj
 0002:0000149c       ??_C@_06OOPIFAJ@Sunday?$AA@ 000000018000f49c     libucrt:nlsdata.obj
 0002:000014a4       ??_C@_06JLEDEDGH@Monday?$AA@ 000000018000f4a4     libucrt:nlsdata.obj
 0002:000014b0       ??_C@_07BAAGCFCM@Tuesday?$AA@ 000000018000f4b0     libucrt:nlsdata.obj
 0002:000014b8       ??_C@_09DLIGFAKA@Wednesday?$AA@ 000000018000f4b8     libucrt:nlsdata.obj
 0002:000014c8       ??_C@_08HACCIKIA@Thursday?$AA@ 000000018000f4c8     libucrt:nlsdata.obj
 0002:000014d4       ??_C@_06JECMNKMI@Friday?$AA@ 000000018000f4d4     libucrt:nlsdata.obj
 0002:000014e0       ??_C@_08INBOOONO@Saturday?$AA@ 000000018000f4e0     libucrt:nlsdata.obj
 0002:000014ec       ??_C@_03JIHJHPIE@Jan?$AA@  000000018000f4ec     libucrt:nlsdata.obj
 0002:000014f0       ??_C@_03HJBDCHOM@Feb?$AA@  000000018000f4f0     libucrt:nlsdata.obj
 0002:000014f4       ??_C@_03ODNJBKGA@Mar?$AA@  000000018000f4f4     libucrt:nlsdata.obj
 0002:000014f8       ??_C@_03LEOLGMJP@Apr?$AA@  000000018000f4f8     libucrt:nlsdata.obj
 0002:000014fc       ??_C@_03CNMDKL@May?$AA@    000000018000f4fc     libucrt:nlsdata.obj
 0002:00001500       ??_C@_03IDFGHECI@Jun?$AA@  000000018000f500     libucrt:nlsdata.obj
 0002:00001504       ??_C@_03LBGABGKK@Jul?$AA@  000000018000f504     libucrt:nlsdata.obj
 0002:00001508       ??_C@_03IFJFEIGA@Aug?$AA@  000000018000f508     libucrt:nlsdata.obj
 0002:0000150c       ??_C@_03GGCAPAJC@Sep?$AA@  000000018000f50c     libucrt:nlsdata.obj
 0002:00001510       ??_C@_03BMAOKBAD@Oct?$AA@  000000018000f510     libucrt:nlsdata.obj
 0002:00001514       ??_C@_03JPJOFNIA@Nov?$AA@  000000018000f514     libucrt:nlsdata.obj
 0002:00001518       ??_C@_03MKABNOCG@Dec?$AA@  000000018000f518     libucrt:nlsdata.obj
 0002:00001520       ??_C@_07CGJPFGJA@January?$AA@ 000000018000f520     libucrt:nlsdata.obj
 0002:00001528       ??_C@_08GNJGEPFN@February?$AA@ 000000018000f528     libucrt:nlsdata.obj
 0002:00001534       ??_C@_05HPCKOFNC@March?$AA@ 000000018000f534     libucrt:nlsdata.obj
 0002:0000153c       ??_C@_05DMJDNLEJ@April?$AA@ 000000018000f53c     libucrt:nlsdata.obj
 0002:00001544       ??_C@_04CNLMGBGM@June?$AA@ 000000018000f544     libucrt:nlsdata.obj
 0002:0000154c       ??_C@_04MIEPOIFP@July?$AA@ 000000018000f54c     libucrt:nlsdata.obj
 0002:00001554       ??_C@_06LBBHFDDG@August?$AA@ 000000018000f554     libucrt:nlsdata.obj
 0002:00001560       ??_C@_09BHHEALKD@September?$AA@ 000000018000f560     libucrt:nlsdata.obj
 0002:00001570       ??_C@_07JJNFCEND@October?$AA@ 000000018000f570     libucrt:nlsdata.obj
 0002:00001578       ??_C@_08HCHEGEOA@November?$AA@ 000000018000f578     libucrt:nlsdata.obj
 0002:00001588       ??_C@_08EDHMEBNP@December?$AA@ 000000018000f588     libucrt:nlsdata.obj
 0002:00001594       ??_C@_02DEDBPAFC@AM?$AA@   000000018000f594     libucrt:nlsdata.obj
 0002:00001598       ??_C@_02CJNFDJBF@PM?$AA@   000000018000f598     libucrt:nlsdata.obj
 0002:000015a0       ??_C@_08BPBNCDIB@MM?1dd?1yy?$AA@ 000000018000f5a0     libucrt:nlsdata.obj
 0002:000015b0       ??_C@_0BE@CKGJFCPC@dddd?0?5MMMM?5dd?0?5yyyy?$AA@ 000000018000f5b0     libucrt:nlsdata.obj
 0002:000015c8       ??_C@_08JCCMCCIL@HH?3mm?3ss?$AA@ 000000018000f5c8     libucrt:nlsdata.obj
 0002:000015d8       ??_C@_17MBGCMIPB@?$AAS?$AAu?$AAn?$AA?$AA@ 000000018000f5d8     libucrt:nlsdata.obj
 0002:000015e0       ??_C@_17KBOMKBF@?$AAM?$AAo?$AAn?$AA?$AA@ 000000018000f5e0     libucrt:nlsdata.obj
 0002:000015e8       ??_C@_17BMKGEGOJ@?$AAT?$AAu?$AAe?$AA?$AA@ 000000018000f5e8     libucrt:nlsdata.obj
 0002:000015f0       ??_C@_17CJEDCEPE@?$AAW?$AAe?$AAd?$AA?$AA@ 000000018000f5f0     libucrt:nlsdata.obj
 0002:000015f8       ??_C@_17PDPHAADD@?$AAT?$AAh?$AAu?$AA?$AA@ 000000018000f5f8     libucrt:nlsdata.obj
 0002:00001600       ??_C@_17HFOLPPLP@?$AAF?$AAr?$AAi?$AA?$AA@ 000000018000f600     libucrt:nlsdata.obj
 0002:00001608       ??_C@_17GGIBDPIH@?$AAS?$AAa?$AAt?$AA?$AA@ 000000018000f608     libucrt:nlsdata.obj
 0002:00001610       ??_C@_1O@IHNHDHPB@?$AAS?$AAu?$AAn?$AAd?$AAa?$AAy?$AA?$AA@ 000000018000f610     libucrt:nlsdata.obj
 0002:00001620       ??_C@_1O@MMNBFLIA@?$AAM?$AAo?$AAn?$AAd?$AAa?$AAy?$AA?$AA@ 000000018000f620     libucrt:nlsdata.obj
 0002:00001630       ??_C@_1BA@ENFBFFEK@?$AAT?$AAu?$AAe?$AAs?$AAd?$AAa?$AAy?$AA?$AA@ 000000018000f630     libucrt:nlsdata.obj
 0002:00001640       ??_C@_1BE@EBOGMDOH@?$AAW?$AAe?$AAd?$AAn?$AAe?$AAs?$AAd?$AAa?$AAy?$AA?$AA@ 000000018000f640     libucrt:nlsdata.obj
 0002:00001658       ??_C@_1BC@HHMNLIHE@?$AAT?$AAh?$AAu?$AAr?$AAs?$AAd?$AAa?$AAy?$AA?$AA@ 000000018000f658     libucrt:nlsdata.obj
 0002:00001670       ??_C@_1O@PDICJHAG@?$AAF?$AAr?$AAi?$AAd?$AAa?$AAy?$AA?$AA@ 000000018000f670     libucrt:nlsdata.obj
 0002:00001680       ??_C@_1BC@ENMNNPAJ@?$AAS?$AAa?$AAt?$AAu?$AAr?$AAd?$AAa?$AAy?$AA?$AA@ 000000018000f680     libucrt:nlsdata.obj
 0002:00001698       ??_C@_17DKNBKCHM@?$AAJ?$AAa?$AAn?$AA?$AA@ 000000018000f698     libucrt:nlsdata.obj
 0002:000016a0       ??_C@_17LMDJEKJN@?$AAF?$AAe?$AAb?$AA?$AA@ 000000018000f6a0     libucrt:nlsdata.obj
 0002:000016a8       ??_C@_17CKNLEDEC@?$AAM?$AAa?$AAr?$AA?$AA@ 000000018000f6a8     libucrt:nlsdata.obj
 0002:000016b0       ??_C@_17LFPOIHDD@?$AAA?$AAp?$AAr?$AA?$AA@ 000000018000f6b0     libucrt:nlsdata.obj
 0002:000016b8       ??_C@_17PNNKMEED@?$AAM?$AAa?$AAy?$AA?$AA@ 000000018000f6b8     libucrt:nlsdata.obj
 0002:000016c0       ??_C@_17KCJGOCPB@?$AAJ?$AAu?$AAn?$AA?$AA@ 000000018000f6c0     libucrt:nlsdata.obj
 0002:000016c8       ??_C@_17IJPCKHK@?$AAJ?$AAu?$AAl?$AA?$AA@ 000000018000f6c8     libucrt:nlsdata.obj
 0002:000016d0       ??_C@_17ICPELBCN@?$AAA?$AAu?$AAg?$AA?$AA@ 000000018000f6d0     libucrt:nlsdata.obj
 0002:000016d8       ??_C@_17HCHCOKMG@?$AAS?$AAe?$AAp?$AA?$AA@ 000000018000f6d8     libucrt:nlsdata.obj
 0002:000016e0       ??_C@_17FNLKOI@?$AAO?$AAc?$AAt?$AA?$AA@ 000000018000f6e0     libucrt:nlsdata.obj
 0002:000016e8       ??_C@_17BBDMLCIG@?$AAN?$AAo?$AAv?$AA?$AA@ 000000018000f6e8     libucrt:nlsdata.obj
 0002:000016f0       ??_C@_17EGKACKIF@?$AAD?$AAe?$AAc?$AA?$AA@ 000000018000f6f0     libucrt:nlsdata.obj
 0002:000016f8       ??_C@_1BA@EFMEIEBA@?$AAJ?$AAa?$AAn?$AAu?$AAa?$AAr?$AAy?$AA?$AA@ 000000018000f6f8     libucrt:nlsdata.obj
 0002:00001708       ??_C@_1BC@JGDDFFAM@?$AAF?$AAe?$AAb?$AAr?$AAu?$AAa?$AAr?$AAy?$AA?$AA@ 000000018000f708     libucrt:nlsdata.obj
 0002:00001720       ??_C@_1M@IKEENEDF@?$AAM?$AAa?$AAr?$AAc?$AAh?$AA?$AA@ 000000018000f720     libucrt:nlsdata.obj
 0002:00001730       ??_C@_1M@GJNLMHFD@?$AAA?$AAp?$AAr?$AAi?$AAl?$AA?$AA@ 000000018000f730     libucrt:nlsdata.obj
 0002:00001740       ??_C@_19EPFLPGAP@?$AAJ?$AAu?$AAn?$AAe?$AA?$AA@ 000000018000f740     libucrt:nlsdata.obj
 0002:00001750       ??_C@_19BIFMLPCD@?$AAJ?$AAu?$AAl?$AAy?$AA?$AA@ 000000018000f750     libucrt:nlsdata.obj
 0002:00001760       ??_C@_1O@PAHLKOAC@?$AAA?$AAu?$AAg?$AAu?$AAs?$AAt?$AA?$AA@ 000000018000f760     libucrt:nlsdata.obj
 0002:00001770       ??_C@_1BE@DKAAMBJL@?$AAS?$AAe?$AAp?$AAt?$AAe?$AAm?$AAb?$AAe?$AAr?$AA?$AA@ 000000018000f770     libucrt:nlsdata.obj
 0002:00001788       ??_C@_1BA@EPANDLNG@?$AAO?$AAc?$AAt?$AAo?$AAb?$AAe?$AAr?$AA?$AA@ 000000018000f788     libucrt:nlsdata.obj
 0002:00001798       ??_C@_1BC@BGLIFPF@?$AAN?$AAo?$AAv?$AAe?$AAm?$AAb?$AAe?$AAr?$AA?$AA@ 000000018000f798     libucrt:nlsdata.obj
 0002:000017b0       ??_C@_1BC@FEMKIFH@?$AAD?$AAe?$AAc?$AAe?$AAm?$AAb?$AAe?$AAr?$AA?$AA@ 000000018000f7b0     libucrt:nlsdata.obj
 0002:000017c4       ??_C@_15ODEHAHHF@?$AAA?$AAM?$AA?$AA@ 000000018000f7c4     libucrt:nlsdata.obj
 0002:000017cc       ??_C@_15CLMNNGEL@?$AAP?$AAM?$AA?$AA@ 000000018000f7cc     libucrt:nlsdata.obj
 0002:000017d8       ??_C@_1BC@IEBCMHCM@?$AAM?$AAM?$AA?1?$AAd?$AAd?$AA?1?$AAy?$AAy?$AA?$AA@ 000000018000f7d8     libucrt:nlsdata.obj
 0002:000017f0       ??_C@_1CI@KNAKOEBC@?$AAd?$AAd?$AAd?$AAd?$AA?0?$AA?5?$AAM?$AAM?$AAM?$AAM?$AA?5?$AAd?$AAd?$AA?0?$AA?5?$AAy?$AAy?$AAy?$AAy?$AA?$AA@ 000000018000f7f0     libucrt:nlsdata.obj
 0002:00001818       ??_C@_1BC@GDGBMEMK@?$AAH?$AAH?$AA?3?$AAm?$AAm?$AA?3?$AAs?$AAs?$AA?$AA@ 000000018000f818     libucrt:nlsdata.obj
 0002:00001830       ??_C@_1M@BMHNFIME@?$AAe?$AAn?$AA?9?$AAU?$AAS?$AA?$AA@ 000000018000f830     libucrt:nlsdata.obj
 0002:00001860       ??_C@_1M@HPNHIDJI@?$AAj?$AAa?$AA?9?$AAJ?$AAP?$AA?$AA@ 000000018000f860     libucrt:mbctype.obj
 0002:00001870       ??_C@_1M@BIBDDEMK@?$AAz?$AAh?$AA?9?$AAC?$AAN?$AA?$AA@ 000000018000f870     libucrt:mbctype.obj
 0002:00001880       ??_C@_1M@JLOOOEGK@?$AAk?$AAo?$AA?9?$AAK?$AAR?$AA?$AA@ 000000018000f880     libucrt:mbctype.obj
 0002:00001890       ??_C@_1M@CLNBBOPM@?$AAz?$AAh?$AA?9?$AAT?$AAW?$AA?$AA@ 000000018000f890     libucrt:mbctype.obj
 0002:00001940       ??_C@_1EA@JGEFHKEI@?$AAa?$AAp?$AAi?$AA?9?$AAm?$AAs?$AA?9?$AAw?$AAi?$AAn?$AA?9?$AAc?$AAo?$AAr?$AAe?$AA?9?$AAd?$AAa?$AAt?$AAe?$AAt?$AAi?$AAm?$AAe?$AA?9?$AAl?$AA1?$AA?9?$AA1?$AA?9?$AA1?$AA?$AA@ 000000018000f940     libucrt:winapi_thunks.obj
 0002:00001980       ??_C@_1DM@KHCHBNEB@?$AAa?$AAp?$AAi?$AA?9?$AAm?$AAs?$AA?9?$AAw?$AAi?$AAn?$AA?9?$AAc?$AAo?$AAr?$AAe?$AA?9?$AAf?$AAi?$AAb?$AAe?$AAr?$AAs?$AA?9?$AAl?$AA1?$AA?9?$AA1?$AA?9?$AA1?$AA?$AA@ 000000018000f980     libucrt:winapi_thunks.obj
 0002:000019c0       ??_C@_1DI@IJCEHOCB@?$AAa?$AAp?$AAi?$AA?9?$AAm?$AAs?$AA?9?$AAw?$AAi?$AAn?$AA?9?$AAc?$AAo?$AAr?$AAe?$AA?9?$AAf?$AAi?$AAl?$AAe?$AA?9?$AAl?$AA1?$AA?9?$AA2?$AA?9?$AA2?$AA?$AA@ 000000018000f9c0     libucrt:winapi_thunks.obj
 0002:00001a00       ??_C@_1EI@MPIAOHOC@?$AAa?$AAp?$AAi?$AA?9?$AAm?$AAs?$AA?9?$AAw?$AAi?$AAn?$AA?9?$AAc?$AAo?$AAr?$AAe?$AA?9?$AAl?$AAo?$AAc?$AAa?$AAl?$AAi?$AAz?$AAa?$AAt?$AAi?$AAo?$AAn?$AA?9?$AAl?$AA1?$AA?9@ 000000018000fa00     libucrt:winapi_thunks.obj
 0002:00001a50       ??_C@_1FK@FPHCKFIE@?$AAa?$AAp?$AAi?$AA?9?$AAm?$AAs?$AA?9?$AAw?$AAi?$AAn?$AA?9?$AAc?$AAo?$AAr?$AAe?$AA?9?$AAl?$AAo?$AAc?$AAa?$AAl?$AAi?$AAz?$AAa?$AAt?$AAi?$AAo?$AAn?$AA?9?$AAo?$AAb?$AAs@ 000000018000fa50     libucrt:winapi_thunks.obj
 0002:00001ab0       ??_C@_1EM@DILCGIIO@?$AAa?$AAp?$AAi?$AA?9?$AAm?$AAs?$AA?9?$AAw?$AAi?$AAn?$AA?9?$AAc?$AAo?$AAr?$AAe?$AA?9?$AAp?$AAr?$AAo?$AAc?$AAe?$AAs?$AAs?$AAt?$AAh?$AAr?$AAe?$AAa?$AAd?$AAs?$AA?9?$AAl@ 000000018000fab0     libucrt:winapi_thunks.obj
 0002:00001b00       ??_C@_1DM@LNCGDDPN@?$AAa?$AAp?$AAi?$AA?9?$AAm?$AAs?$AA?9?$AAw?$AAi?$AAn?$AA?9?$AAc?$AAo?$AAr?$AAe?$AA?9?$AAs?$AAt?$AAr?$AAi?$AAn?$AAg?$AA?9?$AAl?$AA1?$AA?9?$AA1?$AA?9?$AA0?$AA?$AA@ 000000018000fb00     libucrt:winapi_thunks.obj
 0002:00001b40       ??_C@_1DK@LPPGFMPP@?$AAa?$AAp?$AAi?$AA?9?$AAm?$AAs?$AA?9?$AAw?$AAi?$AAn?$AA?9?$AAc?$AAo?$AAr?$AAe?$AA?9?$AAs?$AAy?$AAn?$AAc?$AAh?$AA?9?$AAl?$AA1?$AA?9?$AA2?$AA?9?$AA0?$AA?$AA@ 000000018000fb40     libucrt:winapi_thunks.obj
 0002:00001b80       ??_C@_1DO@FPAPJEMD@?$AAa?$AAp?$AAi?$AA?9?$AAm?$AAs?$AA?9?$AAw?$AAi?$AAn?$AA?9?$AAc?$AAo?$AAr?$AAe?$AA?9?$AAs?$AAy?$AAs?$AAi?$AAn?$AAf?$AAo?$AA?9?$AAl?$AA1?$AA?9?$AA2?$AA?9?$AA1?$AA?$AA@ 000000018000fb80     libucrt:winapi_thunks.obj
 0002:00001bc0       ??_C@_1DK@NDHNAHIO@?$AAa?$AAp?$AAi?$AA?9?$AAm?$AAs?$AA?9?$AAw?$AAi?$AAn?$AA?9?$AAc?$AAo?$AAr?$AAe?$AA?9?$AAw?$AAi?$AAn?$AAr?$AAt?$AA?9?$AAl?$AA1?$AA?9?$AA1?$AA?9?$AA0?$AA?$AA@ 000000018000fbc0     libucrt:winapi_thunks.obj
 0002:00001c00       ??_C@_1DM@KGHDGBCM@?$AAa?$AAp?$AAi?$AA?9?$AAm?$AAs?$AA?9?$AAw?$AAi?$AAn?$AA?9?$AAc?$AAo?$AAr?$AAe?$AA?9?$AAx?$AAs?$AAt?$AAa?$AAt?$AAe?$AA?9?$AAl?$AA2?$AA?9?$AA1?$AA?9?$AA0?$AA?$AA@ 000000018000fc00     libucrt:winapi_thunks.obj
 0002:00001c40       ??_C@_1EO@IJIOEFOH@?$AAa?$AAp?$AAi?$AA?9?$AAm?$AAs?$AA?9?$AAw?$AAi?$AAn?$AA?9?$AAr?$AAt?$AAc?$AAo?$AAr?$AAe?$AA?9?$AAn?$AAt?$AAu?$AAs?$AAe?$AAr?$AA?9?$AAw?$AAi?$AAn?$AAd?$AAo?$AAw?$AA?9@ 000000018000fc40     libucrt:winapi_thunks.obj
 0002:00001c90       ??_C@_1FG@HHGEKANL@?$AAa?$AAp?$AAi?$AA?9?$AAm?$AAs?$AA?9?$AAw?$AAi?$AAn?$AA?9?$AAs?$AAe?$AAc?$AAu?$AAr?$AAi?$AAt?$AAy?$AA?9?$AAs?$AAy?$AAs?$AAt?$AAe?$AAm?$AAf?$AAu?$AAn?$AAc?$AAt?$AAi@ 000000018000fc90     libucrt:winapi_thunks.obj
 0002:00001cf0       ??_C@_1EG@DBIOJECG@?$AAe?$AAx?$AAt?$AA?9?$AAm?$AAs?$AA?9?$AAw?$AAi?$AAn?$AA?9?$AAn?$AAt?$AAu?$AAs?$AAe?$AAr?$AA?9?$AAd?$AAi?$AAa?$AAl?$AAo?$AAg?$AAb?$AAo?$AAx?$AA?9?$AAl?$AA1?$AA?9?$AA1@ 000000018000fcf0     libucrt:winapi_thunks.obj
 0002:00001d40       ??_C@_1EO@FIHMJCLF@?$AAe?$AAx?$AAt?$AA?9?$AAm?$AAs?$AA?9?$AAw?$AAi?$AAn?$AA?9?$AAn?$AAt?$AAu?$AAs?$AAe?$AAr?$AA?9?$AAw?$AAi?$AAn?$AAd?$AAo?$AAw?$AAs?$AAt?$AAa?$AAt?$AAi?$AAo?$AAn?$AA?9@ 000000018000fd40     libucrt:winapi_thunks.obj
 0002:00001d90       ??_C@_1BC@DNHGCMLG@?$AAa?$AAd?$AAv?$AAa?$AAp?$AAi?$AA3?$AA2?$AA?$AA@ 000000018000fd90     libucrt:winapi_thunks.obj
 0002:00001da8       ??_C@_1BC@GDMECMAK@?$AAk?$AAe?$AAr?$AAn?$AAe?$AAl?$AA3?$AA2?$AA?$AA@ 000000018000fda8     libucrt:winapi_thunks.obj
 0002:00001dc0       ??_C@_1M@OAIMIKLP@?$AAn?$AAt?$AAd?$AAl?$AAl?$AA?$AA@ 000000018000fdc0     libucrt:winapi_thunks.obj
 0002:00001dd0       ??_C@_1EG@DPGNFKGC@?$AAa?$AAp?$AAi?$AA?9?$AAm?$AAs?$AA?9?$AAw?$AAi?$AAn?$AA?9?$AAa?$AAp?$AAp?$AAm?$AAo?$AAd?$AAe?$AAl?$AA?9?$AAr?$AAu?$AAn?$AAt?$AAi?$AAm?$AAe?$AA?9?$AAl?$AA1?$AA?9?$AA1@ 000000018000fdd0     libucrt:winapi_thunks.obj
 0002:00001e18       ??_C@_1O@BCCLBEOE@?$AAu?$AAs?$AAe?$AAr?$AA3?$AA2?$AA?$AA@ 000000018000fe18     libucrt:winapi_thunks.obj
 0002:00001e28       ??_C@_1BA@PFFKHIOG@?$AAa?$AAp?$AAi?$AA?9?$AAm?$AAs?$AA?9?$AA?$AA@ 000000018000fe28     libucrt:winapi_thunks.obj
 0002:00001e38       ??_C@_1BA@IAIFMGEF@?$AAe?$AAx?$AAt?$AA?9?$AAm?$AAs?$AA?9?$AA?$AA@ 000000018000fe38     libucrt:winapi_thunks.obj
 0002:00001e50       ??_C@_0BA@FHFNEAED@AreFileApisANSI?$AA@ 000000018000fe50     libucrt:winapi_thunks.obj
 0002:00001e68       ??_C@_08KNHFBNJ@FlsAlloc?$AA@ 000000018000fe68     libucrt:winapi_thunks.obj
 0002:00001e80       ??_C@_07PEJMOBNF@FlsFree?$AA@ 000000018000fe80     libucrt:winapi_thunks.obj
 0002:00001e90       ??_C@_0M@GDNOONDI@FlsGetValue?$AA@ 000000018000fe90     libucrt:winapi_thunks.obj
 0002:00001ea8       ??_C@_0M@JCPCPOEF@FlsSetValue?$AA@ 000000018000fea8     libucrt:winapi_thunks.obj
 0002:00001ec0       ??_C@_0BM@HCFOFFN@InitializeCriticalSectionEx?$AA@ 000000018000fec0     libucrt:winapi_thunks.obj
 0002:00001ee8       ??_C@_0O@KKBNKAPF@LCMapStringEx?$AA@ 000000018000fee8     libucrt:winapi_thunks.obj
 0002:00001f00       ??_C@_0BB@HBDEELFH@LocaleNameToLCID?$AA@ 000000018000ff00     libucrt:winapi_thunks.obj
 0002:00001f18       ??_C@_0CF@OJOFEIGO@AppPolicyGetProcessTerminationMe@ 000000018000ff18     libucrt:winapi_thunks.obj
 0002:00001f40       __newctype                 000000018000ff40     libucrt:ctype.obj
 0002:00002240       __newclmap                 0000000180010240     libucrt:ctype.obj
 0002:000023c0       __newcumap                 00000001800103c0     libucrt:ctype.obj
 0002:00002540       ??_C@_15PJPFLCCM@?$AAu?$AAk?$AA?$AA@ 0000000180010540     libucrt:get_qualified_locale.obj
 0002:00003390       ??_C@_15EMKDOKLE@?$AAa?$AAr?$AA?$AA@ 0000000180011390     libucrt:lcidtoname_downlevel.obj
 0002:00003398       ??_C@_15KNPADPLH@?$AAb?$AAg?$AA?$AA@ 0000000180011398     libucrt:lcidtoname_downlevel.obj
 0002:000033a0       ??_C@_15EDMHLDMO@?$AAc?$AAa?$AA?$AA@ 00000001800113a0     libucrt:lcidtoname_downlevel.obj
 0002:000033a8       ??_C@_1O@BPEAJADD@?$AAz?$AAh?$AA?9?$AAC?$AAH?$AAS?$AA?$AA@ 00000001800113a8     libucrt:lcidtoname_downlevel.obj
 0002:000033b8       ??_C@_15LJNHCMNK@?$AAc?$AAs?$AA?$AA@ 00000001800113b8     libucrt:lcidtoname_downlevel.obj
 0002:000033c0       ??_C@_15FOMCIDHG@?$AAd?$AAa?$AA?$AA@ 00000001800113c0     libucrt:lcidtoname_downlevel.obj
 0002:000033c8       ??_C@_15NBKABECB@?$AAd?$AAe?$AA?$AA@ 00000001800113c8     libucrt:lcidtoname_downlevel.obj
 0002:000033d0       ??_C@_15GHPEIIAO@?$AAe?$AAl?$AA?$AA@ 00000001800113d0     libucrt:lcidtoname_downlevel.obj
 0002:000033d8       ??_C@_15MNPNEAIF@?$AAe?$AAn?$AA?$AA@ 00000001800113d8     libucrt:lcidtoname_downlevel.obj
 0002:000033e0       ??_C@_15GPIOMPMH@?$AAe?$AAs?$AA?$AA@ 00000001800113e0     libucrt:lcidtoname_downlevel.obj
 0002:000033e8       ??_C@_15NGLOAKJC@?$AAf?$AAi?$AA?$AA@ 00000001800113e8     libucrt:lcidtoname_downlevel.obj
 0002:000033f0       ??_C@_15FBKGNKAM@?$AAf?$AAr?$AA?$AA@ 00000001800113f0     libucrt:lcidtoname_downlevel.obj
 0002:000033f8       ??_C@_15KGGCNEFK@?$AAh?$AAe?$AA?$AA@ 00000001800113f8     libucrt:lcidtoname_downlevel.obj
 0002:00003400       ??_C@_15PGHLIDMF@?$AAh?$AAu?$AA?$AA@ 0000000180011400     libucrt:lcidtoname_downlevel.obj
 0002:00003408       ??_C@_15BIEMAPLM@?$AAi?$AAs?$AA?$AA@ 0000000180011408     libucrt:lcidtoname_downlevel.obj
 0002:00003410       ??_C@_15IFJLDHAF@?$AAi?$AAt?$AA?$AA@ 0000000180011410     libucrt:lcidtoname_downlevel.obj
 0002:00003418       ??_C@_15GEMIOCAG@?$AAj?$AAa?$AA?$AA@ 0000000180011418     libucrt:lcidtoname_downlevel.obj
 0002:00003420       ??_C@_15EPELEGJA@?$AAk?$AAo?$AA?$AA@ 0000000180011420     libucrt:lcidtoname_downlevel.obj
 0002:00003428       ??_C@_15NDDHIMN@?$AAn?$AAl?$AA?$AA@ 0000000180011428     libucrt:lcidtoname_downlevel.obj
 0002:00003430       ??_C@_15BPIGNHCD@?$AAn?$AAo?$AA?$AA@ 0000000180011430     libucrt:lcidtoname_downlevel.obj
 0002:00003438       ??_C@_15DEOPBLCG@?$AAp?$AAl?$AA?$AA@ 0000000180011438     libucrt:lcidtoname_downlevel.obj
 0002:00003440       ??_C@_15KBECGEFG@?$AAp?$AAt?$AA?$AA@ 0000000180011440     libucrt:lcidtoname_downlevel.obj
 0002:00003448       ??_C@_15GLJCBFMD@?$AAr?$AAo?$AA?$AA@ 0000000180011448     libucrt:lcidtoname_downlevel.obj
 0002:00003450       ??_C@_15FEDGKCDI@?$AAr?$AAu?$AA?$AA@ 0000000180011450     libucrt:lcidtoname_downlevel.obj
 0002:00003458       ??_C@_15GLKMLLHM@?$AAh?$AAr?$AA?$AA@ 0000000180011458     libucrt:lcidtoname_downlevel.obj
 0002:00003460       ??_C@_15CPKMFBDB@?$AAs?$AAk?$AA?$AA@ 0000000180011460     libucrt:lcidtoname_downlevel.obj
 0002:00003468       ??_C@_15BAAIOGMK@?$AAs?$AAq?$AA?$AA@ 0000000180011468     libucrt:lcidtoname_downlevel.obj
 0002:00003470       ??_C@_15INNPNOHD@?$AAs?$AAv?$AA?$AA@ 0000000180011470     libucrt:lcidtoname_downlevel.obj
 0002:00003478       ??_C@_15CABMMOGH@?$AAt?$AAh?$AA?$AA@ 0000000180011478     libucrt:lcidtoname_downlevel.obj
 0002:00003480       ??_C@_15BPLIHJJM@?$AAt?$AAr?$AA?$AA@ 0000000180011480     libucrt:lcidtoname_downlevel.obj
 0002:00003488       ??_C@_15NEOEKKDJ@?$AAu?$AAr?$AA?$AA@ 0000000180011488     libucrt:lcidtoname_downlevel.obj
 0002:00003490       ??_C@_15NFICGAJK@?$AAi?$AAd?$AA?$AA@ 0000000180011490     libucrt:lcidtoname_downlevel.obj
 0002:00003498       ??_C@_15HPJPHDM@?$AAb?$AAe?$AA?$AA@ 0000000180011498     libucrt:lcidtoname_downlevel.obj
 0002:000034a0       ??_C@_15LCHLGJII@?$AAs?$AAl?$AA?$AA@ 00000001800114a0     libucrt:lcidtoname_downlevel.obj
 0002:000034a8       ??_C@_15PCFJPHHO@?$AAe?$AAt?$AA?$AA@ 00000001800114a8     libucrt:lcidtoname_downlevel.obj
 0002:000034b0       ??_C@_15HPFPGODN@?$AAl?$AAv?$AA?$AA@ 00000001800114b0     libucrt:lcidtoname_downlevel.obj
 0002:000034b8       ??_C@_15NFFGKGLG@?$AAl?$AAt?$AA?$AA@ 00000001800114b8     libucrt:lcidtoname_downlevel.obj
 0002:000034c0       ??_C@_15BDAKCCHN@?$AAf?$AAa?$AA?$AA@ 00000001800114c0     libucrt:lcidtoname_downlevel.obj
 0002:000034c8       ??_C@_15NFGIAIAJ@?$AAv?$AAi?$AA?$AA@ 00000001800114c8     libucrt:lcidtoname_downlevel.obj
 0002:000034d0       ??_C@_15LMKNDMHN@?$AAh?$AAy?$AA?$AA@ 00000001800114d0     libucrt:lcidtoname_downlevel.obj
 0002:000034d8       ??_C@_15IJBHMCFL@?$AAa?$AAz?$AA?$AA@ 00000001800114d8     libucrt:lcidtoname_downlevel.obj
 0002:000034e0       ??_C@_15EKOFJABL@?$AAe?$AAu?$AA?$AA@ 00000001800114e0     libucrt:lcidtoname_downlevel.obj
 0002:000034e8       ??_C@_15BGHADCNK@?$AAm?$AAk?$AA?$AA@ 00000001800114e8     libucrt:lcidtoname_downlevel.obj
 0002:000034f0       ??_C@_15JDNICKHM@?$AAa?$AAf?$AA?$AA@ 00000001800114f0     libucrt:lcidtoname_downlevel.obj
 0002:000034f8       ??_C@_15KPJEDBKD@?$AAk?$AAa?$AA?$AA@ 00000001800114f8     libucrt:lcidtoname_downlevel.obj
 0002:00003500       ??_C@_15PDNFFFEO@?$AAf?$AAo?$AA?$AA@ 0000000180011500     libucrt:lcidtoname_downlevel.obj
 0002:00003508       ??_C@_15OMLEGLOC@?$AAh?$AAi?$AA?$AA@ 0000000180011508     libucrt:lcidtoname_downlevel.obj
 0002:00003510       ??_C@_15IDNNENKK@?$AAm?$AAs?$AA?$AA@ 0000000180011510     libucrt:lcidtoname_downlevel.obj
 0002:00003518       ??_C@_15MACJNBMH@?$AAk?$AAk?$AA?$AA@ 0000000180011518     libucrt:lcidtoname_downlevel.obj
 0002:00003520       ??_C@_15DKDJEOND@?$AAk?$AAy?$AA?$AA@ 0000000180011520     libucrt:lcidtoname_downlevel.obj
 0002:00003528       ??_C@_15DFGDLJBG@?$AAs?$AAw?$AA?$AA@ 0000000180011528     libucrt:lcidtoname_downlevel.obj
 0002:00003530       ??_C@_15BBFAICNG@?$AAu?$AAz?$AA?$AA@ 0000000180011530     libucrt:lcidtoname_downlevel.obj
 0002:00003538       ??_C@_15DKNDCGEA@?$AAt?$AAt?$AA?$AA@ 0000000180011538     libucrt:lcidtoname_downlevel.obj
 0002:00003540       ??_C@_15MGIFMDPL@?$AAp?$AAa?$AA?$AA@ 0000000180011540     libucrt:lcidtoname_downlevel.obj
 0002:00003548       ??_C@_15HCNDBBA@?$AAg?$AAu?$AA?$AA@ 0000000180011548     libucrt:lcidtoname_downlevel.obj
 0002:00003550       ??_C@_15FNBEIBON@?$AAt?$AAa?$AA?$AA@ 0000000180011550     libucrt:lcidtoname_downlevel.obj
 0002:00003558       ??_C@_15NCHGBGLK@?$AAt?$AAe?$AA?$AA@ 0000000180011558     libucrt:lcidtoname_downlevel.obj
 0002:00003560       ??_C@_15PHPHCBPF@?$AAk?$AAn?$AA?$AA@ 0000000180011560     libucrt:lcidtoname_downlevel.obj
 0002:00003568       ??_C@_15DLGBCKMP@?$AAm?$AAr?$AA?$AA@ 0000000180011568     libucrt:lcidtoname_downlevel.obj
 0002:00003570       ??_C@_15EABBLBFF@?$AAs?$AAa?$AA?$AA@ 0000000180011570     libucrt:lcidtoname_downlevel.obj
 0002:00003578       ??_C@_15CBKOMCOI@?$AAm?$AAn?$AA?$AA@ 0000000180011578     libucrt:lcidtoname_downlevel.obj
 0002:00003580       ??_C@_15CKDMCJAF@?$AAg?$AAl?$AA?$AA@ 0000000180011580     libucrt:lcidtoname_downlevel.obj
 0002:00003588       ??_C@_17CNJFBPG@?$AAk?$AAo?$AAk?$AA?$AA@ 0000000180011588     libucrt:lcidtoname_downlevel.obj
 0002:00003590       ??_C@_17FFBJICPL@?$AAs?$AAy?$AAr?$AA?$AA@ 0000000180011590     libucrt:lcidtoname_downlevel.obj
 0002:00003598       ??_C@_17KPNDCPAF@?$AAd?$AAi?$AAv?$AA?$AA@ 0000000180011598     libucrt:lcidtoname_downlevel.obj
 0002:000035a0       ??_C@_11LOCGONAA@?$AA?$AA@ 00000001800115a0     libucrt:lcidtoname_downlevel.obj
 0002:000035a8       ??_C@_1M@OKAHONE@?$AAa?$AAr?$AA?9?$AAS?$AAA?$AA?$AA@ 00000001800115a8     libucrt:lcidtoname_downlevel.obj
 0002:000035b8       ??_C@_1M@FFFIGIGK@?$AAb?$AAg?$AA?9?$AAB?$AAG?$AA?$AA@ 00000001800115b8     libucrt:lcidtoname_downlevel.obj
 0002:000035c8       ??_C@_1M@BJNKEDC@?$AAc?$AAa?$AA?9?$AAE?$AAS?$AA?$AA@ 00000001800115c8     libucrt:lcidtoname_downlevel.obj
 0002:000035d8       ??_C@_1M@IJJHFJHA@?$AAc?$AAs?$AA?9?$AAC?$AAZ?$AA?$AA@ 00000001800115d8     libucrt:lcidtoname_downlevel.obj
 0002:000035e8       ??_C@_1M@CLPEOBGI@?$AAd?$AAa?$AA?9?$AAD?$AAK?$AA?$AA@ 00000001800115e8     libucrt:lcidtoname_downlevel.obj
 0002:000035f8       ??_C@_1M@MCMADGCB@?$AAd?$AAe?$AA?9?$AAD?$AAE?$AA?$AA@ 00000001800115f8     libucrt:lcidtoname_downlevel.obj
 0002:00003608       ??_C@_1M@OOCKEMAM@?$AAe?$AAl?$AA?9?$AAG?$AAR?$AA?$AA@ 0000000180011608     libucrt:lcidtoname_downlevel.obj
 0002:00003618       ??_C@_1M@DDNJFGID@?$AAf?$AAi?$AA?9?$AAF?$AAI?$AA?$AA@ 0000000180011618     libucrt:lcidtoname_downlevel.obj
 0002:00003628       ??_C@_1M@GLIPPMAC@?$AAf?$AAr?$AA?9?$AAF?$AAR?$AA?$AA@ 0000000180011628     libucrt:lcidtoname_downlevel.obj
 0002:00003638       ??_C@_1M@GFMCHPE@?$AAh?$AAe?$AA?9?$AAI?$AAL?$AA?$AA@ 0000000180011638     libucrt:lcidtoname_downlevel.obj
 0002:00003648       ??_C@_1M@MHLPGNKM@?$AAh?$AAu?$AA?9?$AAH?$AAU?$AA?$AA@ 0000000180011648     libucrt:lcidtoname_downlevel.obj
 0002:00003658       ??_C@_1M@LPDDNNPN@?$AAi?$AAs?$AA?9?$AAI?$AAS?$AA?$AA@ 0000000180011658     libucrt:lcidtoname_downlevel.obj
 0002:00003668       ??_C@_1M@MADIPODN@?$AAi?$AAt?$AA?9?$AAI?$AAT?$AA?$AA@ 0000000180011668     libucrt:lcidtoname_downlevel.obj
 0002:00003678       ??_C@_1M@IHBJJGG@?$AAn?$AAl?$AA?9?$AAN?$AAL?$AA?$AA@ 0000000180011678     libucrt:lcidtoname_downlevel.obj
 0002:00003688       ??_C@_1M@EANAGDL@?$AAn?$AAb?$AA?9?$AAN?$AAO?$AA?$AA@ 0000000180011688     libucrt:lcidtoname_downlevel.obj
 0002:00003698       ??_C@_1M@NEIEMEGP@?$AAp?$AAl?$AA?9?$AAP?$AAL?$AA?$AA@ 0000000180011698     libucrt:lcidtoname_downlevel.obj
[...]
 0004:000007d4       $pdata$__acrt_AreFileApisANSI 000000018001a7d4     libucrt:winapi_thunks.obj
 0004:000007e0       $pdata$__acrt_FlsAlloc     000000018001a7e0     libucrt:winapi_thunks.obj
 0004:000007ec       $pdata$__acrt_FlsFree      000000018001a7ec     libucrt:winapi_thunks.obj
 0004:000007f8       $pdata$__acrt_FlsGetValue  000000018001a7f8     libucrt:winapi_thunks.obj
 0004:00000804       $pdata$__acrt_FlsSetValue  000000018001a804     libucrt:winapi_thunks.obj
 0004:00000810       $pdata$__acrt_InitializeCriticalSectionEx 000000018001a810     libucrt:winapi_thunks.obj
 0004:0000081c       $pdata$__acrt_LCMapStringEx 000000018001a81c     libucrt:winapi_thunks.obj
 0004:00000828       $pdata$__acrt_LocaleNameToLCID 000000018001a828     libucrt:winapi_thunks.obj
 0004:00000834       $pdata$__acrt_initialize_winapi_thunks 000000018001a834     libucrt:winapi_thunks.obj
 0004:00000840       $pdata$__acrt_uninitialize_winapi_thunks 000000018001a840     libucrt:winapi_thunks.obj
 0004:0000084c       $pdata$__acrt_initialize_heap 000000018001a84c     libucrt:heap_handle.obj
 0004:00000858       $pdata$?initialize_inherited_file_handles_nolock@@YAXXZ 000000018001a858     libucrt:ioinit.obj
 0004:00000864       $pdata$?initialize_stdio_handles_nolock@@YAXXZ 000000018001a864     libucrt:ioinit.obj
 0004:00000870       $pdata$__acrt_initialize_lowio 000000018001a870     libucrt:ioinit.obj
 0004:0000087c       $pdata$__acrt_uninitialize_lowio 000000018001a87c     libucrt:ioinit.obj
 0004:00000888       $pdata$__acrt_execute_initializers 000000018001a888     libucrt:shared_initialization.obj
 0004:00000894       $pdata$__acrt_execute_uninitializers 000000018001a894     libucrt:shared_initialization.obj
 0004:000008a0       $pdata$_callnewh           000000018001a8a0     libucrt:new_handler.obj
 0004:000008ac       $pdata$_query_new_handler  000000018001a8ac     libucrt:new_handler.obj
 0004:000008b8       $pdata$??$?RV<lambda_450d765d439847d4c735a33c368b5fc0>@@AEAV<lambda_44731a7d0e6d81c3e6aa82d741081786>@@V<lambda_601a2a7da3b7a96e9554ac7215c4b07c>@@@?$__crt_seh_guarded_call@P6AXH@Z@@QEAAP6AXH@Z$$QEAV<lambda_450d765d439847d4c735a33c368b5fc0>@@AEAV<lambda_44731a7d0e6d81c3e6aa82d741081786>@@$$QEAV<lambda_601a2a7da3b7a96e9554ac7215c4b07c>@@@Z 000000018001a8b8     libucrt:signal.obj
 0004:000008c4       $pdata$__acrt_get_sigabrt_handler 000000018001a8c4     libucrt:signal.obj
 0004:000008d0       $pdata$raise               000000018001a8d0     libucrt:signal.obj
 0004:000008dc       $pdata$??$?RV<lambda_842d9ff0dc9ef11c61343bbaebe7f885>@@AEAV<lambda_c5860995281e5c4ce005b3de8f5874ee>@@V<lambda_d90129c13df834fdcbf8d2b88dafcf2d>@@@?$__crt_seh_guarded_call@X@@QEAAX$$QEAV<lambda_842d9ff0dc9ef11c61343bbaebe7f885>@@AEAV<lambda_c5860995281e5c4ce005b3de8f5874ee>@@$$QEAV<lambda_d90129c13df834fdcbf8d2b88dafcf2d>@@@Z 000000018001a8dc     libucrt:fflush.obj
 0004:000008e8       $pdata$??$?RV<lambda_886d6c58226a84441f68b9f2b8217b83>@@AEAV<lambda_ab61a845afdef5b7c387490eaf3616ee>@@V<lambda_f7f22ab5edc0698d5f6905b0d3f44752>@@@?$__crt_seh_guarded_call@X@@QEAAX$$QEAV<lambda_886d6c58226a84441f68b9f2b8217b83>@@AEAV<lambda_ab61a845afdef5b7c387490eaf3616ee>@@$$QEAV<lambda_f7f22ab5edc0698d5f6905b0d3f44752>@@@Z 000000018001a8e8     libucrt:fflush.obj
 0004:000008f4       $pdata$?common_flush_all@@YAH_N@Z 000000018001a8f4     libucrt:fflush.obj
 0004:00000900       $pdata$__acrt_stdio_flush_nolock 000000018001a900     libucrt:fflush.obj
 0004:0000090c       $pdata$_fflush_nolock      000000018001a90c     libucrt:fflush.obj
 0004:00000918       $pdata$__acrt_initialize_stdio 000000018001a918     libucrt:_file.obj
 0004:00000924       $pdata$__acrt_uninitialize_stdio 000000018001a924     libucrt:_file.obj
 0004:00000930       $pdata$_malloc_base        000000018001a930     libucrt:malloc_base.obj
 0004:0000093c       $pdata$_mbtowc_l           000000018001a93c     libucrt:mbtowc.obj
 0004:00000948       $pdata$_fileno             000000018001a948     libucrt:fileno.obj
 0004:00000954       $pdata$__pctype_func       000000018001a954     libucrt:ctype.obj
 0004:00000960       $pdata$_isctype_l          000000018001a960     libucrt:isctype.obj
 0004:0000096c       $pdata$_isleadbyte_l       000000018001a96c     libucrt:_wctype.obj
 0004:00000978       $pdata$?__acrt_LCMapStringA_stat@@YAHPEAU__crt_locale_pointers@@PEB_WKPEBDHPEADHHH@Z 000000018001a978     libucrt:lcmapstringa.obj
 0004:00000984       $pdata$__acrt_LCMapStringA 000000018001a984     libucrt:lcmapstringa.obj
 0004:00000990       $pdata$__acrt_free_locale  000000018001a990     libucrt:locale_refcounting.obj
 0004:0000099c       $pdata$__acrt_locale_free_lc_time_if_unreferenced 000000018001a99c     libucrt:locale_refcounting.obj
 0004:000009a8       $pdata$__acrt_release_locale_ref 000000018001a9a8     libucrt:locale_refcounting.obj
 0004:000009b4       $pdata$__acrt_update_thread_locale_data 000000018001a9b4     libucrt:locale_refcounting.obj
 0004:000009c0       $pdata$_updatetlocinfoEx_nolock 000000018001a9c0     libucrt:locale_refcounting.obj
 0004:000009cc       $pdata$__acrt_locale_free_monetary 000000018001a9cc     libucrt:initmon.obj
 0004:000009d8       $pdata$__acrt_locale_free_numeric 000000018001a9d8     libucrt:initnum.obj
 0004:000009e4       $pdata$?free_crt_array_internal@@YAXQEAPEBX_K@Z 000000018001a9e4     libucrt:inittime.obj
 0004:000009f0       $pdata$__acrt_locale_free_time 000000018001a9f0     libucrt:inittime.obj
 0004:000009fc       $pdata$__acrt_GetStringTypeA 000000018001a9fc     libucrt:getstringtypea.obj
 0004:00000a08       $pdata$qsort               000000018001aa08     libucrt:qsort.obj
 0004:00000a14       $pdata$4$qsort             000000018001aa14     libucrt:qsort.obj
 0004:00000a20       $pdata$5$qsort             000000018001aa20     libucrt:qsort.obj
 0004:00000a2c       $pdata$strncpy_s           000000018001aa2c     libucrt:strncpy_s.obj
 0004:00000a38       $pdata$fallbackMethod      000000018001aa38     libucrt:strpbrk.obj
 0004:00000a44       $pdata$strpbrk             000000018001aa44     libucrt:strpbrk.obj
 0004:00000a50       $pdata$_mbsdec_l           000000018001aa50     libucrt:mbsdec.obj
 0004:00000a5c       $pdata$?initialize_multibyte@@YAHXZ 000000018001aa5c     libucrt:multibyte_initializer.obj
 0004:00000a68       $pdata$_msize_base         000000018001aa68     libucrt:msize.obj
 0004:00000a74       $pdata$_realloc_base       000000018001aa74     libucrt:realloc_base.obj
 0004:00000a80       $pdata$?GetTableIndexFromLocaleName@@YAHPEB_W@Z 000000018001aa80     libucrt:lcidtoname_downlevel.obj
 0004:00000a8c       $pdata$__acrt_DownlevelLocaleNameToLCID 000000018001aa8c     libucrt:lcidtoname_downlevel.obj
 0004:00000a98       $pdata$__acrt_lowio_create_handle_array 000000018001aa98     libucrt:osfinfo.obj
 0004:00000aa4       $pdata$__acrt_lowio_destroy_handle_array 000000018001aaa4     libucrt:osfinfo.obj
 0004:00000ab0       $pdata$__acrt_lowio_ensure_fh_exists 000000018001aab0     libucrt:osfinfo.obj
 0004:00000abc       $pdata$_free_osfhnd        000000018001aabc     libucrt:osfinfo.obj
 0004:00000ac8       $pdata$_get_osfhandle      000000018001aac8     libucrt:osfinfo.obj
 0004:00000ad4       $pdata$??$?RV<lambda_a37b2b86f63e897a80ea819b0eb08c01>@@AEAV<lambda_38ce7e780aa69e748d6df282ebc68efe>@@V<lambda_99fb1378e971ab6e7edea83e3a7a83a2>@@@?$__crt_seh_guarded_call@H@@QEAAH$$QEAV<lambda_a37b2b86f63e897a80ea819b0eb08c01>@@AEAV<lambda_38ce7e780aa69e748d6df282ebc68efe>@@$$QEAV<lambda_99fb1378e971ab6e7edea83e3a7a83a2>@@@Z 000000018001aad4     libucrt:commit.obj
 0004:00000ae0       $pdata$_commit             000000018001aae0     libucrt:commit.obj
 0004:00000aec       $pdata$?write_double_translated_ansi_nolock@@YA?AUwrite_result@?A0x17268360@@HQEBDI@Z 000000018001aaec     libucrt:write.obj
 0004:00000af8       $pdata$?write_text_ansi_nolock@@YA?AUwrite_result@?A0x17268360@@HQEBDI@Z 000000018001aaf8     libucrt:write.obj
 0004:00000b04       $pdata$?write_text_utf16le_nolock@@YA?AUwrite_result@?A0x17268360@@HQEBDI@Z 000000018001ab04     libucrt:write.obj
 0004:00000b10       $pdata$?write_text_utf8_nolock@@YA?AUwrite_result@?A0x17268360@@HQEBDI@Z 000000018001ab10     libucrt:write.obj
 0004:00000b1c       $pdata$_write              000000018001ab1c     libucrt:write.obj
 0004:00000b28       $pdata$_write_nolock       000000018001ab28     libucrt:write.obj
 0004:00000b34       $pdata$_fcloseall          000000018001ab34     libucrt:closeall.obj
 0004:00000b40       $pdata$__acrt_stdio_free_buffer_nolock 000000018001ab40     libucrt:_freebuf.obj
 0004:00000b4c       $pdata$_isatty             000000018001ab4c     libucrt:isatty.obj
 0004:00000b58       $pdata$?__mbrtowc_utf8@__crt_mbstring@@YA_KPEA_WPEBD_KPEAU_Mbstatet@@@Z 000000018001ab58     libucrt:mbrtowc.obj
 0004:00000b64       $pdata$?__mbsrtowcs_utf8@__crt_mbstring@@YA_KPEA_WPEAPEBD_KPEAU_Mbstatet@@@Z 000000018001ab64     libucrt:mbrtowc.obj
 0004:00000b70       $pdata$??$common_lseek_nolock@_J@@YA_JH_JH@Z 000000018001ab70     libucrt:lseek.obj
 0004:00000b7c       $pdata$_putwch_nolock      000000018001ab7c     libucrt:putwch.obj
 0004:00000b88       $pdata$_fclose_nolock      000000018001ab88     libucrt:fclose.obj
 0004:00000b94       $pdata$fclose              000000018001ab94     libucrt:fclose.obj
 0004:00000ba0       $pdata$?__mbrtoc32_utf8@__crt_mbstring@@YA_KPEA_UPEBD_KPEAU_Mbstatet@@@Z 000000018001aba0     libucrt:mbrtoc32.obj
 0004:00000bb8       $pdata$__dcrt_lowio_ensure_console_output_initialized 000000018001abb8     libucrt:initcon.obj
 0004:00000bc4       $pdata$__dcrt_terminate_console_output 000000018001abc4     libucrt:initcon.obj
 0004:00000bd0       $pdata$__dcrt_write_console 000000018001abd0     libucrt:initcon.obj
 0004:00000bdc       $pdata$??$?RV<lambda_751a882b2c74d4b022dec766aa51a29a>@@AEAV<lambda_628dfdc04ba53c8bfc02c9951375f3f5>@@V<lambda_f6c7be5f7998530c34de24c7437d6b54>@@@?$__crt_seh_guarded_call@H@@QEAAH$$QEAV<lambda_751a882b2c74d4b022dec766aa51a29a>@@AEAV<lambda_628dfdc04ba53c8bfc02c9951375f3f5>@@$$QEAV<lambda_f6c7be5f7998530c34de24c7437d6b54>@@@Z 000000018001abdc     libucrt:close.obj
 0004:00000be8       $pdata$_close              000000018001abe8     libucrt:close.obj
 0004:00000bf4       $pdata$_close_nolock       000000018001abf4     libucrt:close.obj
 0004:00000c00       $pdata$_call_matherr       000000018001ac00     libucrt:libm_error.obj
 0004:00000c0c       $pdata$_exception_enabled  000000018001ac0c     libucrt:libm_error.obj
 0004:00000c18       $pdata$_handle_error       000000018001ac18     libucrt:libm_error.obj
 0004:00000c24       $pdata$__acrt_initialize_fma3 000000018001ac24     libucrt:fma3_available.obj
 0004:00000c30       $pdata$_log10_special      000000018001ac30     libucrt:log_special.obj
 0004:00000c3c       $pdata$_log_special_common 000000018001ac3c     libucrt:log_special.obj
 0004:00000c54       $pdata$_raise_exc          000000018001ac54     libucrt:fpexcept.obj
 0004:00000c60       $pdata$_raise_exc_ex       000000018001ac60     libucrt:fpexcept.obj
 0004:00000c6c       $pdata$_set_errno_from_matherr 000000018001ac6c     libucrt:fpexcept.obj
 0004:00000c78       $pdata$_clrfp              000000018001ac78     libucrt:fpctrl.obj
 0004:00000c84       $pdata$_ctrlfp             000000018001ac84     libucrt:fpctrl.obj
 0004:00000c90       $pdata$_set_statfp         000000018001ac90     libucrt:fpctrl.obj
 0004:00000c9c       $pdata$_statfp             000000018001ac9c     libucrt:fpctrl.obj
 0004:00000ca8       $pdata$?DloadAcquireSectionWriteAccess@@YAXXZ 000000018001aca8     DelayImp:delayhlp.obj
 0004:00000cb4       $pdata$?DloadGetSRWLockFunctionPointers@@YAEXZ 000000018001acb4     DelayImp:delayhlp.obj
 0004:00000cc0       $pdata$?DloadMakePermanentImageCommit@@YAXPEAX_K@Z 000000018001acc0     DelayImp:delayhlp.obj
 0004:00000ccc       $pdata$?DloadObtainSection@@YAPEAXPEAK0@Z 000000018001accc     DelayImp:delayhlp.obj
 0004:00000cd8       $pdata$?DloadProtectSection@@YAXKPEAK@Z 000000018001acd8     DelayImp:delayhlp.obj
 0004:00000ce4       $pdata$?DloadReleaseSectionWriteAccess@@YAXXZ 000000018001ace4     DelayImp:delayhlp.obj
 0004:00000cf0       $pdata$__delayLoadHelper2  000000018001acf0     DelayImp:delayhlp.obj
 0004:00000cfc       $pdata$_IsNonwritableInCurrentImage 000000018001acfc     LIBCMT:pesect.obj
 0004:00000d08       $pdata$__GSHandlerCheck    000000018001ad08     LIBCMT:gshandler.obj
 0004:00000d14       $pdata$__GSHandlerCheckCommon 000000018001ad14     LIBCMT:gshandler.obj
 0004:00000d44       $pdata$?fin$0@?0??dllmain_crt_process_attach@@YAHQEAUHINSTANCE__@@QEAX@Z@4HA 000000018001ad44     LIBCMT:dll_dllmain.obj
 0004:00000d50       $pdata$?fin$0@?0??dllmain_crt_process_detach@@YAH_N@Z@4HA 000000018001ad50     LIBCMT:dll_dllmain.obj
 0004:00000d5c       $pdata$?filt$0@?0??dllmain_dispatch@@YAHQEAUHINSTANCE__@@KQEAX@Z@4HA 000000018001ad5c     LIBCMT:dll_dllmain.obj
 0004:00000d68       $pdata$__scrt_is_nonwritable_in_current_image$filt$0 000000018001ad68     LIBCMT:utility.obj
 0004:00000d74       $pdata$__DestructExceptionObject$filt$0 000000018001ad74     libvcruntime:ehhelpers.obj
 0004:00000d80       $pdata$?fin$0@?0???$?RV<lambda_2d41944a1d46af3157314b8a01080d33>@@AEAV<lambda_8f455de75cd7d7f24b4096f044d8b9e6>@@V<lambda_aa500f224e6afead328df44964fe2772>@@@?$__crt_seh_guarded_call@X@@QEAAX$$QEAV<lambda_2d41944a1d46af3157314b8a01080d33>@@AEAV<lambda_8f455de75cd7d7f24b4096f044d8b9e6>@@$$QEAV<lambda_aa500f224e6afead328df44964fe2772>@@@Z@4HA 000000018001ad80     libucrt:per_thread_data.obj
 0004:00000d80       $pdata$?fin$0@?0???$?RV<lambda_efdfa57d1f175319df784efa44bb7b81>@@AEAV<lambda_5f0a4c1567f8adc6734073e5d1e1b35c>@@V<lambda_2e8a7d3640ea6ccb4c2413664c2db6fd>@@@?$__crt_seh_guarded_call@X@@QEAAX$$QEAV<lambda_efdfa57d1f175319df784efa44bb7b81>@@AEAV<lambda_5f0a4c1567f8adc6734073e5d1e1b35c>@@$$QEAV<lambda_2e8a7d3640ea6ccb4c2413664c2db6fd>@@@Z@4HA 000000018001ad80     libucrt:mbctype.obj
 0004:00000d80       $pdata$?fin$0@?0???$?RV<lambda_7777bce6b2f8c936911f934f8298dc43>@@AEAV<lambda_f03950bc5685219e0bcd2087efbe011e>@@V<lambda_3883c3dff614d5e0c5f61bb1ac94921c>@@@?$__crt_seh_guarded_call@H@@QEAAH$$QEAV<lambda_7777bce6b2f8c936911f934f8298dc43>@@AEAV<lambda_f03950bc5685219e0bcd2087efbe011e>@@$$QEAV<lambda_3883c3dff614d5e0c5f61bb1ac94921c>@@@Z@4HA 000000018001ad80     libucrt:onexit.obj
 0004:00000d80       $pdata$?fin$0@?0???$?RV<lambda_aa87e3671a710a21b5dc78c0bdf72e11>@@AEAV<lambda_92619d2358a28f41a33ba319515a20b9>@@V<lambda_6992ecaafeb10aed2b74cb1fae11a551>@@@?$__crt_seh_guarded_call@X@@QEAAX$$QEAV<lambda_aa87e3671a710a21b5dc78c0bdf72e11>@@AEAV<lambda_92619d2358a28f41a33ba319515a20b9>@@$$QEAV<lambda_6992ecaafeb10aed2b74cb1fae11a551>@@@Z@4HA 000000018001ad80     libucrt:per_thread_data.obj
 0004:00000d80       $pdata$?fin$0@?0???$?RV<lambda_f2e299630e499de9f9a165e60fcd3db5>@@AEAV<lambda_2ae9d31cdba2644fcbeaf08da7c24588>@@V<lambda_40d01ff24d0e7b3814fdbdcee8eab3c7>@@@?$__crt_seh_guarded_call@X@@QEAAX$$QEAV<lambda_f2e299630e499de9f9a165e60fcd3db5>@@AEAV<lambda_2ae9d31cdba2644fcbeaf08da7c24588>@@$$QEAV<lambda_40d01ff24d0e7b3814fdbdcee8eab3c7>@@@Z@4HA 000000018001ad80     libucrt:per_thread_data.obj
 0004:00000d80       $pdata$?fin$0@?0???$?RV<lambda_0ae27a3a962d80f24befdcbee591983d>@@AEAV<lambda_8d0ee55de4b1038c4002e0adecdf1839>@@V<lambda_dc504788e8f1664fe9b84e20bfb512f2>@@@?$__crt_seh_guarded_call@X@@QEAAX$$QEAV<lambda_0ae27a3a962d80f24befdcbee591983d>@@AEAV<lambda_8d0ee55de4b1038c4002e0adecdf1839>@@$$QEAV<lambda_dc504788e8f1664fe9b84e20bfb512f2>@@@Z@4HA 000000018001ad80     libucrt:per_thread_data.obj
 0004:00000d80       $pdata$?fin$0@?0???$?RV<lambda_d80eeec6fff315bfe5c115232f3240e3>@@AEAV<lambda_6e4b09c48022b2350581041d5f6b0c4c>@@V<lambda_2358e3775559c9db80273638284d5e45>@@@?$__crt_seh_guarded_call@X@@QEAAX$$QEAV<lambda_d80eeec6fff315bfe5c115232f3240e3>@@AEAV<lambda_6e4b09c48022b2350581041d5f6b0c4c>@@$$QEAV<lambda_2358e3775559c9db80273638284d5e45>@@@Z@4HA 000000018001ad80     libucrt:exit.obj
 0004:00000d80       $pdata$?fin$0@?0???$?RV<lambda_450d765d439847d4c735a33c368b5fc0>@@AEAV<lambda_44731a7d0e6d81c3e6aa82d741081786>@@V<lambda_601a2a7da3b7a96e9554ac7215c4b07c>@@@?$__crt_seh_guarded_call@P6AXH@Z@@QEAAP6AXH@Z$$QEAV<lambda_450d765d439847d4c735a33c368b5fc0>@@AEAV<lambda_44731a7d0e6d81c3e6aa82d741081786>@@$$QEAV<lambda_601a2a7da3b7a96e9554ac7215c4b07c>@@@Z@4HA 000000018001ad80     libucrt:signal.obj
 0004:00000d8c       $pdata$?filt$0@?0???R<lambda_6e4b09c48022b2350581041d5f6b0c4c>@@QEBA@XZ@4HA 000000018001ad8c     libucrt:exit.obj
 0004:00000d98       $pdata$?fin$0@?0???$?RV<lambda_410d79af7f07d98d83a3f525b3859a53>@@AEAV<lambda_3e16ef9562a7dcce91392c22ab16ea36>@@V<lambda_38119f0e861e05405d8a144b9b982f0a>@@@?$__crt_seh_guarded_call@X@@QEAAX$$QEAV<lambda_410d79af7f07d98d83a3f525b3859a53>@@AEAV<lambda_3e16ef9562a7dcce91392c22ab16ea36>@@$$QEAV<lambda_38119f0e861e05405d8a144b9b982f0a>@@@Z@4HA 000000018001ad98     libucrt:wsetlocale.obj
 0004:00000da4       $pdata$?fin$0@?0??update_thread_multibyte_data_internal@@YAPEAU__crt_multibyte_data@@QEAU__acrt_ptd@@QEAPEAU1@@Z@4HA 000000018001ada4     libucrt:mbctype.obj
 0004:00000db0       $pdata$__acrt_lowio_ensure_fh_exists$fin$0 000000018001adb0     libucrt:osfinfo.obj
 0004:00000db0       $pdata$__acrt_initialize_lowio$fin$0 000000018001adb0     libucrt:ioinit.obj
 0004:00000dbc       $pdata$_query_new_handler$fin$0 000000018001adbc     libucrt:new_handler.obj
 0004:00000dc8       $pdata$raise$fin$0         000000018001adc8     libucrt:signal.obj
 0004:00000dd4       $pdata$?fin$0@?0???$?RV<lambda_842d9ff0dc9ef11c61343bbaebe7f885>@@AEAV<lambda_c5860995281e5c4ce005b3de8f5874ee>@@V<lambda_d90129c13df834fdcbf8d2b88dafcf2d>@@@?$__crt_seh_guarded_call@X@@QEAAX$$QEAV<lambda_842d9ff0dc9ef11c61343bbaebe7f885>@@AEAV<lambda_c5860995281e5c4ce005b3de8f5874ee>@@$$QEAV<lambda_d90129c13df834fdcbf8d2b88dafcf2d>@@@Z@4HA 000000018001add4     libucrt:fflush.obj
 0004:00000de0       $pdata$?fin$0@?0???$?RV<lambda_886d6c58226a84441f68b9f2b8217b83>@@AEAV<lambda_ab61a845afdef5b7c387490eaf3616ee>@@V<lambda_f7f22ab5edc0698d5f6905b0d3f44752>@@@?$__crt_seh_guarded_call@X@@QEAAX$$QEAV<lambda_886d6c58226a84441f68b9f2b8217b83>@@AEAV<lambda_ab61a845afdef5b7c387490eaf3616ee>@@$$QEAV<lambda_f7f22ab5edc0698d5f6905b0d3f44752>@@@Z@4HA 000000018001ade0     libucrt:fflush.obj
 0004:00000dec       $pdata$__acrt_update_thread_locale_data$fin$0 000000018001adec     libucrt:locale_refcounting.obj
 0004:00000df8       $pdata$?fin$0@?0???$?RV<lambda_a37b2b86f63e897a80ea819b0eb08c01>@@AEAV<lambda_38ce7e780aa69e748d6df282ebc68efe>@@V<lambda_99fb1378e971ab6e7edea83e3a7a83a2>@@@?$__crt_seh_guarded_call@H@@QEAAH$$QEAV<lambda_a37b2b86f63e897a80ea819b0eb08c01>@@AEAV<lambda_38ce7e780aa69e748d6df282ebc68efe>@@$$QEAV<lambda_99fb1378e971ab6e7edea83e3a7a83a2>@@@Z@4HA 000000018001adf8     libucrt:commit.obj
 0004:00000df8       $pdata$?fin$0@?0???$?RV<lambda_751a882b2c74d4b022dec766aa51a29a>@@AEAV<lambda_628dfdc04ba53c8bfc02c9951375f3f5>@@V<lambda_f6c7be5f7998530c34de24c7437d6b54>@@@?$__crt_seh_guarded_call@H@@QEAAH$$QEAV<lambda_751a882b2c74d4b022dec766aa51a29a>@@AEAV<lambda_628dfdc04ba53c8bfc02c9951375f3f5>@@$$QEAV<lambda_f6c7be5f7998530c34de24c7437d6b54>@@@Z@4HA 000000018001adf8     libucrt:close.obj
 0004:00000e04       $pdata$_write$fin$0        000000018001ae04     libucrt:write.obj
 0004:00000e10       $pdata$_fcloseall$fin$0    000000018001ae10     libucrt:closeall.obj
 0004:00000e1c       $pdata$fclose$fin$0        000000018001ae1c     libucrt:fclose.obj
 0004:00000e28       $pdata$_ctrlfp$filt$0      000000018001ae28     libucrt:fpctrl.obj
 0004:00000e34       $pdata$_IsNonwritableInCurrentImage$filt$0 000000018001ae34     LIBCMT:pesect.obj
 0005:00000060       $R000000                   000000018001b060     * linker generated manifest res *

 Exports

  ordinal    name

        1    _register_index_
